BL51 BANKED LINKER/LOCATER V6.22.2.0                                                    06/01/2022  09:37:04  PAGE 1


BL51 BANKED LINKER/LOCATER V6.22.2.0, INVOKED BY:
D:\KEIL-C51\C51\BIN\BL51.EXE .\Objects\STARTUP.obj, .\Objects\main.obj, .\Objects\Driver.obj, .\Objects\LCD12864.obj, .\
>> Objects\GSM.obj, .\Objects\NameList.obj, .\Objects\Eeprom.obj, .\Objects\SysStatus.obj, .\Objects\UnlockPassword.obj,
>>  .\Objects\SysString.obj, .\Objects\Card.obj, .\Objects\CardRead.obj, .\Objects\Audio.obj, .\Objects\UART.obj, .\Obje
>> cts\timer.obj, .\Objects\GPIO.obj, .\Objects\Exti.obj, .\Objects\spi.obj TO .\Objects\GSM PRINT (.\Listings\GSM.m51) 
>> RAMSIZE (256)


MEMORY MODEL: LARGE


INPUT MODULES INCLUDED:
  .\Objects\STARTUP.obj (?C_STARTUP)
  .\Objects\main.obj (MAIN)
  .\Objects\Driver.obj (DRIVER)
  .\Objects\LCD12864.obj (LCD12864)
  .\Objects\GSM.obj (GSM)
  .\Objects\NameList.obj (NAMELIST)
  .\Objects\Eeprom.obj (EEPROM)
  .\Objects\SysStatus.obj (SYSSTATUS)
  .\Objects\UnlockPassword.obj (UNLOCKPASSWORD)
  .\Objects\SysString.obj (SYSSTRING)
  .\Objects\Card.obj (CARD)
  .\Objects\CardRead.obj (CARDREAD)
  .\Objects\Audio.obj (AUDIO)
  .\Objects\UART.obj (UART)
  .\Objects\timer.obj (TIMER)
  .\Objects\GPIO.obj (GPIO)
  .\Objects\Exti.obj (EXTI)
  .\Objects\spi.obj (SPI)
  D:\KEIL-C51\C51\LIB\C51L.LIB (?C_INIT)
  D:\KEIL-C51\C51\LIB\C51L.LIB (?C?COPY)
  D:\KEIL-C51\C51\LIB\C51L.LIB (?C?CLDPTR)
  D:\KEIL-C51\C51\LIB\C51L.LIB (?C?CLDOPTR)
  D:\KEIL-C51\C51\LIB\C51L.LIB (?C?CSTPTR)
  D:\KEIL-C51\C51\LIB\C51L.LIB (?C?CSTOPTR)
  D:\KEIL-C51\C51\LIB\C51L.LIB (?C?IMUL)
  D:\KEIL-C51\C51\LIB\C51L.LIB (?C?UIDIV)
  D:\KEIL-C51\C51\LIB\C51L.LIB (?C?IILDX)
  D:\KEIL-C51\C51\LIB\C51L.LIB (?C?ILDIX)
  D:\KEIL-C51\C51\LIB\C51L.LIB (?C?ILDPTR)
  D:\KEIL-C51\C51\LIB\C51L.LIB (?C?ILDOPTR)
  D:\KEIL-C51\C51\LIB\C51L.LIB (?C?LMUL)
  D:\KEIL-C51\C51\LIB\C51L.LIB (?C?ULDIV)
  D:\KEIL-C51\C51\LIB\C51L.LIB (?C?ULCMP)
  D:\KEIL-C51\C51\LIB\C51L.LIB (?C?ULSHR)
  D:\KEIL-C51\C51\LIB\C51L.LIB (?C?LSHL)
  D:\KEIL-C51\C51\LIB\C51L.LIB (?C?LLDOPTR)
  D:\KEIL-C51\C51\LIB\C51L.LIB (?C?LLDOPTR0)
  D:\KEIL-C51\C51\LIB\C51L.LIB (?C?LSTXDATA)
  D:\KEIL-C51\C51\LIB\C51L.LIB (?C?LSTKXDATA)
  D:\KEIL-C51\C51\LIB\C51L.LIB (?C?OFFXADD)
  D:\KEIL-C51\C51\LIB\C51L.LIB (?C?CCASE)
  D:\KEIL-C51\C51\LIB\C51L.LIB (?C?ICALL)
  D:\KEIL-C51\C51\LIB\C51L.LIB (PRINTF)
  D:\KEIL-C51\C51\LIB\C51L.LIB (SCANF)
  D:\KEIL-C51\C51\LIB\C51L.LIB (?C?ISTPTR)
  D:\KEIL-C51\C51\LIB\C51L.LIB (?C?LNEG)
BL51 BANKED LINKER/LOCATER V6.22.2.0                                                  06/01/2022  09:37:04  PAGE 2


  D:\KEIL-C51\C51\LIB\C51L.LIB (?C?LSTPTR)
  D:\KEIL-C51\C51\LIB\C51L.LIB (?C?LLDIDATA)
  D:\KEIL-C51\C51\LIB\C51L.LIB (?C?LLDXDATA)
  D:\KEIL-C51\C51\LIB\C51L.LIB (?C?LLDPDATA)
  D:\KEIL-C51\C51\LIB\C51L.LIB (?C?LLDCODE)
  D:\KEIL-C51\C51\LIB\C51L.LIB (?C?LLDIDATA0)
  D:\KEIL-C51\C51\LIB\C51L.LIB (?C?LLDXDATA0)
  D:\KEIL-C51\C51\LIB\C51L.LIB (?C?LLDPDATA0)
  D:\KEIL-C51\C51\LIB\C51L.LIB (?C?LLDCODE0)
  D:\KEIL-C51\C51\LIB\C51L.LIB (?C?PLDXDATA)
  D:\KEIL-C51\C51\LIB\C51L.LIB (?C?PLDIXDATA)
  D:\KEIL-C51\C51\LIB\C51L.LIB (?C?PILDXDATA)
  D:\KEIL-C51\C51\LIB\C51L.LIB (?C?PSTXDATA)
  D:\KEIL-C51\C51\LIB\C51L.LIB (GETCHAR)
  D:\KEIL-C51\C51\LIB\C51L.LIB (UNGETC)
  D:\KEIL-C51\C51\LIB\C51L.LIB (ISSPACE)
  D:\KEIL-C51\C51\LIB\C51L.LIB (?C?LSTIDATA)
  D:\KEIL-C51\C51\LIB\C51L.LIB (?C?LSTPDATA)
  D:\KEIL-C51\C51\LIB\C51L.LIB (_GETKEY)


LINK MAP OF MODULE:  .\Objects\GSM (?C_STARTUP)


            TYPE    BASE      LENGTH    RELOCATION   SEGMENT NAME
            -----------------------------------------------------

            * * * * * * *   D A T A   M E M O R Y   * * * * * * *
            REG     0000H     0008H     ABSOLUTE     "REG BANK 0"
            DATA    0008H     0005H     UNIT         _DATA_GROUP_
                    000DH     0013H                  *** GAP ***
            BIT     0020H.0   0001H.2   UNIT         _BIT_GROUP_
            BIT     0021H.2   0000H.3   UNIT         ?BI?GSM
            BIT     0021H.5   0000H.3   UNIT         ?BI?UNLOCKPASSWORD
            BIT     0022H.0   0000H.3   UNIT         ?BI?CARDREAD
            BIT     0022H.3   0000H.3   UNIT         ?BI?AUDIO
            BIT     0022H.6   0000H.2   UNIT         ?BI?LCD12864
            BIT     0023H.0   0000H.2   UNIT         ?BI?CARD
            BIT     0023H.2   0000H.1   UNIT         ?BI?NAMELIST
            BIT     0023H.3   0000H.1   UNIT         ?BI?TIMER
            BIT     0023H.4   0000H.1   UNIT         ?BI?SPI
            BIT     0023H.5   0000H.1   UNIT         ?BI?GETCHAR
                    0023H.6   0000H.2                *** GAP ***
            IDATA   0024H     0001H     UNIT         ?STACK

            * * * * * * *  X D A T A   M E M O R Y  * * * * * * *
            XDATA   0000H     089EH     UNIT         ?XD?AUDIO
            XDATA   089EH     0406H     UNIT         ?XD?LCD12864
            XDATA   0CA4H     03D8H     UNIT         ?XD?UART
            XDATA   107CH     00D1H     UNIT         _XDATA_GROUP_
            XDATA   114DH     0082H     UNIT         ?XD?SPI
            XDATA   11CFH     007AH     UNIT         ?XD?SYSSTATUS
            XDATA   1249H     0074H     UNIT         ?XD?GSM
            XDATA   12BDH     0056H     UNIT         ?XD?NAMELIST
            XDATA   1313H     0052H     UNIT         ?XD?CARDREAD
            XDATA   1365H     0014H     UNIT         ?XD?SYSSTRING
            XDATA   1379H     000CH     UNIT         ?XD?UNLOCKPASSWORD
BL51 BANKED LINKER/LOCATER V6.22.2.0                                                  06/01/2022  09:37:04  PAGE 3


            XDATA   1385H     000BH     UNIT         ?XD?DRIVER
            XDATA   1390H     0008H     UNIT         ?XD?CARD
            XDATA   1398H     0005H     UNIT         ?XD?_GETPSWBYROOM?UNLOCKPASSWORD
            XDATA   139DH     0003H     UNIT         ?XD?MAIN
            XDATA   13A0H     0003H     UNIT         ?XD?_DISPLAYCSQ?LCD12864
            XDATA   13A3H     0001H     UNIT         ?XD?TIMER
            XDATA   13A4H     0001H     UNIT         ?XD?GETCHAR

            * * * * * * *   C O D E   M E M O R Y   * * * * * * *
            CODE    0000H     0003H     ABSOLUTE     
            CODE    0003H     0003H     ABSOLUTE     
                    0006H     0005H                  *** GAP ***
            CODE    000BH     0003H     ABSOLUTE     
            CODE    000EH     000AH     UNIT         ?PR?CLEARNAMELIST?NAMELIST
                    0018H     0003H                  *** GAP ***
            CODE    001BH     0003H     ABSOLUTE     
                    001EH     0005H                  *** GAP ***
            CODE    0023H     0003H     ABSOLUTE     
            CODE    0026H     0025H     UNIT         ?PR?EDITNAMEITEMCON?NAMELIST
            CODE    004BH     0003H     ABSOLUTE     
            CODE    004EH     003DH     UNIT         ?PR?TIMER0_INT?TIMER
            CODE    008BH     0003H     ABSOLUTE     
            CODE    008EH     0015H     UNIT         ?PR?IIC_NACK?EEPROM
            CODE    00A3H     0003H     ABSOLUTE     
            CODE    00A6H     0840H     UNIT         ?CO?LCD12864
            CODE    08E6H     0598H     UNIT         ?C?LIB_CODE
            CODE    0E7EH     04E4H     UNIT         ?PR?_REVNAMELIST?NAMELIST
            CODE    1362H     04E1H     UNIT         ?PR?CHECKRFIDCARD?CARDREAD
            CODE    1843H     0485H     UNIT         ?CO?SYSSTRING
            CODE    1CC8H     047EH     UNIT         ?PR?_NAMEEDITKEY?NAMELIST
            CODE    2146H     044CH     UNIT         ?PR?_UART_CONFIGURATION?UART
            CODE    2592H     0425H     UNIT         ?PR?_PSWEDITKEY?UNLOCKPASSWORD
            CODE    29B7H     0404H     UNIT         ?PR?_MODEMRECEIVEHANDLE?GSM
            CODE    2DBBH     0365H     UNIT         ?PR?PRINTF?PRINTF
            CODE    3120H     035DH     UNIT         ?CO?GSM
            CODE    347DH     032DH     UNIT         ?PR?GSM_INITTASK?GSM
            CODE    37AAH     0326H     UNIT         ?PR?_SHOWPSW?UNLOCKPASSWORD
            CODE    3AD0H     0322H     UNIT         ?PR?SCANF?SCANF
            CODE    3DF2H     02C1H     UNIT         ?PR?_SYSPSWEDITKEY?UNLOCKPASSWORD
            CODE    40B3H     0273H     UNIT         ?PR?_SHOWNAME?NAMELIST
            CODE    4326H     0254H     UNIT         ?PR?_GPIO_INILIZE?GPIO
            CODE    457AH     0252H     UNIT         ?PR?_SHOWCARD?CARD
            CODE    47CCH     023CH     UNIT         ?C_INITSEG
            CODE    4A08H     022FH     UNIT         ?PR?_NAMEDELETEKEY?NAMELIST
            CODE    4C37H     0222H     UNIT         ?PR?MAIN?MAIN
            CODE    4E59H     01F0H     UNIT         ?PR?_TIMER_INILIZE?TIMER
            CODE    5049H     01E5H     UNIT         ?PR?SHOWSUBPARA?SYSSTATUS
            CODE    522EH     01CEH     UNIT         ?PR?_SAVESUBPARA?SYSSTATUS
            CODE    53FCH     01B8H     UNIT         ?PR?_CARDDELETEKEY?CARD
            CODE    55B4H     01B2H     UNIT         ?PR?_CARDEDITKEY?CARD
            CODE    5766H     01AAH     UNIT         ?PR?_PSWDELETEKEY?UNLOCKPASSWORD
            CODE    5910H     0188H     UNIT         ?PR?_SYSSUBSETKEY?SYSSTATUS
            CODE    5A98H     0183H     UNIT         ?PR?WAVREADTASK?AUDIO
            CODE    5C1BH     017DH     UNIT         ?PR?_SYSKEY?SYSSTATUS
            CODE    5D98H     017AH     UNIT         ?PR?_ATCMDCB_CPIN?GSM
            CODE    5F12H     0172H     UNIT         ?PR?_SUBSETCON?SYSSTATUS
            CODE    6084H     0170H     UNIT         ?PR?_ATCMDCB_CREG?GSM
BL51 BANKED LINKER/LOCATER V6.22.2.0                                                  06/01/2022  09:37:04  PAGE 4


            CODE    61F4H     0169H     UNIT         ?PR?_ATCMDCB_CSQ?GSM
            CODE    635DH     014DH     UNIT         ?PR?_WRITELCD?LCD12864
            CODE    64AAH     0148H     UNIT         ?PR?_PSWINPUTKEY?UNLOCKPASSWORD
            CODE    65F2H     0147H     UNIT         ?PR?_SYSIDLEKEY?SYSSTATUS
            CODE    6739H     0142H     UNIT         ?PR?SKEYSCAN?DRIVER
            CODE    687BH     012FH     UNIT         ?PR?INITSYSPARA?SYSSTATUS
            CODE    69AAH     0121H     UNIT         ?PR?_GSMUARTCMD?GSM
            CODE    6ACBH     011EH     UNIT         ?PR?KEYSCAN?DRIVER
            CODE    6BE9H     010DH     UNIT         ?PR?CARDIRQ?CARDREAD
            CODE    6CF6H     0100H     UNIT         ?PR?_INPUTSYSPSW?SYSSTATUS
            CODE    6DF6H     00FDH     UNIT         ?CO?NAMELIST
            CODE    6EF3H     00FCH     UNIT         ?PR?_SYSINPUTROOM?SYSSTATUS
            CODE    6FEFH     00F8H     UNIT         ?PR?_LOOKFORSTR?DRIVER
            CODE    70E7H     00ECH     UNIT         ?PR?_CALLBYNAMEITEM?NAMELIST
            CODE    71D3H     00E8H     UNIT         ?PR?GPIO_CONFIG?DRIVER
            CODE    72BBH     00DEH     UNIT         ?PR?_ADDCARDITEM?CARD
            CODE    7399H     00CFH     UNIT         ?PR?_SYSSETTINGKEY?SYSSTATUS
            CODE    7468H     00CBH     UNIT         ?CO?SYSSTATUS
            CODE    7533H     00C0H     UNIT         ?PR?NAMEEDITCHAGETYPE?NAMELIST
            CODE    75F3H     00A1H     UNIT         ?PR?INITUSERPARA?SYSSTATUS
            CODE    7694H     00A0H     UNIT         ?PR?_CHECKCARD?CARD
            CODE    7734H     009EH     UNIT         ?PR?_SHOWMAIN?SYSSTRING
            CODE    77D2H     009AH     UNIT         ?PR?UART3_INT?UART
            CODE    786CH     0099H     UNIT         ?PR?_SPI_FLASH_READ?SPI
            CODE    7905H     0098H     UNIT         ?PR?_SPI_INIT?SPI
            CODE    799DH     0095H     UNIT         ?PR?_MP3_STARTPLAY?AUDIO
            CODE    7A32H     008EH     UNIT         ?PR?UART1_INT?UART
            CODE    7AC0H     008CH     UNIT         ?C_C51STARTUP
            CODE    7B4CH     008BH     UNIT         ?PR?_DISPLAYFL?LCD12864
            CODE    7BD7H     008BH     UNIT         ?PR?NAMESETCON?NAMELIST
            CODE    7C62H     008BH     UNIT         ?PR?_WRITEBUF_AT24C02?EEPROM
            CODE    7CEDH     008BH     UNIT         ?PR?PSWSETCON?UNLOCKPASSWORD
            CODE    7D78H     008BH     UNIT         ?PR?CARDSETCON?CARD
            CODE    7E03H     0085H     UNIT         ?PR?_GETIDXBYROOM?SYSSTATUS
            CODE    7E88H     0085H     UNIT         ?PR?SHOWGSMCSQ?SYSSTRING
            CODE    7F0DH     0083H     UNIT         ?PR?_GSM_SETVOLUM?GSM
            CODE    7F90H     0083H     UNIT         ?PR?SHOWINPUTPSW?SYSSTATUS
            CODE    8013H     0080H     UNIT         ?PR?_ADDPSWITEM?UNLOCKPASSWORD
            CODE    8093H     007CH     UNIT         ?PR?_BITBLT?LCD12864
            CODE    810FH     0078H     UNIT         ?PR?_CHECKPSW?UNLOCKPASSWORD
            CODE    8187H     0077H     UNIT         ?PR?_ADDNAMEITEM?NAMELIST
            CODE    81FEH     0077H     UNIT         ?PR?PWMTASK?AUDIO
            CODE    8275H     0070H     UNIT         ?PR?_WRITELCDICO?LCD12864
            CODE    82E5H     006FH     UNIT         ?PR?_DELNAMEITEMBYIDX?NAMELIST
            CODE    8354H     006FH     UNIT         ?PR?_DELPSWBYIDX?UNLOCKPASSWORD
            CODE    83C3H     006FH     UNIT         ?PR?_DELCARDBYIDX?CARD
            CODE    8432H     006BH     UNIT         ?PR?_DISPLAYCSQ?LCD12864
            CODE    849DH     006BH     UNIT         ?PR?_SYSCARD?SYSSTATUS
            CODE    8508H     0067H     UNIT         ?PR?SHOWINPUTROOM?SYSSTATUS
            CODE    856FH     0064H     UNIT         ?PR?_GSM_CALL?GSM
            CODE    85D3H     0063H     UNIT         ?PR?_READBUF_AT24C02?EEPROM
            CODE    8636H     0063H     UNIT         ?PR?_EXT_INILIZE?EXTI
            CODE    8699H     005AH     UNIT         ?PR?_HS_STRCPY?DRIVER
            CODE    86F3H     0056H     UNIT         ?PR?UART_CONFIG?DRIVER
            CODE    8749H     0056H     UNIT         ?PR?_BEEP_STARTPLAY?AUDIO
            CODE    879FH     0054H     UNIT         ?PR?_READROOMBYIDX?SYSSTATUS
            CODE    87F3H     004FH     UNIT         ?PR?TIMER_CONFIG?DRIVER
BL51 BANKED LINKER/LOCATER V6.22.2.0                                                  06/01/2022  09:37:04  PAGE 5


            CODE    8842H     004BH     UNIT         ?PR?_SYSTALKKEY?SYSSTATUS
            CODE    888DH     0049H     UNIT         ?PR?_GETNAMEITEMBYROOM?NAMELIST
            CODE    88D6H     0049H     UNIT         ?PR?_GETPSWBYROOM?UNLOCKPASSWORD
            CODE    891FH     0049H     UNIT         ?PR?SPI_TRANSIVION?SPI
            CODE    8968H     0048H     UNIT         ?PR?UARTTASK?UART
            CODE    89B0H     0044H     UNIT         ?PR?_HS_MEMCPY?DRIVER
            CODE    89F4H     0043H     UNIT         ?PR?SHOWTALKTIME?SYSSTRING
            CODE    8A37H     0040H     UNIT         ?PR?KEYBEEPTASK?AUDIO
            CODE    8A77H     0040H     UNIT         ?PR?EXT_INT0?EXTI
            CODE    8AB7H     003BH     UNIT         ?PR?_WRITENAMEITEMBYIDX?NAMELIST
            CODE    8AF2H     003BH     UNIT         ?PR?_CARDEDITCARDIN?CARD
            CODE    8B2DH     003BH     UNIT         ?PR?TIMER4_INT?TIMER
            CODE    8B68H     0039H     UNIT         ?PR?_IIC_SEND_BYTE?EEPROM
            CODE    8BA1H     0038H     UNIT         ?PR?SYSSETTINGCON?SYSSTATUS
            CODE    8BD9H     0037H     UNIT         ?CO?AUDIO
            CODE    8C10H     0035H     UNIT         ?CO?DRIVER
            CODE    8C45H     0033H     UNIT         ?PR?DELETECARDCON?CARD
            CODE    8C78H     0033H     UNIT         ?PR?_PRINTSTRING3?UART
            CODE    8CABH     0032H     UNIT         ?PR?FLASHTASK?LCD12864
            CODE    8CDDH     0032H     UNIT         ?PR?CARDMSTASK?CARDREAD
            CODE    8D0FH     0031H     UNIT         ?PR?_WRITECARDBYIDX?CARD
            CODE    8D40H     0031H     UNIT         ?PR?_READCARDBYIDX?CARD
            CODE    8D71H     0030H     UNIT         ?PR?_READNAMEITEMBYIDX?NAMELIST
            CODE    8DA1H     002FH     UNIT         ?PR?_ATCMDCB_AT?GSM
            CODE    8DD0H     002FH     UNIT         ?PR?_ATCMDCB_CLCC?GSM
            CODE    8DFFH     002FH     UNIT         ?PR?_INPUTROOMCON?SYSSTATUS
            CODE    8E2EH     002FH     UNIT         ?PR?MP3_STOP?AUDIO
            CODE    8E5DH     002EH     UNIT         ?PR?_MEMISEMPTY?DRIVER
            CODE    8E8BH     002EH     UNIT         ?PR?IIC_READ_BYTE?EEPROM
            CODE    8EB9H     002CH     UNIT         ?PR?_CLEARBUF?DRIVER
            CODE    8EE5H     002CH     UNIT         ?PR?TIMER1_INT?TIMER
            CODE    8F11H     002BH     UNIT         ?PR?_GSM_SEND_DTMF?GSM
            CODE    8F3CH     002AH     UNIT         ?PR?GSM_GETCSQ?GSM
            CODE    8F66H     0029H     UNIT         ?PR?SYSIDLECON?SYSSTATUS
            CODE    8F8FH     0029H     UNIT         ?PR?_DELCARDBYCARD?CARD
            CODE    8FB8H     0029H     UNIT         ?PR?SPI_CONFIG?AUDIO
            CODE    8FE1H     0028H     UNIT         ?PR?_WRITEPSWBYIDX?UNLOCKPASSWORD
            CODE    9009H     0028H     UNIT         ?PR?PWM_CONFIG?AUDIO
            CODE    9031H     0028H     UNIT         ?PR?_TX3_WRITE2BUFF?UART
            CODE    9059H     0027H     UNIT         ?PR?_TX1_WRITE2BUFF?UART
            CODE    9080H     0026H     UNIT         ?PR?_DELAY?DRIVER
            CODE    90A6H     0026H     UNIT         ?PR?_STRLEN?DRIVER
            CODE    90CCH     0025H     UNIT         ?PR?DELETENAMECON?NAMELIST
            CODE    90F1H     0025H     UNIT         ?PR?IIC_ACK?EEPROM
            CODE    9116H     0025H     UNIT         ?PR?_DELPSWBYROOM?UNLOCKPASSWORD
            CODE    913BH     0025H     UNIT         ?PR?EDITPSWCON?UNLOCKPASSWORD
            CODE    9160H     0025H     UNIT         ?PR?DELETEPSWCON?UNLOCKPASSWORD
            CODE    9185H     0025H     UNIT         ?PR?EDITSYSPSWCON?UNLOCKPASSWORD
            CODE    91AAH     0025H     UNIT         ?PR?_DELCARDBYROOM?CARD
            CODE    91CFH     0025H     UNIT         ?PR?EDITCARDCON?CARD
            CODE    91F4H     0024H     UNIT         ?CO?MAIN
            CODE    9218H     0024H     UNIT         ?PR?INIT_12864?LCD12864
            CODE    923CH     0024H     UNIT         ?PR?GSM_REPOWER?GSM
            CODE    9260H     0024H     UNIT         ?PR?INPUTPSWCON?UNLOCKPASSWORD
            CODE    9284H     0024H     UNIT         ?CO?UNLOCKPASSWORD
            CODE    92A8H     0023H     UNIT         ?PR?SAVENAMECOUNT?NAMELIST
            CODE    92CBH     0023H     UNIT         ?PR?SAVEPSWCOUNT?UNLOCKPASSWORD
BL51 BANKED LINKER/LOCATER V6.22.2.0                                                  06/01/2022  09:37:04  PAGE 6


            CODE    92EEH     0023H     UNIT         ?PR?SAVECARDCOUNT?CARD
            CODE    9311H     0022H     UNIT         ?PR?_LCD_WDAT?LCD12864
            CODE    9333H     0022H     UNIT         ?PR?GSM_STARTINIT?GSM
            CODE    9355H     0022H     UNIT         ?PR?_SHOWNAMEBYIDX?NAMELIST
            CODE    9377H     0021H     UNIT         ?PR?_NAMESETKEY?NAMELIST
            CODE    9398H     0021H     UNIT         ?PR?_PSWSETKEY?UNLOCKPASSWORD
            CODE    93B9H     0021H     UNIT         ?PR?_CARDSETKEY?CARD
            CODE    93DAH     0020H     UNIT         ?PR?_UNLOCK?DRIVER
            CODE    93FAH     0020H     UNIT         ?CO?CARDREAD
            CODE    941AH     001DH     UNIT         ?PR?LCD_BUSY?LCD12864
            CODE    9437H     001DH     UNIT         ?PR?_CHECKUNICODE?LCD12864
            CODE    9454H     001DH     UNIT         ?PR?INPUTSYSPSWCON?SYSSTATUS
            CODE    9471H     001DH     UNIT         ?PR?_READPSWBYIDX?UNLOCKPASSWORD
            CODE    948EH     001DH     UNIT         ?PR?SAVESYSPSW?UNLOCKPASSWORD
            CODE    94ABH     001BH     UNIT         ?PR?LCDCLEAR?LCD12864
            CODE    94C6H     001BH     UNIT         ?PR?_SPI_READWRITEBYTE?SPI
            CODE    94E1H     001AH     UNIT         ?PR?CARDREADINIT?CARDREAD
            CODE    94FBH     0019H     UNIT         ?PR?EXTI_CONFIG?DRIVER
            CODE    9514H     0019H     UNIT         ?PR?RELAYTASK?DRIVER
            CODE    952DH     0019H     UNIT         ?PR?GSM_HUANGUP?GSM
            CODE    9546H     0019H     UNIT         ?PR?SHOWUNLOCK?SYSSTRING
            CODE    955FH     0019H     UNIT         ?PR?UART1CLEAR?UART
            CODE    9578H     0019H     UNIT         ?PR?UART3CLEAR?UART
            CODE    9591H     0018H     UNIT         ?PR?_LCD_WCMD?LCD12864
            CODE    95A9H     0017H     UNIT         ?PR?_NAMEDELALLKEY?NAMELIST
            CODE    95C0H     0017H     UNIT         ?PR?_PSWDELALLKEY?UNLOCKPASSWORD
            CODE    95D7H     0017H     UNIT         ?PR?_CARDDELALLKEY?CARD
            CODE    95EEH     0017H     UNIT         ?CO?CARD
            CODE    9605H     0016H     UNIT         ?PR?_HBSTRLEN?DRIVER
            CODE    961BH     0016H     UNIT         ?PR?_DISPLAYSTRING?LCD12864
            CODE    9631H     0016H     UNIT         ?PR?DELETEALLNAMECON?NAMELIST
            CODE    9647H     0016H     UNIT         ?PR?IIC_START?EEPROM
            CODE    965DH     0016H     UNIT         ?PR?IIC_STOP?EEPROM
            CODE    9673H     0016H     UNIT         ?PR?DELETEALLPSWCON?UNLOCKPASSWORD
            CODE    9689H     0016H     UNIT         ?PR?DELETEALLCARDCON?CARD
            CODE    969FH     0015H     UNIT         ?PR?SHOWSAVEOK?SYSSTRING
            CODE    96B4H     0015H     UNIT         ?PR?SHOWCARDERR?SYSSTRING
            CODE    96C9H     0014H     UNIT         ?PR?GETCHAR?GETCHAR
            CODE    96DDH     0014H     UNIT         ?PR?_ISSPACE?ISSPACE
            CODE    96F1H     0013H     UNIT         ?PR?INITNAMELIST?NAMELIST
            CODE    9704H     0013H     UNIT         ?PR?IIC_AACK?EEPROM
            CODE    9717H     0013H     UNIT         ?PR?INITPSW?UNLOCKPASSWORD
            CODE    972AH     0013H     UNIT         ?PR?INITCARD?CARD
            CODE    973DH     0012H     UNIT         ?PR?_DISPLAYICO?LCD12864
            CODE    974FH     0012H     UNIT         ?PR?_IIC_DELAYMS?EEPROM
            CODE    9761H     0011H     UNIT         ?PR?_DELNAMEITEMBYROOM?NAMELIST
            CODE    9772H     0010H     UNIT         ?PR?LCDADDROW?LCD12864
            CODE    9782H     0010H     UNIT         ?PR?SHOWCONFIRMSAVE?SYSSTRING
            CODE    9792H     0010H     UNIT         ?PR?SHOWCONFIRMDEL?SYSSTRING
            CODE    97A2H     0010H     UNIT         ?PR?SHOWERR?SYSSTRING
            CODE    97B2H     0010H     UNIT         ?PR?SHOWDELETEOK?SYSSTRING
            CODE    97C2H     0010H     UNIT         ?PR?SHOWGSMERR?SYSSTRING
            CODE    97D2H     0010H     UNIT         ?PR?SHOWROOMERR?SYSSTRING
            CODE    97E2H     0010H     UNIT         ?PR?SHOWRESET?SYSSTRING
            CODE    97F2H     000EH     UNIT         ?PR?_PUTCHAR?DRIVER
            CODE    9800H     000AH     UNIT         ?PR?CLEARPSW?UNLOCKPASSWORD
            CODE    980AH     000AH     UNIT         ?PR?CLEARCARD?CARD
BL51 BANKED LINKER/LOCATER V6.22.2.0                                                  06/01/2022  09:37:04  PAGE 7


            CODE    9814H     000AH     UNIT         ?PR?_GETKEY?_GETKEY
            CODE    981EH     0009H     UNIT         ?PR?_SETFLASH?LCD12864
            CODE    9827H     0008H     UNIT         ?PR?GETCHAR?UNGETCHAR



OVERLAY MAP OF MODULE:   .\Objects\GSM (?C_STARTUP)


SEGMENT                                       BIT_GROUP          DATA_GROUP          XDATA_GROUP
  +--> CALLED SEGMENT                      START    LENGTH     START    LENGTH     START    LENGTH
--------------------------------------------------------------------------------------------------
?C_C51STARTUP                              -----    -----      -----    -----      -----    -----
  +--> ?PR?MAIN?MAIN
  +--> ?C_INITSEG

?PR?MAIN?MAIN                              -----    -----      -----    -----      -----    -----
  +--> ?PR?_DELAY?DRIVER
  +--> ?PR?GPIO_CONFIG?DRIVER
  +--> ?PR?TIMER_CONFIG?DRIVER
  +--> ?PR?UART_CONFIG?DRIVER
  +--> ?PR?EXTI_CONFIG?DRIVER
  +--> ?PR?SPI_CONFIG?AUDIO
  +--> ?PR?PWM_CONFIG?AUDIO
  +--> ?PR?INIT_12864?LCD12864
  +--> ?PR?INITSYSPARA?SYSSTATUS
  +--> ?PR?INITUSERPARA?SYSSTATUS
  +--> ?PR?GSM_STARTINIT?GSM
  +--> ?PR?CARDREADINIT?CARDREAD
  +--> ?PR?SYSIDLECON?SYSSTATUS
  +--> ?PR?_REVNAMELIST?NAMELIST
  +--> ?PR?UART1CLEAR?UART
  +--> ?CO?MAIN
  +--> ?PR?PRINTF?PRINTF
  +--> ?PR?_GSMUARTCMD?GSM
  +--> ?PR?UART3CLEAR?UART
  +--> ?PR?WAVREADTASK?AUDIO
  +--> ?PR?_UNLOCK?DRIVER
  +--> ?PR?UARTTASK?UART
  +--> ?PR?KEYSCAN?DRIVER
  +--> ?PR?_BEEP_STARTPLAY?AUDIO
  +--> ?PR?_SYSKEY?SYSSTATUS
  +--> ?PR?SKEYSCAN?DRIVER
  +--> ?PR?CARDMSTASK?CARDREAD
  +--> ?PR?GSM_INITTASK?GSM
  +--> ?PR?FLASHTASK?LCD12864
  +--> ?PR?RELAYTASK?DRIVER
  +--> ?PR?SHOWTALKTIME?SYSSTRING
  +--> ?PR?GSM_HUANGUP?GSM
  +--> ?PR?_SHOWMAIN?SYSSTRING
  +--> ?PR?_NAMEEDITKEY?NAMELIST
  +--> ?PR?CHECKRFIDCARD?CARDREAD
  +--> ?PR?_SYSCARD?SYSSTATUS

?PR?GPIO_CONFIG?DRIVER                     -----    -----      -----    -----      107CH    0002H
  +--> ?PR?_GPIO_INILIZE?GPIO

BL51 BANKED LINKER/LOCATER V6.22.2.0                                                  06/01/2022  09:37:04  PAGE 8


?PR?TIMER_CONFIG?DRIVER                    -----    -----      -----    -----      107CH    0008H
  +--> ?PR?_TIMER_INILIZE?TIMER

?PR?UART_CONFIG?DRIVER                     -----    -----      -----    -----      107CH    000CH
  +--> ?PR?_UART_CONFIGURATION?UART
  +--> ?CO?DRIVER
  +--> ?PR?PRINTF?PRINTF
  +--> ?PR?_TX3_WRITE2BUFF?UART

?PR?_UART_CONFIGURATION?UART               -----    -----      -----    -----      1088H    000AH

?PR?PRINTF?PRINTF                          0020H.1  0001H.1    0008H    0005H      1124H    0028H
  +--> ?PR?_PUTCHAR?DRIVER

?PR?_PUTCHAR?DRIVER                        -----    -----      -----    -----      114CH    0001H
  +--> ?PR?_TX1_WRITE2BUFF?UART

?PR?EXTI_CONFIG?DRIVER                     -----    -----      -----    -----      107CH    0003H
  +--> ?PR?_EXT_INILIZE?EXTI

?PR?SPI_CONFIG?AUDIO                       -----    -----      -----    -----      107CH    0009H
  +--> ?PR?_SPI_INIT?SPI

?PR?INIT_12864?LCD12864                    -----    -----      -----    -----      -----    -----
  +--> ?PR?_LCD_WCMD?LCD12864

?PR?_LCD_WCMD?LCD12864                     -----    -----      -----    -----      -----    -----
  +--> ?PR?LCD_BUSY?LCD12864

?PR?LCD_BUSY?LCD12864                      0020H.2  0000H.1    -----    -----      -----    -----

?PR?INITSYSPARA?SYSSTATUS                  0020H.0  0000H.1    -----    -----      -----    -----
  +--> ?PR?_READBUF_AT24C02?EEPROM
  +--> ?PR?_WRITEBUF_AT24C02?EEPROM
  +--> ?CO?SYSSTATUS
  +--> ?PR?PRINTF?PRINTF

?PR?_READBUF_AT24C02?EEPROM                -----    -----      -----    -----      1125H    0008H
  +--> ?PR?IIC_ACK?EEPROM
  +--> ?PR?_IIC_SEND_BYTE?EEPROM
  +--> ?PR?IIC_START?EEPROM
  +--> ?PR?IIC_READ_BYTE?EEPROM
  +--> ?PR?IIC_AACK?EEPROM
  +--> ?PR?IIC_NACK?EEPROM
  +--> ?PR?IIC_STOP?EEPROM

?PR?IIC_ACK?EEPROM                         -----    -----      -----    -----      -----    -----
  +--> ?PR?IIC_START?EEPROM
  +--> ?PR?_IIC_SEND_BYTE?EEPROM

?PR?_WRITEBUF_AT24C02?EEPROM               -----    -----      -----    -----      1125H    0007H
  +--> ?PR?_IIC_SEND_BYTE?EEPROM
  +--> ?PR?IIC_ACK?EEPROM
  +--> ?PR?IIC_STOP?EEPROM
  +--> ?PR?_IIC_DELAYMS?EEPROM

?PR?INITUSERPARA?SYSSTATUS                 -----    -----      -----    -----      -----    -----
BL51 BANKED LINKER/LOCATER V6.22.2.0                                                  06/01/2022  09:37:04  PAGE 9


  +--> ?PR?_READBUF_AT24C02?EEPROM
  +--> ?PR?_WRITEBUF_AT24C02?EEPROM
  +--> ?CO?SYSSTATUS
  +--> ?PR?PRINTF?PRINTF
  +--> ?PR?INITNAMELIST?NAMELIST
  +--> ?PR?INITPSW?UNLOCKPASSWORD
  +--> ?PR?INITCARD?CARD

?PR?INITNAMELIST?NAMELIST                  -----    -----      -----    -----      -----    -----
  +--> ?PR?CLEARNAMELIST?NAMELIST

?PR?CLEARNAMELIST?NAMELIST                 -----    -----      -----    -----      -----    -----
  +--> ?PR?SAVENAMECOUNT?NAMELIST

?PR?SAVENAMECOUNT?NAMELIST                 -----    -----      -----    -----      -----    -----
  +--> ?PR?_WRITEBUF_AT24C02?EEPROM

?PR?INITPSW?UNLOCKPASSWORD                 -----    -----      -----    -----      -----    -----
  +--> ?PR?CLEARPSW?UNLOCKPASSWORD

?PR?CLEARPSW?UNLOCKPASSWORD                -----    -----      -----    -----      -----    -----
  +--> ?PR?SAVEPSWCOUNT?UNLOCKPASSWORD

?PR?SAVEPSWCOUNT?UNLOCKPASSWORD            -----    -----      -----    -----      -----    -----
  +--> ?PR?_WRITEBUF_AT24C02?EEPROM

?PR?INITCARD?CARD                          -----    -----      -----    -----      -----    -----
  +--> ?PR?CLEARCARD?CARD

?PR?CLEARCARD?CARD                         -----    -----      -----    -----      -----    -----
  +--> ?PR?SAVECARDCOUNT?CARD

?PR?SAVECARDCOUNT?CARD                     -----    -----      -----    -----      -----    -----
  +--> ?PR?_WRITEBUF_AT24C02?EEPROM

?PR?GSM_STARTINIT?GSM                      -----    -----      -----    -----      -----    -----
  +--> ?CO?GSM
  +--> ?PR?PRINTF?PRINTF

?PR?SYSIDLECON?SYSSTATUS                   -----    -----      -----    -----      -----    -----
  +--> ?PR?_SHOWMAIN?SYSSTRING

?PR?_SHOWMAIN?SYSSTRING                    -----    -----      -----    -----      1088H    0001H
  +--> ?PR?LCDCLEAR?LCD12864
  +--> ?CO?SYSSTRING
  +--> ?PR?_DISPLAYSTRING?LCD12864
  +--> ?PR?_DISPLAYICO?LCD12864
  +--> ?PR?SHOWGSMCSQ?SYSSTRING

?PR?LCDCLEAR?LCD12864                      -----    -----      -----    -----      -----    -----
  +--> ?PR?_LCD_WCMD?LCD12864
  +--> ?PR?_CLEARBUF?DRIVER
  +--> ?PR?_SETFLASH?LCD12864

?PR?_CLEARBUF?DRIVER                       -----    -----      -----    -----      1124H    0003H

?PR?_DISPLAYSTRING?LCD12864                -----    -----      -----    -----      -----    -----
BL51 BANKED LINKER/LOCATER V6.22.2.0                                                  06/01/2022  09:37:04  PAGE 10


  +--> ?PR?_WRITELCD?LCD12864
  +--> ?PR?_BITBLT?LCD12864

?PR?_WRITELCD?LCD12864                     -----    -----      -----    -----      1124H    0008H
  +--> ?PR?_CHECKUNICODE?LCD12864
  +--> ?PR?LCDADDROW?LCD12864
  +--> ?CO?LCD12864

?PR?_BITBLT?LCD12864                       -----    -----      -----    -----      1124H    0007H
  +--> ?PR?_LCD_WCMD?LCD12864
  +--> ?PR?WAVREADTASK?AUDIO
  +--> ?PR?_LCD_WDAT?LCD12864

?PR?WAVREADTASK?AUDIO                      -----    -----      -----    -----      112BH    0001H
  +--> ?PR?MP3_STOP?AUDIO
  +--> ?PR?_SPI_FLASH_READ?SPI

?PR?_SPI_FLASH_READ?SPI                    -----    -----      -----    -----      112CH    000DH
  +--> ?PR?_DELAY?DRIVER
  +--> ?PR?_SPI_READWRITEBYTE?SPI

?PR?_LCD_WDAT?LCD12864                     -----    -----      -----    -----      -----    -----
  +--> ?PR?LCD_BUSY?LCD12864

?PR?_DISPLAYICO?LCD12864                   -----    -----      -----    -----      -----    -----
  +--> ?PR?_WRITELCDICO?LCD12864
  +--> ?PR?_BITBLT?LCD12864

?PR?_WRITELCDICO?LCD12864                  -----    -----      -----    -----      1089H    0007H
  +--> ?CO?LCD12864

?PR?SHOWGSMCSQ?SYSSTRING                   -----    -----      -----    -----      -----    -----
  +--> ?CO?SYSSTRING
  +--> ?PR?_DISPLAYSTRING?LCD12864

?PR?_REVNAMELIST?NAMELIST                  -----    -----      -----    -----      107CH    0059H
  +--> ?CO?NAMELIST
  +--> ?PR?PRINTF?PRINTF
  +--> ?PR?_LOOKFORSTR?DRIVER
  +--> ?PR?SCANF?SCANF
  +--> ?PR?_CLEARBUF?DRIVER
  +--> ?PR?_ADDNAMEITEM?NAMELIST

?PR?_LOOKFORSTR?DRIVER                     -----    -----      -----    -----      10D5H    000AH

?PR?SCANF?SCANF                            0020H.0  0000H.6    0008H    0005H      10D5H    002EH
  +--> ?PR?GETCHAR?UNGETCHAR
  +--> ?PR?_ISSPACE?ISSPACE
  +--> ?PR?GETCHAR?GETCHAR

?PR?GETCHAR?GETCHAR                        -----    -----      -----    -----      -----    -----
  +--> ?PR?_GETKEY?_GETKEY
  +--> ?PR?_PUTCHAR?DRIVER

?PR?_ADDNAMEITEM?NAMELIST                  -----    -----      -----    -----      10D5H    0005H
  +--> ?PR?_GETIDXBYROOM?SYSSTATUS
  +--> ?PR?_WRITENAMEITEMBYIDX?NAMELIST
BL51 BANKED LINKER/LOCATER V6.22.2.0                                                  06/01/2022  09:37:04  PAGE 11


  +--> ?PR?SAVENAMECOUNT?NAMELIST

?PR?_GETIDXBYROOM?SYSSTATUS                -----    -----      -----    -----      10DAH    0007H
  +--> ?PR?_READROOMBYIDX?SYSSTATUS

?PR?_READROOMBYIDX?SYSSTATUS               -----    -----      -----    -----      10E1H    0002H
  +--> ?PR?_READBUF_AT24C02?EEPROM

?PR?_WRITENAMEITEMBYIDX?NAMELIST           -----    -----      -----    -----      1122H    0003H
  +--> ?PR?_WRITEBUF_AT24C02?EEPROM

?PR?UART1CLEAR?UART                        -----    -----      -----    -----      -----    -----
  +--> ?PR?_CLEARBUF?DRIVER

?PR?_GSMUARTCMD?GSM                        -----    -----      -----    -----      107CH    0003H
  +--> ?PR?_PRINTSTRING3?UART
  +--> ?CO?GSM
  +--> ?PR?PRINTF?PRINTF
  +--> ?PR?GSM_REPOWER?GSM
  +--> ?PR?_MODEMRECEIVEHANDLE?GSM

?PR?_PRINTSTRING3?UART                     -----    -----      -----    -----      1099H    0003H
  +--> ?PR?_TX3_WRITE2BUFF?UART

?PR?GSM_REPOWER?GSM                        -----    -----      -----    -----      -----    -----
  +--> ?CO?GSM
  +--> ?PR?_PRINTSTRING3?UART
  +--> ?PR?PRINTF?PRINTF

?PR?_MODEMRECEIVEHANDLE?GSM                -----    -----      -----    -----      107FH    0009H
  +--> ?CO?GSM
  +--> ?PR?_LOOKFORSTR?DRIVER
  +--> ?PR?SHOWGSMERR?SYSSTRING
  +--> ?PR?GSM_REPOWER?GSM
  +--> ?PR?_STRLEN?DRIVER
  +--> ?PR?GSM_HUANGUP?GSM
  +--> ?PR?SCANF?SCANF
  +--> ?PR?PRINTF?PRINTF
  +--> ?PR?_GSM_SETVOLUM?GSM
  +--> ?PR?SYSIDLECON?SYSSTATUS

?PR?SHOWGSMERR?SYSSTRING                   -----    -----      -----    -----      -----    -----
  +--> ?PR?LCDCLEAR?LCD12864
  +--> ?CO?SYSSTRING
  +--> ?PR?_DISPLAYSTRING?LCD12864

?PR?_STRLEN?DRIVER                         -----    -----      -----    -----      1124H    0003H

?PR?GSM_HUANGUP?GSM                        -----    -----      -----    -----      -----    -----
  +--> ?CO?GSM
  +--> ?PR?_PRINTSTRING3?UART

?PR?_GSM_SETVOLUM?GSM                      -----    -----      -----    -----      1088H    0001H
  +--> ?CO?GSM
  +--> ?PR?PRINTF?PRINTF

?PR?UART3CLEAR?UART                        -----    -----      -----    -----      -----    -----
BL51 BANKED LINKER/LOCATER V6.22.2.0                                                  06/01/2022  09:37:04  PAGE 12


  +--> ?PR?_CLEARBUF?DRIVER

?PR?_UNLOCK?DRIVER                         0020H.0  0000H.1    -----    -----      -----    -----
  +--> ?PR?SHOWUNLOCK?SYSSTRING

?PR?SHOWUNLOCK?SYSSTRING                   0020H.1  0000H.1    -----    -----      -----    -----
  +--> ?PR?LCDCLEAR?LCD12864
  +--> ?CO?SYSSTRING
  +--> ?PR?_DISPLAYSTRING?LCD12864
  +--> ?PR?_MP3_STARTPLAY?AUDIO

?PR?_MP3_STARTPLAY?AUDIO                   -----    -----      -----    -----      10D0H    0001H
  +--> ?PR?_DELAY?DRIVER
  +--> ?PR?WAVREADTASK?AUDIO

?PR?UARTTASK?UART                          -----    -----      -----    -----      -----    -----
  +--> ?PR?UART1CLEAR?UART
  +--> ?PR?UART3CLEAR?UART

?PR?KEYSCAN?DRIVER                         -----    -----      -----    -----      107CH    0001H

?PR?_BEEP_STARTPLAY?AUDIO                  -----    -----      -----    -----      -----    -----
  +--> ?PR?KEYBEEPTASK?AUDIO

?PR?KEYBEEPTASK?AUDIO                      -----    -----      -----    -----      -----    -----
  +--> ?CO?AUDIO

?PR?_SYSKEY?SYSSTATUS                      -----    -----      -----    -----      107CH    0001H
  +--> ?PR?_SYSIDLEKEY?SYSSTATUS
  +--> ?PR?_SYSSETTINGKEY?SYSSTATUS
  +--> ?PR?_NAMESETKEY?NAMELIST
  +--> ?PR?_NAMEEDITKEY?NAMELIST
  +--> ?PR?_NAMEDELETEKEY?NAMELIST
  +--> ?PR?_NAMEDELALLKEY?NAMELIST
  +--> ?PR?_PSWSETKEY?UNLOCKPASSWORD
  +--> ?PR?_PSWEDITKEY?UNLOCKPASSWORD
  +--> ?PR?_PSWDELETEKEY?UNLOCKPASSWORD
  +--> ?PR?_PSWDELALLKEY?UNLOCKPASSWORD
  +--> ?PR?_PSWINPUTKEY?UNLOCKPASSWORD
  +--> ?PR?_SYSINPUTROOM?SYSSTATUS
  +--> ?PR?_INPUTSYSPSW?SYSSTATUS
  +--> ?PR?_SYSPSWEDITKEY?UNLOCKPASSWORD
  +--> ?PR?_CARDSETKEY?CARD
  +--> ?PR?_CARDEDITKEY?CARD
  +--> ?PR?_CARDDELETEKEY?CARD
  +--> ?PR?_CARDDELALLKEY?CARD
  +--> ?PR?_SYSTALKKEY?SYSSTATUS
  +--> ?PR?_SYSSUBSETKEY?SYSSTATUS

?PR?_SYSIDLEKEY?SYSSTATUS                  -----    -----      -----    -----      107DH    0001H
  +--> ?PR?SYSIDLECON?SYSSTATUS
  +--> ?PR?INPUTPSWCON?UNLOCKPASSWORD
  +--> ?PR?INPUTSYSPSWCON?SYSSTATUS
  +--> ?PR?_SHOWNAMEBYIDX?NAMELIST
  +--> ?PR?_READNAMEITEMBYIDX?NAMELIST
  +--> ?PR?_CALLBYNAMEITEM?NAMELIST
  +--> ?PR?_STRLEN?DRIVER
BL51 BANKED LINKER/LOCATER V6.22.2.0                                                  06/01/2022  09:37:04  PAGE 13


  +--> ?PR?SHOWERR?SYSSTRING
  +--> ?PR?SHOWGSMERR?SYSSTRING
  +--> ?PR?_INPUTROOMCON?SYSSTATUS

?PR?INPUTPSWCON?UNLOCKPASSWORD             -----    -----      -----    -----      -----    -----
  +--> ?PR?_CLEARBUF?DRIVER
  +--> ?PR?_SHOWPSW?UNLOCKPASSWORD
  +--> ?PR?_MP3_STARTPLAY?AUDIO

?PR?_SHOWPSW?UNLOCKPASSWORD                0020H.0  0000H.1    -----    -----      1084H    0028H
  +--> ?PR?LCDCLEAR?LCD12864
  +--> ?CO?SYSSTRING
  +--> ?PR?_DISPLAYSTRING?LCD12864
  +--> ?CO?UNLOCKPASSWORD
  +--> ?PR?PRINTF?PRINTF
  +--> ?PR?_HBSTRLEN?DRIVER
  +--> ?PR?_STRLEN?DRIVER
  +--> ?PR?_SETFLASH?LCD12864

?PR?INPUTSYSPSWCON?SYSSTATUS               -----    -----      -----    -----      -----    -----
  +--> ?PR?SHOWINPUTPSW?SYSSTATUS
  +--> ?PR?_MP3_STARTPLAY?AUDIO

?PR?SHOWINPUTPSW?SYSSTATUS                 -----    -----      -----    -----      107EH    001EH
  +--> ?PR?LCDCLEAR?LCD12864
  +--> ?CO?SYSSTRING
  +--> ?PR?_DISPLAYSTRING?LCD12864
  +--> ?PR?_HS_STRCPY?DRIVER
  +--> ?PR?_SETFLASH?LCD12864

?PR?_HS_STRCPY?DRIVER                      -----    -----      -----    -----      109CH    0006H

?PR?_SHOWNAMEBYIDX?NAMELIST                -----    -----      -----    -----      107EH    0050H
  +--> ?PR?_READNAMEITEMBYIDX?NAMELIST
  +--> ?PR?_SHOWNAME?NAMELIST

?PR?_READNAMEITEMBYIDX?NAMELIST            -----    -----      -----    -----      1122H    0003H
  +--> ?PR?_READBUF_AT24C02?EEPROM

?PR?_SHOWNAME?NAMELIST                     0020H.0  0000H.1    -----    -----      10D0H    0054H
  +--> ?PR?LCDCLEAR?LCD12864
  +--> ?CO?NAMELIST
  +--> ?CO?SYSSTRING
  +--> ?PR?PRINTF?PRINTF
  +--> ?PR?_DISPLAYSTRING?LCD12864
  +--> ?PR?_STRLEN?DRIVER
  +--> ?PR?_HBSTRLEN?DRIVER
  +--> ?PR?_SETFLASH?LCD12864

?PR?_CALLBYNAMEITEM?NAMELIST               -----    -----      -----    -----      107EH    0018H
  +--> ?PR?_STRLEN?DRIVER
  +--> ?PR?_GSM_CALL?GSM
  +--> ?PR?LCDCLEAR?LCD12864
  +--> ?CO?NAMELIST
  +--> ?CO?SYSSTRING
  +--> ?PR?PRINTF?PRINTF
  +--> ?PR?_DISPLAYSTRING?LCD12864
BL51 BANKED LINKER/LOCATER V6.22.2.0                                                  06/01/2022  09:37:04  PAGE 14



?PR?_GSM_CALL?GSM                          -----    -----      -----    -----      1096H    0003H
  +--> ?CO?GSM
  +--> ?PR?_PRINTSTRING3?UART

?PR?SHOWERR?SYSSTRING                      -----    -----      -----    -----      -----    -----
  +--> ?PR?LCDCLEAR?LCD12864
  +--> ?CO?SYSSTRING
  +--> ?PR?_DISPLAYSTRING?LCD12864

?PR?_INPUTROOMCON?SYSSTATUS                -----    -----      -----    -----      -----    -----
  +--> ?PR?SHOWINPUTROOM?SYSSTATUS
  +--> ?PR?_CLEARBUF?DRIVER
  +--> ?PR?_MP3_STARTPLAY?AUDIO

?PR?SHOWINPUTROOM?SYSSTATUS                -----    -----      -----    -----      107EH    0018H
  +--> ?PR?LCDCLEAR?LCD12864
  +--> ?CO?SYSSTRING
  +--> ?PR?_DISPLAYSTRING?LCD12864
  +--> ?CO?SYSSTATUS
  +--> ?PR?PRINTF?PRINTF
  +--> ?PR?_HBSTRLEN?DRIVER
  +--> ?PR?_STRLEN?DRIVER

?PR?_SYSSETTINGKEY?SYSSTATUS               -----    -----      -----    -----      107DH    0001H
  +--> ?PR?SYSIDLECON?SYSSTATUS
  +--> ?PR?EDITSYSPSWCON?UNLOCKPASSWORD
  +--> ?PR?NAMESETCON?NAMELIST
  +--> ?PR?PSWSETCON?UNLOCKPASSWORD
  +--> ?PR?CARDSETCON?CARD
  +--> ?PR?_SUBSETCON?SYSSTATUS

?PR?EDITSYSPSWCON?UNLOCKPASSWORD           -----    -----      -----    -----      -----    -----
  +--> ?PR?_CLEARBUF?DRIVER
  +--> ?PR?_SHOWPSW?UNLOCKPASSWORD

?PR?NAMESETCON?NAMELIST                    -----    -----      -----    -----      10D0H    000AH
  +--> ?PR?LCDCLEAR?LCD12864
  +--> ?CO?SYSSTRING
  +--> ?PR?_DISPLAYSTRING?LCD12864
  +--> ?CO?NAMELIST
  +--> ?PR?PRINTF?PRINTF
  +--> ?PR?_HBSTRLEN?DRIVER
  +--> ?PR?_STRLEN?DRIVER

?PR?PSWSETCON?UNLOCKPASSWORD               -----    -----      -----    -----      1084H    000AH
  +--> ?PR?LCDCLEAR?LCD12864
  +--> ?CO?SYSSTRING
  +--> ?PR?_DISPLAYSTRING?LCD12864
  +--> ?CO?UNLOCKPASSWORD
  +--> ?PR?PRINTF?PRINTF
  +--> ?PR?_HBSTRLEN?DRIVER
  +--> ?PR?_STRLEN?DRIVER

?PR?CARDSETCON?CARD                        -----    -----      -----    -----      1080H    000AH
  +--> ?PR?LCDCLEAR?LCD12864
  +--> ?CO?SYSSTRING
BL51 BANKED LINKER/LOCATER V6.22.2.0                                                  06/01/2022  09:37:04  PAGE 15


  +--> ?PR?_DISPLAYSTRING?LCD12864
  +--> ?CO?CARD
  +--> ?PR?PRINTF?PRINTF
  +--> ?PR?_HBSTRLEN?DRIVER
  +--> ?PR?_STRLEN?DRIVER

?PR?_SUBSETCON?SYSSTATUS                   -----    -----      -----    -----      -----    -----
  +--> ?PR?SHOWSUBPARA?SYSSTATUS

?PR?SHOWSUBPARA?SYSSTATUS                  -----    -----      -----    -----      107EH    0018H
  +--> ?PR?LCDCLEAR?LCD12864
  +--> ?CO?SYSSTATUS
  +--> ?CO?SYSSTRING
  +--> ?PR?PRINTF?PRINTF
  +--> ?PR?_DISPLAYSTRING?LCD12864
  +--> ?PR?_STRLEN?DRIVER

?PR?_NAMESETKEY?NAMELIST                   -----    -----      -----    -----      -----    -----
  +--> ?PR?EDITNAMEITEMCON?NAMELIST
  +--> ?PR?DELETENAMECON?NAMELIST
  +--> ?PR?DELETEALLNAMECON?NAMELIST
  +--> ?PR?SYSSETTINGCON?SYSSTATUS

?PR?EDITNAMEITEMCON?NAMELIST               -----    -----      -----    -----      -----    -----
  +--> ?PR?_CLEARBUF?DRIVER
  +--> ?PR?_SHOWNAME?NAMELIST

?PR?DELETENAMECON?NAMELIST                 -----    -----      -----    -----      -----    -----
  +--> ?PR?_CLEARBUF?DRIVER
  +--> ?PR?_SHOWNAME?NAMELIST

?PR?DELETEALLNAMECON?NAMELIST              -----    -----      -----    -----      -----    -----
  +--> ?PR?LCDCLEAR?LCD12864
  +--> ?CO?SYSSTRING
  +--> ?PR?_DISPLAYSTRING?LCD12864

?PR?SYSSETTINGCON?SYSSTATUS                -----    -----      -----    -----      -----    -----
  +--> ?PR?LCDCLEAR?LCD12864
  +--> ?CO?SYSSTRING
  +--> ?PR?_DISPLAYSTRING?LCD12864
  +--> ?PR?_DISPLAYICO?LCD12864

?PR?_NAMEEDITKEY?NAMELIST                  -----    -----      -----    -----      107DH    0001H
  +--> ?PR?_CLEARBUF?DRIVER
  +--> ?PR?_STRLEN?DRIVER
  +--> ?PR?_ADDNAMEITEM?NAMELIST
  +--> ?PR?SHOWSAVEOK?SYSSTRING
  +--> ?PR?SHOWERR?SYSSTRING
  +--> ?PR?NAMEEDITCHAGETYPE?NAMELIST
  +--> ?PR?NAMESETCON?NAMELIST
  +--> ?PR?_HBSTRLEN?DRIVER
  +--> ?CO?SYSSTRING
  +--> ?CO?NAMELIST
  +--> ?PR?_SHOWNAME?NAMELIST

?PR?SHOWSAVEOK?SYSSTRING                   -----    -----      -----    -----      -----    -----
  +--> ?PR?LCDCLEAR?LCD12864
BL51 BANKED LINKER/LOCATER V6.22.2.0                                                  06/01/2022  09:37:04  PAGE 16


  +--> ?CO?SYSSTRING
  +--> ?PR?_DISPLAYSTRING?LCD12864
  +--> ?PR?_MP3_STARTPLAY?AUDIO

?PR?NAMEEDITCHAGETYPE?NAMELIST             -----    -----      -----    -----      107EH    0052H
  +--> ?PR?_GETNAMEITEMBYROOM?NAMELIST
  +--> ?PR?_HS_MEMCPY?DRIVER
  +--> ?PR?_STRLEN?DRIVER
  +--> ?PR?SHOWCONFIRMSAVE?SYSSTRING

?PR?_GETNAMEITEMBYROOM?NAMELIST            -----    -----      -----    -----      10D0H    0005H
  +--> ?PR?_GETIDXBYROOM?SYSSTATUS
  +--> ?PR?_READNAMEITEMBYIDX?NAMELIST

?PR?_HS_MEMCPY?DRIVER                      -----    -----      -----    -----      10D0H    0008H

?PR?SHOWCONFIRMSAVE?SYSSTRING              -----    -----      -----    -----      -----    -----
  +--> ?PR?LCDCLEAR?LCD12864
  +--> ?CO?SYSSTRING
  +--> ?PR?_DISPLAYSTRING?LCD12864

?PR?_NAMEDELETEKEY?NAMELIST                -----    -----      -----    -----      107DH    0053H
  +--> ?PR?_CLEARBUF?DRIVER
  +--> ?PR?_DELNAMEITEMBYROOM?NAMELIST
  +--> ?PR?SHOWSAVEOK?SYSSTRING
  +--> ?PR?_GETNAMEITEMBYROOM?NAMELIST
  +--> ?PR?_HS_MEMCPY?DRIVER
  +--> ?PR?_STRLEN?DRIVER
  +--> ?PR?SHOWCONFIRMDEL?SYSSTRING
  +--> ?PR?NAMESETCON?NAMELIST
  +--> ?PR?_SHOWNAME?NAMELIST

?PR?_DELNAMEITEMBYROOM?NAMELIST            -----    -----      -----    -----      -----    -----
  +--> ?PR?_GETIDXBYROOM?SYSSTATUS
  +--> ?PR?_DELNAMEITEMBYIDX?NAMELIST

?PR?_DELNAMEITEMBYIDX?NAMELIST             -----    -----      -----    -----      10D0H    0052H
  +--> ?PR?SAVENAMECOUNT?NAMELIST
  +--> ?PR?_READNAMEITEMBYIDX?NAMELIST
  +--> ?PR?_WRITENAMEITEMBYIDX?NAMELIST

?PR?SHOWCONFIRMDEL?SYSSTRING               -----    -----      -----    -----      -----    -----
  +--> ?PR?LCDCLEAR?LCD12864
  +--> ?CO?SYSSTRING
  +--> ?PR?_DISPLAYSTRING?LCD12864

?PR?_NAMEDELALLKEY?NAMELIST                -----    -----      -----    -----      -----    -----
  +--> ?PR?CLEARNAMELIST?NAMELIST
  +--> ?PR?SHOWDELETEOK?SYSSTRING
  +--> ?PR?NAMESETCON?NAMELIST

?PR?SHOWDELETEOK?SYSSTRING                 -----    -----      -----    -----      -----    -----
  +--> ?PR?LCDCLEAR?LCD12864
  +--> ?CO?SYSSTRING
  +--> ?PR?_DISPLAYSTRING?LCD12864

?PR?_PSWSETKEY?UNLOCKPASSWORD              -----    -----      -----    -----      -----    -----
BL51 BANKED LINKER/LOCATER V6.22.2.0                                                  06/01/2022  09:37:04  PAGE 17


  +--> ?PR?EDITPSWCON?UNLOCKPASSWORD
  +--> ?PR?DELETEPSWCON?UNLOCKPASSWORD
  +--> ?PR?DELETEALLPSWCON?UNLOCKPASSWORD
  +--> ?PR?SYSSETTINGCON?SYSSTATUS

?PR?EDITPSWCON?UNLOCKPASSWORD              -----    -----      -----    -----      -----    -----
  +--> ?PR?_CLEARBUF?DRIVER
  +--> ?PR?_SHOWPSW?UNLOCKPASSWORD

?PR?DELETEPSWCON?UNLOCKPASSWORD            -----    -----      -----    -----      -----    -----
  +--> ?PR?_CLEARBUF?DRIVER
  +--> ?PR?_SHOWPSW?UNLOCKPASSWORD

?PR?DELETEALLPSWCON?UNLOCKPASSWORD         -----    -----      -----    -----      -----    -----
  +--> ?PR?LCDCLEAR?LCD12864
  +--> ?CO?SYSSTRING
  +--> ?PR?_DISPLAYSTRING?LCD12864

?PR?_PSWEDITKEY?UNLOCKPASSWORD             -----    -----      -----    -----      107DH    0007H
  +--> ?PR?_CLEARBUF?DRIVER
  +--> ?PR?_ADDPSWITEM?UNLOCKPASSWORD
  +--> ?PR?SHOWSAVEOK?SYSSTRING
  +--> ?PR?SHOWERR?SYSSTRING
  +--> ?PR?SHOWCONFIRMSAVE?SYSSTRING
  +--> ?PR?PSWSETCON?UNLOCKPASSWORD
  +--> ?PR?_SHOWPSW?UNLOCKPASSWORD

?PR?_ADDPSWITEM?UNLOCKPASSWORD             -----    -----      -----    -----      1084H    0005H
  +--> ?PR?_GETIDXBYROOM?SYSSTATUS
  +--> ?CO?UNLOCKPASSWORD
  +--> ?PR?PRINTF?PRINTF
  +--> ?PR?_WRITEPSWBYIDX?UNLOCKPASSWORD
  +--> ?PR?SAVEPSWCOUNT?UNLOCKPASSWORD

?PR?_WRITEPSWBYIDX?UNLOCKPASSWORD          -----    -----      -----    -----      -----    -----
  +--> ?PR?_WRITEBUF_AT24C02?EEPROM

?PR?_PSWDELETEKEY?UNLOCKPASSWORD           -----    -----      -----    -----      107DH    0003H
  +--> ?PR?_CLEARBUF?DRIVER
  +--> ?PR?_DELPSWBYROOM?UNLOCKPASSWORD
  +--> ?PR?SHOWDELETEOK?SYSSTRING
  +--> ?PR?SHOWCONFIRMDEL?SYSSTRING
  +--> ?PR?PSWSETCON?UNLOCKPASSWORD
  +--> ?PR?_SHOWPSW?UNLOCKPASSWORD

?PR?_DELPSWBYROOM?UNLOCKPASSWORD           -----    -----      -----    -----      1080H    0002H
  +--> ?PR?_DELPSWBYIDX?UNLOCKPASSWORD
  +--> ?PR?_GETIDXBYROOM?SYSSTATUS

?PR?_DELPSWBYIDX?UNLOCKPASSWORD            -----    -----      -----    -----      1082H    0006H
  +--> ?PR?SAVEPSWCOUNT?UNLOCKPASSWORD
  +--> ?PR?_READPSWBYIDX?UNLOCKPASSWORD
  +--> ?PR?_WRITEPSWBYIDX?UNLOCKPASSWORD

?PR?_READPSWBYIDX?UNLOCKPASSWORD           -----    -----      -----    -----      -----    -----
  +--> ?PR?_READBUF_AT24C02?EEPROM

BL51 BANKED LINKER/LOCATER V6.22.2.0                                                  06/01/2022  09:37:04  PAGE 18


?PR?_PSWDELALLKEY?UNLOCKPASSWORD           -----    -----      -----    -----      -----    -----
  +--> ?PR?CLEARPSW?UNLOCKPASSWORD
  +--> ?PR?SHOWDELETEOK?SYSSTRING
  +--> ?PR?PSWSETCON?UNLOCKPASSWORD

?PR?_PSWINPUTKEY?UNLOCKPASSWORD            -----    -----      -----    -----      107DH    0001H
  +--> ?PR?SYSIDLECON?SYSSTATUS
  +--> ?PR?_CHECKPSW?UNLOCKPASSWORD
  +--> ?PR?_UNLOCK?DRIVER
  +--> ?PR?SHOWERR?SYSSTRING
  +--> ?PR?_MP3_STARTPLAY?AUDIO
  +--> ?PR?_SHOWPSW?UNLOCKPASSWORD

?PR?_CHECKPSW?UNLOCKPASSWORD               -----    -----      -----    -----      107EH    0008H
  +--> ?CO?UNLOCKPASSWORD
  +--> ?PR?PRINTF?PRINTF
  +--> ?PR?_READPSWBYIDX?UNLOCKPASSWORD

?PR?_SYSINPUTROOM?SYSSTATUS                -----    -----      -----    -----      107DH    0001H
  +--> ?PR?_GETNAMEITEMBYROOM?NAMELIST
  +--> ?PR?_CALLBYNAMEITEM?NAMELIST
  +--> ?PR?_STRLEN?DRIVER
  +--> ?PR?SHOWERR?SYSSTRING
  +--> ?PR?SHOWGSMERR?SYSSTRING
  +--> ?PR?SHOWROOMERR?SYSSTRING
  +--> ?PR?_MP3_STARTPLAY?AUDIO
  +--> ?PR?SHOWINPUTROOM?SYSSTATUS
  +--> ?PR?MP3_STOP?AUDIO
  +--> ?PR?SYSIDLECON?SYSSTATUS

?PR?SHOWROOMERR?SYSSTRING                  -----    -----      -----    -----      -----    -----
  +--> ?PR?LCDCLEAR?LCD12864
  +--> ?CO?SYSSTRING
  +--> ?PR?_DISPLAYSTRING?LCD12864

?PR?_INPUTSYSPSW?SYSSTATUS                 -----    -----      -----    -----      107DH    0001H
  +--> ?PR?SYSSETTINGCON?SYSSTATUS
  +--> ?PR?SHOWERR?SYSSTRING
  +--> ?PR?_MP3_STARTPLAY?AUDIO
  +--> ?PR?SHOWINPUTPSW?SYSSTATUS
  +--> ?PR?MP3_STOP?AUDIO
  +--> ?PR?SYSIDLECON?SYSSTATUS

?PR?_SYSPSWEDITKEY?UNLOCKPASSWORD          -----    -----      -----    -----      107DH    0001H
  +--> ?PR?_CLEARBUF?DRIVER
  +--> ?PR?SAVESYSPSW?UNLOCKPASSWORD
  +--> ?PR?SHOWSAVEOK?SYSSTRING
  +--> ?PR?SHOWERR?SYSSTRING
  +--> ?PR?SHOWCONFIRMSAVE?SYSSTRING
  +--> ?PR?SYSSETTINGCON?SYSSTATUS
  +--> ?PR?_SHOWPSW?UNLOCKPASSWORD

?PR?SAVESYSPSW?UNLOCKPASSWORD              -----    -----      -----    -----      -----    -----
  +--> ?PR?_WRITEBUF_AT24C02?EEPROM

?PR?_CARDSETKEY?CARD                       -----    -----      -----    -----      -----    -----
  +--> ?PR?EDITCARDCON?CARD
BL51 BANKED LINKER/LOCATER V6.22.2.0                                                  06/01/2022  09:37:04  PAGE 19


  +--> ?PR?DELETECARDCON?CARD
  +--> ?PR?DELETEALLCARDCON?CARD
  +--> ?PR?SYSSETTINGCON?SYSSTATUS

?PR?EDITCARDCON?CARD                       -----    -----      -----    -----      -----    -----
  +--> ?PR?_CLEARBUF?DRIVER
  +--> ?PR?_SHOWCARD?CARD

?PR?_SHOWCARD?CARD                         0020H.0  0000H.1    -----    -----      1082H    0043H
  +--> ?PR?LCDCLEAR?LCD12864
  +--> ?CO?SYSSTRING
  +--> ?PR?_DISPLAYSTRING?LCD12864
  +--> ?CO?CARD
  +--> ?PR?PRINTF?PRINTF
  +--> ?PR?_HBSTRLEN?DRIVER
  +--> ?PR?_STRLEN?DRIVER
  +--> ?PR?_SETFLASH?LCD12864
  +--> ?PR?_MEMISEMPTY?DRIVER

?PR?_MEMISEMPTY?DRIVER                     -----    -----      -----    -----      10C5H    0003H

?PR?DELETECARDCON?CARD                     -----    -----      -----    -----      -----    -----
  +--> ?PR?_CLEARBUF?DRIVER
  +--> ?PR?_MEMISEMPTY?DRIVER
  +--> ?PR?_SHOWCARD?CARD

?PR?DELETEALLCARDCON?CARD                  -----    -----      -----    -----      -----    -----
  +--> ?PR?LCDCLEAR?LCD12864
  +--> ?CO?SYSSTRING
  +--> ?PR?_DISPLAYSTRING?LCD12864

?PR?_CARDEDITKEY?CARD                      -----    -----      -----    -----      107DH    0003H
  +--> ?PR?_CLEARBUF?DRIVER
  +--> ?PR?_MEMISEMPTY?DRIVER
  +--> ?PR?_ADDCARDITEM?CARD
  +--> ?PR?SHOWSAVEOK?SYSSTRING
  +--> ?PR?SHOWERR?SYSSTRING
  +--> ?PR?SHOWCONFIRMSAVE?SYSSTRING
  +--> ?PR?CARDSETCON?CARD
  +--> ?PR?_SHOWCARD?CARD

?PR?_ADDCARDITEM?CARD                      -----    -----      -----    -----      1080H    000BH
  +--> ?PR?_READCARDBYIDX?CARD
  +--> ?PR?_WRITECARDBYIDX?CARD
  +--> ?PR?SAVECARDCOUNT?CARD

?PR?_READCARDBYIDX?CARD                    -----    -----      -----    -----      108EH    0003H
  +--> ?PR?_READBUF_AT24C02?EEPROM

?PR?_WRITECARDBYIDX?CARD                   -----    -----      -----    -----      108BH    0003H
  +--> ?PR?_WRITEBUF_AT24C02?EEPROM

?PR?_CARDDELETEKEY?CARD                    -----    -----      -----    -----      107DH    0003H
  +--> ?PR?_CLEARBUF?DRIVER
  +--> ?PR?_MEMISEMPTY?DRIVER
  +--> ?PR?_DELCARDBYCARD?CARD
  +--> ?PR?_DELCARDBYROOM?CARD
BL51 BANKED LINKER/LOCATER V6.22.2.0                                                  06/01/2022  09:37:04  PAGE 20


  +--> ?PR?SHOWDELETEOK?SYSSTRING
  +--> ?PR?SHOWCONFIRMDEL?SYSSTRING
  +--> ?PR?CARDSETCON?CARD
  +--> ?PR?_SHOWCARD?CARD

?PR?_DELCARDBYCARD?CARD                    -----    -----      -----    -----      1080H    0003H
  +--> ?PR?_DELCARDBYIDX?CARD
  +--> ?PR?_CHECKCARD?CARD

?PR?_DELCARDBYIDX?CARD                     -----    -----      -----    -----      1083H    0008H
  +--> ?PR?SAVECARDCOUNT?CARD
  +--> ?PR?_READCARDBYIDX?CARD
  +--> ?PR?_WRITECARDBYIDX?CARD

?PR?_CHECKCARD?CARD                        -----    -----      -----    -----      1083H    000BH
  +--> ?PR?_READCARDBYIDX?CARD
  +--> ?CO?CARD
  +--> ?PR?PRINTF?PRINTF

?PR?_DELCARDBYROOM?CARD                    -----    -----      -----    -----      1080H    0002H
  +--> ?PR?_DELCARDBYIDX?CARD
  +--> ?PR?_GETIDXBYROOM?SYSSTATUS

?PR?_CARDDELALLKEY?CARD                    -----    -----      -----    -----      -----    -----
  +--> ?PR?CLEARCARD?CARD
  +--> ?PR?SHOWDELETEOK?SYSSTRING
  +--> ?PR?CARDSETCON?CARD

?PR?_SYSTALKKEY?SYSSTATUS                  -----    -----      -----    -----      107DH    0001H
  +--> ?PR?_GSM_SEND_DTMF?GSM
  +--> ?PR?GSM_HUANGUP?GSM
  +--> ?PR?SYSIDLECON?SYSSTATUS
  +--> ?PR?_GSM_SETVOLUM?GSM

?PR?_GSM_SEND_DTMF?GSM                     -----    -----      -----    -----      107EH    000EH
  +--> ?CO?GSM
  +--> ?PR?_PRINTSTRING3?UART

?PR?_SYSSUBSETKEY?SYSSTATUS                -----    -----      -----    -----      107DH    0001H
  +--> ?PR?SHOWSUBPARA?SYSSTATUS
  +--> ?PR?_SAVESUBPARA?SYSSTATUS
  +--> ?PR?SYSSETTINGCON?SYSSTATUS

?PR?_SAVESUBPARA?SYSSTATUS                 -----    -----      -----    -----      107EH    0002H
  +--> ?PR?_WRITEBUF_AT24C02?EEPROM
  +--> ?PR?SHOWSAVEOK?SYSSTRING

?PR?SKEYSCAN?DRIVER                        -----    -----      -----    -----      -----    -----
  +--> ?PR?_UNLOCK?DRIVER
  +--> ?CO?DRIVER
  +--> ?PR?PRINTF?PRINTF
  +--> ?PR?INITSYSPARA?SYSSTATUS
  +--> ?PR?SHOWRESET?SYSSTRING

?PR?SHOWRESET?SYSSTRING                    -----    -----      -----    -----      -----    -----
  +--> ?PR?LCDCLEAR?LCD12864
  +--> ?CO?SYSSTRING
BL51 BANKED LINKER/LOCATER V6.22.2.0                                                  06/01/2022  09:37:04  PAGE 21


  +--> ?PR?_DISPLAYSTRING?LCD12864

?PR?GSM_INITTASK?GSM                       -----    -----      -----    -----      -----    -----
  +--> ?PR?GSM_STARTINIT?GSM
  +--> ?CO?GSM
  +--> ?PR?PRINTF?PRINTF
  +--> ?PR?_PRINTSTRING3?UART
  +--> ?PR?GSM_REPOWER?GSM
  +--> ?PR?GSM_GETCSQ?GSM
  +--> ?PR?GSM_HUANGUP?GSM
  +--> ?PR?_STRLEN?DRIVER
  +--> ?PR?SHOWERR?SYSSTRING
  +--> ?PR?_GSM_SETVOLUM?GSM
  +--> ?PR?_CALLBYNAMEITEM?NAMELIST
  +--> ?PR?SYSIDLECON?SYSSTATUS

?PR?GSM_GETCSQ?GSM                         -----    -----      -----    -----      -----    -----
  +--> ?CO?GSM
  +--> ?PR?PRINTF?PRINTF

?PR?FLASHTASK?LCD12864                     -----    -----      -----    -----      -----    -----
  +--> ?PR?_DISPLAYFL?LCD12864

?PR?_DISPLAYFL?LCD12864                    0020H.0  0000H.1    -----    -----      -----    -----
  +--> ?PR?_LCD_WCMD?LCD12864
  +--> ?PR?_LCD_WDAT?LCD12864

?PR?SHOWTALKTIME?SYSSTRING                 -----    -----      -----    -----      -----    -----
  +--> ?PR?LCDCLEAR?LCD12864
  +--> ?CO?SYSSTRING
  +--> ?PR?_DISPLAYSTRING?LCD12864
  +--> ?PR?PRINTF?PRINTF

?PR?CHECKRFIDCARD?CARDREAD                 -----    -----      -----    -----      107CH    0008H
  +--> ?CO?CARDREAD
  +--> ?PR?PRINTF?PRINTF

?PR?_SYSCARD?SYSSTATUS                     -----    -----      -----    -----      107CH    0003H
  +--> ?PR?_CARDEDITCARDIN?CARD
  +--> ?PR?_CHECKCARD?CARD
  +--> ?PR?_UNLOCK?DRIVER
  +--> ?PR?SHOWCARDERR?SYSSTRING

?PR?_CARDEDITCARDIN?CARD                   -----    -----      -----    -----      107FH    0003H
  +--> ?PR?_HS_MEMCPY?DRIVER
  +--> ?PR?_SHOWCARD?CARD

?PR?SHOWCARDERR?SYSSTRING                  -----    -----      -----    -----      -----    -----
  +--> ?PR?LCDCLEAR?LCD12864
  +--> ?CO?SYSSTRING
  +--> ?PR?_DISPLAYSTRING?LCD12864
  +--> ?PR?_MP3_STARTPLAY?AUDIO

?C_INITSEG                                 -----    -----      -----    -----      -----    -----
  +--> ?CO?GSM
  +--> ?PR?_ATCMDCB_AT?GSM
  +--> ?PR?_ATCMDCB_CPIN?GSM
BL51 BANKED LINKER/LOCATER V6.22.2.0                                                  06/01/2022  09:37:04  PAGE 22


  +--> ?PR?_ATCMDCB_CREG?GSM
  +--> ?PR?_ATCMDCB_CSQ?GSM

?PR?_ATCMDCB_AT?GSM                        -----    -----      -----    -----      -----    -----
  +--> ?CO?GSM
  +--> ?PR?_LOOKFORSTR?DRIVER

?PR?_ATCMDCB_CPIN?GSM                      -----    -----      -----    -----      107CH    0009H
  +--> ?CO?GSM
  +--> ?PR?_LOOKFORSTR?DRIVER
  +--> ?PR?_STRLEN?DRIVER
  +--> ?PR?SCANF?SCANF
  +--> ?PR?PRINTF?PRINTF

?PR?_ATCMDCB_CREG?GSM                      -----    -----      -----    -----      107CH    0009H
  +--> ?CO?GSM
  +--> ?PR?_LOOKFORSTR?DRIVER
  +--> ?PR?_STRLEN?DRIVER
  +--> ?PR?SCANF?SCANF
  +--> ?PR?PRINTF?PRINTF

?PR?_ATCMDCB_CSQ?GSM                       -----    -----      -----    -----      107CH    0009H
  +--> ?CO?GSM
  +--> ?PR?_LOOKFORSTR?DRIVER
  +--> ?PR?_STRLEN?DRIVER
  +--> ?PR?SCANF?SCANF
  +--> ?PR?PRINTF?PRINTF

*** NEW ROOT ***************************************************

?PR?TIMER0_INT?TIMER                       -----    -----      -----    -----      -----    -----
  +--> ?PR?KEYBEEPTASK?AUDIO

*** NEW ROOT ***************************************************

?PR?TIMER4_INT?TIMER                       -----    -----      -----    -----      -----    -----
  +--> ?PR?PWMTASK?AUDIO

*** NEW ROOT ***************************************************

?PR?EXT_INT0?EXTI                          -----    -----      -----    -----      -----    -----
  +--> ?PR?CARDIRQ?CARDREAD



SYMBOL TABLE OF MODULE:  .\Objects\GSM (?C_STARTUP)

  VALUE           TYPE          NAME
  ----------------------------------

  -------         MODULE        ?C_STARTUP
  C:7AC0H         SEGMENT       ?C_C51STARTUP
  I:0024H         SEGMENT       ?STACK
  C:0000H         PUBLIC        ?C_STARTUP
  D:00E0H         SYMBOL        ACC
  D:00F0H         SYMBOL        B
  D:0083H         SYMBOL        DPH
BL51 BANKED LINKER/LOCATER V6.22.2.0                                                  06/01/2022  09:37:04  PAGE 23


  D:0082H         SYMBOL        DPL
  N:0000H         SYMBOL        IBPSTACK
  N:0100H         SYMBOL        IBPSTACKTOP
  N:0080H         SYMBOL        IDATALEN
  C:7AC3H         SYMBOL        IDATALOOP
  N:0000H         SYMBOL        PBPSTACK
  N:0100H         SYMBOL        PBPSTACKTOP
  N:0000H         SYMBOL        PDATALEN
  N:0000H         SYMBOL        PDATASTART
  N:0000H         SYMBOL        PPAGE
  N:0000H         SYMBOL        PPAGEENABLE
  D:00A0H         SYMBOL        PPAGE_SFR
  D:0081H         SYMBOL        SP
  C:7AC0H         SYMBOL        STARTUP1
  N:0000H         SYMBOL        XBPSTACK
  N:0000H         SYMBOL        XBPSTACKTOP
  N:0000H         SYMBOL        XDATALEN
  N:0000H         SYMBOL        XDATASTART
  C:0000H         LINE#         126
  C:7AC0H         LINE#         133
  C:7AC2H         LINE#         134
  C:7AC3H         LINE#         135
  C:7AC4H         LINE#         136
  C:7AC6H         LINE#         185
  C:7AC9H         LINE#         196
  -------         ENDMOD        ?C_STARTUP

  -------         MODULE        MAIN
  C:0000H         SYMBOL        _ICE_DUMMY_
  D:0080H         PUBLIC        P0
  D:0090H         PUBLIC        P1
  D:00A0H         PUBLIC        P2
  D:00B0H         PUBLIC        P3
  D:00C0H         PUBLIC        P4
  D:00C8H         PUBLIC        P5
  B:00A8H.7       PUBLIC        EA
  D:00E8H         PUBLIC        P6
  D:00F8H         PUBLIC        P7
  D:00A8H         PUBLIC        IE
  X:139DH         PUBLIC        MainTime
  D:00B8H         PUBLIC        IP
  D:00D8H         PUBLIC        CCON
  C:4C37H         PUBLIC        main
  B:0080H.1       PUBLIC        P01
  B:00C0H.0       PUBLIC        P40
  D:0098H         PUBLIC        SCON
  D:0088H         PUBLIC        TCON
  D:00F0H         PUBLIC        B
  D:00E0H         PUBLIC        ACC
  X:139FH         PUBLIC        UsrKey
  D:00D0H         PUBLIC        PSW
  -------         PROC          MAIN
  C:4C37H         LINE#         18
  C:4C37H         LINE#         19
  C:4C37H         LINE#         20
  C:4C3EH         LINE#         21
  C:4C40H         LINE#         22
BL51 BANKED LINKER/LOCATER V6.22.2.0                                                  06/01/2022  09:37:04  PAGE 24


  C:4C43H         LINE#         23
  C:4C46H         LINE#         24
  C:4C49H         LINE#         25
  C:4C4CH         LINE#         26
  C:4C4FH         LINE#         28
  C:4C52H         LINE#         29
  C:4C55H         LINE#         31
  C:4C5CH         LINE#         32
  C:4C5FH         LINE#         33
  C:4C61H         LINE#         34
  C:4C68H         LINE#         35
  C:4C6DH         LINE#         36
  C:4C70H         LINE#         37
  C:4C77H         LINE#         38
  C:4C7AH         LINE#         39
  C:4C7DH         LINE#         40
  C:4C80H         LINE#         45
  C:4C80H         LINE#         46
  C:4C80H         LINE#         47
  C:4C86H         LINE#         48
  C:4C86H         LINE#         50
  C:4C8FH         LINE#         51
  C:4C92H         LINE#         52
  C:4C92H         LINE#         53
  C:4C98H         LINE#         54
  C:4C98H         LINE#         55
  C:4CAFH         LINE#         56
  C:4CC0H         LINE#         57
  C:4CC3H         LINE#         58
  C:4CC3H         LINE#         67
  C:4CC6H         LINE#         69
  C:4CCDH         LINE#         70
  C:4CCDH         LINE#         71
  C:4CDAH         LINE#         72
  C:4CE6H         LINE#         73
  C:4CE6H         LINE#         74
  C:4CF2H         LINE#         75
  C:4CF2H         LINE#         76
  C:4CFEH         LINE#         77
  C:4CFEH         LINE#         78
  C:4D0AH         LINE#         79
  C:4D0AH         LINE#         80
  C:4D0FH         LINE#         81
  C:4D0FH         LINE#         82
  C:4D15H         LINE#         83
  C:4D15H         LINE#         84
  C:4D17H         LINE#         86
  C:4D1AH         LINE#         87
  C:4D22H         LINE#         88
  C:4D25H         LINE#         89
  C:4D25H         LINE#         92
  C:4D2AH         LINE#         96
  C:4D3BH         LINE#         97
  C:4D43H         LINE#         98
  C:4D43H         LINE#         99
  C:4D46H         LINE#         101
  C:4D49H         LINE#         102
BL51 BANKED LINKER/LOCATER V6.22.2.0                                                  06/01/2022  09:37:04  PAGE 25


  C:4D4CH         LINE#         103
  C:4D4FH         LINE#         104
  C:4D67H         LINE#         105
  C:4D67H         LINE#         106
  C:4D6EH         LINE#         107
  C:4D70H         LINE#         108
  C:4D73H         LINE#         109
  C:4D91H         LINE#         110
  C:4D91H         LINE#         111
  C:4D9FH         LINE#         112
  C:4D9FH         LINE#         113
  C:4DA2H         LINE#         114
  C:4DA2H         LINE#         115
  C:4DA2H         LINE#         116
  C:4DA9H         LINE#         117
  C:4DA9H         LINE#         118
  C:4DACH         LINE#         120
  C:4DC4H         LINE#         121
  C:4DC4H         LINE#         122
  C:4DC7H         LINE#         123
  C:4DCAH         LINE#         124
  C:4DCAH         LINE#         125
  C:4DCAH         LINE#         127
  C:4DD0H         LINE#         128
  C:4DD8H         LINE#         129
  C:4DF5H         LINE#         130
  C:4DF5H         LINE#         131
  C:4DFDH         LINE#         132
  C:4DFDH         LINE#         142
  C:4DFDH         LINE#         144
  C:4E13H         LINE#         145
  C:4E13H         LINE#         146
  C:4E21H         LINE#         147
  C:4E28H         LINE#         148
  C:4E28H         LINE#         149
  C:4E2DH         LINE#         150
  C:4E2DH         LINE#         151
  C:4E2DH         LINE#         153
  C:4E2DH         LINE#         155
  C:4E37H         LINE#         156
  C:4E37H         LINE#         161
  C:4E39H         LINE#         162
  C:4E39H         LINE#         163
  C:4E3FH         LINE#         164
  C:4E3FH         LINE#         165
  C:4E42H         LINE#         166
  C:4E45H         LINE#         167
  C:4E45H         LINE#         169
  C:4E4AH         LINE#         173
  C:4E53H         LINE#         174
  C:4E53H         LINE#         175
  C:4E56H         LINE#         176
  C:4E56H         LINE#         177
  -------         ENDPROC       MAIN
  -------         ENDMOD        MAIN

  -------         MODULE        DRIVER
BL51 BANKED LINKER/LOCATER V6.22.2.0                                                  06/01/2022  09:37:04  PAGE 26


  C:0000H         SYMBOL        _ICE_DUMMY_
  D:0080H         PUBLIC        P0
  D:0090H         PUBLIC        P1
  D:00A0H         PUBLIC        P2
  D:00B0H         PUBLIC        P3
  D:00C0H         PUBLIC        P4
  D:00C8H         PUBLIC        P5
  D:00E8H         PUBLIC        P6
  D:00F8H         PUBLIC        P7
  C:8EB9H         PUBLIC        _ClearBuf
  X:1389H         PUBLIC        DtmfData
  C:71D3H         PUBLIC        GPIO_config
  C:89B0H         PUBLIC        _HS_memcpy
  D:00A8H         PUBLIC        IE
  C:9080H         PUBLIC        _delay
  C:9514H         PUBLIC        RelayTask
  C:86F3H         PUBLIC        UART_config
  D:00B8H         PUBLIC        IP
  C:90A6H         PUBLIC        _strlen
  D:00D8H         PUBLIC        CCON
  C:8699H         PUBLIC        _HS_strcpy
  C:6739H         PUBLIC        SkeyScan
  X:138AH         PUBLIC        SkeyStatus
  C:9605H         PUBLIC        _HBstrlen
  C:6ACBH         PUBLIC        KeyScan
  B:00C0H.0       PUBLIC        P40
  B:0080H.4       PUBLIC        P04
  D:0098H         PUBLIC        SCON
  B:00C0H.1       PUBLIC        P41
  B:0080H.5       PUBLIC        P05
  D:0088H         PUBLIC        TCON
  B:0080H.6       PUBLIC        P06
  B:00F8H.0       PUBLIC        P70
  B:00C0H.3       PUBLIC        P43
  B:00F8H.1       PUBLIC        P71
  B:00F8H.2       PUBLIC        P72
  B:00C8H.4       PUBLIC        P54
  B:00F8H.3       PUBLIC        P73
  B:00C8H.5       PUBLIC        P55
  D:00F0H         PUBLIC        B
  X:138BH         PUBLIC        ResetKeyTime
  D:00E0H         PUBLIC        ACC
  X:138DH         PUBLIC        SkeyStatusOld
  C:6FEFH         PUBLIC        _lookforstr
  C:87F3H         PUBLIC        Timer_config
  C:93DAH         PUBLIC        _Unlock
  C:8E5DH         PUBLIC        _MemIsEmpty
  C:94FBH         PUBLIC        Exti_config
  D:00D0H         PUBLIC        PSW
  X:138EH         PUBLIC        Rly1Time
  C:97F2H         PUBLIC        _putchar
  -------         PROC          _DELAY
  D:0006H         SYMBOL        t
  -------         DO            
  D:0004H         SYMBOL        i
  D:0002H         SYMBOL        j
  -------         ENDDO         
BL51 BANKED LINKER/LOCATER V6.22.2.0                                                  06/01/2022  09:37:04  PAGE 27


  C:9080H         LINE#         14
  C:9080H         LINE#         15
  C:9080H         LINE#         17
  C:9087H         LINE#         18
  C:9090H         LINE#         19
  C:90A5H         LINE#         20
  -------         ENDPROC       _DELAY
  -------         PROC          _PUTCHAR
  X:114CH         SYMBOL        ch
  C:97F2H         LINE#         22
  C:97F7H         LINE#         23
  C:97F7H         LINE#         24
  C:97FAH         LINE#         25
  C:97FFH         LINE#         26
  -------         ENDPROC       _PUTCHAR
  -------         PROC          _STRLEN
  X:1124H         SYMBOL        pch
  -------         DO            
  D:0007H         SYMBOL        len
  -------         ENDDO         
  C:90A6H         LINE#         27
  C:90B1H         LINE#         28
  C:90B1H         LINE#         29
  C:90B3H         LINE#         30
  C:90CBH         LINE#         31
  C:90CBH         LINE#         32
  -------         ENDPROC       _STRLEN
  -------         PROC          _HBSTRLEN
  D:0001H         SYMBOL        pch
  -------         DO            
  D:0007H         SYMBOL        len
  -------         ENDDO         
  C:9605H         LINE#         33
  C:9605H         LINE#         34
  C:9605H         LINE#         35
  C:9607H         LINE#         36
  C:960CH         LINE#         37
  C:960CH         LINE#         38
  C:960DH         LINE#         39
  C:9610H         LINE#         40
  C:9610H         LINE#         41
  C:9611H         LINE#         42
  C:9611H         LINE#         43
  C:9618H         LINE#         44
  C:961AH         LINE#         45
  C:961AH         LINE#         46
  -------         ENDPROC       _HBSTRLEN
  -------         PROC          _LOOKFORSTR
  X:10D5H         SYMBOL        srcBuf
  X:10D8H         SYMBOL        detBuf
  -------         DO            
  X:10DBH         SYMBOL        i
  X:10DDH         SYMBOL        j
  -------         ENDDO         
  C:6FEFH         LINE#         48
  C:6FFAH         LINE#         49
  C:6FFAH         LINE#         51
BL51 BANKED LINKER/LOCATER V6.22.2.0                                                  06/01/2022  09:37:04  PAGE 28


  C:7001H         LINE#         52
  C:7005H         LINE#         53
  C:7024H         LINE#         54
  C:7024H         LINE#         55
  C:7038H         LINE#         56
  C:7038H         LINE#         57
  C:7059H         LINE#         58
  C:7059H         LINE#         59
  C:709AH         LINE#         60
  C:709AH         LINE#         61
  C:709AH         LINE#         62
  C:709AH         LINE#         63
  C:70AAH         LINE#         64
  C:70C5H         LINE#         65
  C:70C5H         LINE#         66
  C:70CEH         LINE#         67
  C:70CEH         LINE#         68
  C:70CEH         LINE#         69
  C:70DFH         LINE#         70
  C:70E2H         LINE#         71
  C:70E6H         LINE#         72
  -------         ENDPROC       _LOOKFORSTR
  -------         PROC          _CLEARBUF
  X:1124H         SYMBOL        buf
  D:0004H         SYMBOL        len
  C:8EB9H         LINE#         74
  C:8EC4H         LINE#         75
  C:8EC4H         LINE#         76
  C:8ECEH         LINE#         77
  C:8ECEH         LINE#         78
  C:8EE2H         LINE#         79
  C:8EE4H         LINE#         80
  -------         ENDPROC       _CLEARBUF
  -------         PROC          _HS_MEMCPY
  X:10D0H         SYMBOL        dst
  X:10D3H         SYMBOL        src
  X:10D6H         SYMBOL        len
  C:89B0H         LINE#         81
  C:89BBH         LINE#         82
  C:89BBH         LINE#         83
  C:89C9H         LINE#         84
  C:89C9H         LINE#         85
  C:89F1H         LINE#         86
  C:89F3H         LINE#         87
  -------         ENDPROC       _HS_MEMCPY
  -------         PROC          _HS_STRCPY
  X:109CH         SYMBOL        dst
  X:109FH         SYMBOL        src
  -------         DO            
  D:0006H         SYMBOL        i
  -------         ENDDO         
  C:8699H         LINE#         88
  C:86A4H         LINE#         89
  C:86A4H         LINE#         90
  C:86A7H         LINE#         91
  C:86B7H         LINE#         92
  C:86B7H         LINE#         93
BL51 BANKED LINKER/LOCATER V6.22.2.0                                                  06/01/2022  09:37:04  PAGE 29


  C:86DDH         LINE#         94
  C:86E2H         LINE#         95
  C:86E4H         LINE#         96
  -------         ENDPROC       _HS_STRCPY
  -------         PROC          _MEMISEMPTY
  X:10C5H         SYMBOL        buf
  D:0004H         SYMBOL        len
  C:8E5DH         LINE#         99
  C:8E68H         LINE#         100
  C:8E68H         LINE#         101
  C:8E72H         LINE#         102
  C:8E72H         LINE#         103
  C:8E87H         LINE#         104
  C:8E87H         LINE#         105
  C:8E89H         LINE#         106
  C:8E89H         LINE#         107
  C:8E89H         LINE#         108
  C:8E8AH         LINE#         109
  -------         ENDPROC       _MEMISEMPTY
  -------         PROC          GPIO_CONFIG
  -------         DO            
  X:107CH         SYMBOL        GPIO_InitStructure
  -------         ENDDO         
  C:71D3H         LINE#         111
  C:71D3H         LINE#         112
  C:71D3H         LINE#         114
  C:71D9H         LINE#         118
  C:71DEH         LINE#         119
  C:71E9H         LINE#         121
  C:71F4H         LINE#         124
  C:71FFH         LINE#         126
  C:7205H         LINE#         127
  C:7210H         LINE#         129
  C:7216H         LINE#         130
  C:7220H         LINE#         132
  C:7226H         LINE#         133
  C:7231H         LINE#         135
  C:7237H         LINE#         136
  C:7242H         LINE#         138
  C:7248H         LINE#         139
  C:7253H         LINE#         142
  C:7259H         LINE#         144
  C:725DH         LINE#         145
  C:7268H         LINE#         147
  C:726EH         LINE#         148
  C:7279H         LINE#         150
  C:727FH         LINE#         151
  C:728AH         LINE#         153
  C:7290H         LINE#         154
  C:729BH         LINE#         156
  C:72A1H         LINE#         157
  C:72ACH         LINE#         159
  C:72AEH         LINE#         160
  C:72B0H         LINE#         162
  C:72B2H         LINE#         163
  C:72B4H         LINE#         164
  C:72B6H         LINE#         166
BL51 BANKED LINKER/LOCATER V6.22.2.0                                                  06/01/2022  09:37:04  PAGE 30


  C:72B8H         LINE#         167
  C:72BAH         LINE#         170
  -------         ENDPROC       GPIO_CONFIG
  -------         PROC          UART_CONFIG
  -------         DO            
  X:107CH         SYMBOL        COMx_InitStructure
  -------         ENDDO         
  C:86F3H         LINE#         172
  C:86F3H         LINE#         173
  C:86F3H         LINE#         175
  C:86F9H         LINE#         176
  C:86FDH         LINE#         177
  C:8705H         LINE#         178
  C:870BH         LINE#         179
  C:870EH         LINE#         180
  C:8711H         LINE#         181
  C:8713H         LINE#         182
  C:8716H         LINE#         183
  C:8721H         LINE#         184
  C:872AH         LINE#         187
  C:8730H         LINE#         188
  C:873BH         LINE#         189
  C:8740H         LINE#         190
  -------         ENDPROC       UART_CONFIG
  -------         PROC          TIMER_CONFIG
  -------         DO            
  X:107CH         SYMBOL        TIM_InitStructure
  -------         ENDDO         
  C:87F3H         LINE#         203
  C:87F3H         LINE#         204
  C:87F3H         LINE#         206
  C:87F8H         LINE#         207
  C:87FAH         LINE#         208
  C:87FDH         LINE#         209
  C:8800H         LINE#         210
  C:8802H         LINE#         211
  C:880AH         LINE#         212
  C:880EH         LINE#         214
  C:8818H         LINE#         216
  C:8822H         LINE#         217
  C:882DH         LINE#         219
  C:8837H         LINE#         220
  -------         ENDPROC       TIMER_CONFIG
  -------         PROC          EXTI_CONFIG
  -------         DO            
  X:107CH         SYMBOL        Exti_InitStructure
  -------         ENDDO         
  C:94FBH         LINE#         224
  C:94FBH         LINE#         225
  C:94FBH         LINE#         228
  C:9501H         LINE#         229
  C:9506H         LINE#         230
  C:950AH         LINE#         231
  -------         ENDPROC       EXTI_CONFIG
  -------         PROC          KEYSCAN
  -------         DO            
  X:1385H         SYMBOL        KeyStep
BL51 BANKED LINKER/LOCATER V6.22.2.0                                                  06/01/2022  09:37:04  PAGE 31


  X:1386H         SYMBOL        KeyTime
  X:107CH         SYMBOL        key
  -------         ENDDO         
  C:6ACBH         LINE#         238
  C:6ACBH         LINE#         239
  C:6ACBH         LINE#         243
  C:6AEBH         LINE#         244
  C:6AEBH         LINE#         245
  C:6AEBH         LINE#         246
  C:6AEEH         LINE#         247
  C:6AF9H         LINE#         248
  C:6AF9H         LINE#         249
  C:6AFFH         LINE#         250
  C:6B05H         LINE#         251
  C:6B05H         LINE#         252
  C:6B08H         LINE#         253
  C:6B08H         LINE#         254
  C:6B10H         LINE#         255
  C:6B10H         LINE#         256
  C:6B11H         LINE#         257
  C:6B14H         LINE#         258
  C:6B1FH         LINE#         259
  C:6B1FH         LINE#         260
  C:6B25H         LINE#         261
  C:6B25H         LINE#         262
  C:6B28H         LINE#         263
  C:6B28H         LINE#         264
  C:6B30H         LINE#         265
  C:6B33H         LINE#         266
  C:6B39H         LINE#         267
  C:6B3CH         LINE#         268
  C:6B3CH         LINE#         269
  C:6B42H         LINE#         270
  C:6B45H         LINE#         271
  C:6B4BH         LINE#         272
  C:6B86H         LINE#         273
  C:6B86H         LINE#         274
  C:6B86H         LINE#         275
  C:6B89H         LINE#         276
  C:6B89H         LINE#         277
  C:6B8CH         LINE#         278
  C:6B8CH         LINE#         279
  C:6B8FH         LINE#         280
  C:6B8FH         LINE#         281
  C:6B92H         LINE#         282
  C:6B92H         LINE#         283
  C:6B95H         LINE#         284
  C:6B95H         LINE#         285
  C:6B98H         LINE#         286
  C:6B98H         LINE#         287
  C:6B9BH         LINE#         288
  C:6B9BH         LINE#         289
  C:6B9EH         LINE#         290
  C:6B9EH         LINE#         291
  C:6BA1H         LINE#         292
  C:6BA1H         LINE#         293
  C:6BA4H         LINE#         294
BL51 BANKED LINKER/LOCATER V6.22.2.0                                                  06/01/2022  09:37:04  PAGE 32


  C:6BA4H         LINE#         295
  C:6BA7H         LINE#         296
  C:6BA7H         LINE#         297
  C:6BAAH         LINE#         298
  C:6BAAH         LINE#         299
  C:6BADH         LINE#         300
  C:6BADH         LINE#         301
  C:6BB0H         LINE#         302
  C:6BB0H         LINE#         303
  C:6BB3H         LINE#         304
  C:6BB3H         LINE#         305
  C:6BB6H         LINE#         306
  C:6BB6H         LINE#         307
  C:6BB6H         LINE#         308
  C:6BB6H         LINE#         309
  C:6BBEH         LINE#         310
  C:6BBEH         LINE#         311
  C:6BC4H         LINE#         312
  C:6BC8H         LINE#         313
  C:6BC8H         LINE#         314
  C:6BCAH         LINE#         315
  C:6BCAH         LINE#         316
  C:6BD2H         LINE#         317
  C:6BD2H         LINE#         318
  C:6BD8H         LINE#         319
  C:6BDAH         LINE#         320
  C:6BE2H         LINE#         321
  C:6BE2H         LINE#         322
  C:6BE6H         LINE#         323
  C:6BE6H         LINE#         324
  C:6BE6H         LINE#         326
  C:6BE6H         LINE#         327
  C:6BE8H         LINE#         328
  -------         ENDPROC       KEYSCAN
  -------         PROC          SKEYSCAN
  -------         DO            
  X:1387H         SYMBOL        SkeyStep
[...]
  D:0005H         SYMBOL        TIM
  D:0001H         SYMBOL        TIMx
  C:4E59H         LINE#         63
  C:4E5BH         LINE#         64
  C:4E5BH         LINE#         66
  C:4E61H         LINE#         67
  C:4E61H         LINE#         68
  C:4E63H         LINE#         69
  C:4E70H         LINE#         70
  C:4E72H         LINE#         71
  C:4E81H         LINE#         72
  C:4EAFH         LINE#         74
  C:4EBBH         LINE#         75
  C:4EC2H         LINE#         76
  C:4ECFH         LINE#         77
  C:4ED5H         LINE#         78
  C:4EDEH         LINE#         79
  C:4EE1H         LINE#         80
  C:4EEFH         LINE#         81
  C:4EF2H         LINE#         83
  C:4F04H         LINE#         84
  C:4F0FH         LINE#         85
  C:4F12H         LINE#         86
  C:4F12H         LINE#         89
  C:4F1AH         LINE#         90
  C:4F1AH         LINE#         91
  C:4F1CH         LINE#         92
  C:4F29H         LINE#         93
  C:4F2BH         LINE#         94
  C:4F3AH         LINE#         95
  C:4F68H         LINE#         96
  C:4F74H         LINE#         97
  C:4F7BH         LINE#         98
  C:4F88H         LINE#         99
  C:4F8EH         LINE#         100
  C:4F97H         LINE#         101
BL51 BANKED LINKER/LOCATER V6.22.2.0                                                  06/01/2022  09:37:04  PAGE 132


  C:4F9AH         LINE#         102
  C:4FA8H         LINE#         103
  C:4FABH         LINE#         105
  C:4FBDH         LINE#         106
  C:4FC8H         LINE#         107
  C:4FCBH         LINE#         108
  C:4FCBH         LINE#         149
  C:4FD0H         LINE#         150
  C:4FD0H         LINE#         151
  C:4FD3H         LINE#         152
  C:4FE1H         LINE#         153
  C:4FE4H         LINE#         154
  C:4FF3H         LINE#         155
  C:4FFAH         LINE#         156
  C:5005H         LINE#         157
  C:5013H         LINE#         158
  C:5016H         LINE#         159
  C:5024H         LINE#         160
  C:5027H         LINE#         162
  C:5037H         LINE#         163
  C:5043H         LINE#         164
  C:5046H         LINE#         165
  C:5046H         LINE#         167
  C:5048H         LINE#         168
  -------         ENDPROC       _TIMER_INILIZE
  -------         ENDMOD        TIMER

  -------         MODULE        GPIO
  C:0000H         SYMBOL        _ICE_DUMMY_
  D:0093H         PUBLIC        P0M1
  D:0092H         PUBLIC        P1M0
  D:0096H         PUBLIC        P2M0
  D:0091H         PUBLIC        P1M1
  D:0080H         PUBLIC        P0
  D:00B2H         PUBLIC        P3M0
  D:0095H         PUBLIC        P2M1
  D:0090H         PUBLIC        P1
  D:00B4H         PUBLIC        P4M0
  D:00B1H         PUBLIC        P3M1
  D:00A0H         PUBLIC        P2
  D:00CAH         PUBLIC        P5M0
  D:00B3H         PUBLIC        P4M1
  D:00B0H         PUBLIC        P3
  D:00CCH         PUBLIC        P6M0
  D:00C9H         PUBLIC        P5M1
  D:00C0H         PUBLIC        P4
  D:00E2H         PUBLIC        P7M0
  D:00CBH         PUBLIC        P6M1
  D:00C8H         PUBLIC        P5
  D:00E8H         PUBLIC        P6
  D:00E1H         PUBLIC        P7M1
  D:00F8H         PUBLIC        P7
  D:00A8H         PUBLIC        IE
  D:00B8H         PUBLIC        IP
  D:00D8H         PUBLIC        CCON
  D:0098H         PUBLIC        SCON
  D:0088H         PUBLIC        TCON
BL51 BANKED LINKER/LOCATER V6.22.2.0                                                  06/01/2022  09:37:04  PAGE 133


  D:00F0H         PUBLIC        B
  D:00E0H         PUBLIC        ACC
  C:4326H         PUBLIC        _GPIO_Inilize
  D:00D0H         PUBLIC        PSW
  D:0094H         PUBLIC        P0M0
  -------         PROC          _GPIO_INILIZE
  D:0007H         SYMBOL        GPIO
  D:0001H         SYMBOL        GPIOx
  C:4326H         LINE#         10
  C:4326H         LINE#         11
  C:4326H         LINE#         12
  C:432FH         LINE#         13
  C:433BH         LINE#         14
  C:433EH         LINE#         15
  C:433EH         LINE#         16
  C:434CH         LINE#         17
  C:435DH         LINE#         18
  C:436EH         LINE#         19
  C:437FH         LINE#         20
  C:437FH         LINE#         21
  C:4384H         LINE#         22
  C:4384H         LINE#         23
  C:4395H         LINE#         24
  C:43A4H         LINE#         25
  C:43B4H         LINE#         26
  C:43C7H         LINE#         27
  C:43C7H         LINE#         28
  C:43CCH         LINE#         29
  C:43CCH         LINE#         30
  C:43DDH         LINE#         31
  C:43ECH         LINE#         32
  C:43FCH         LINE#         33
  C:440FH         LINE#         34
  C:440FH         LINE#         35
  C:4414H         LINE#         36
  C:4414H         LINE#         37
  C:4425H         LINE#         38
  C:4434H         LINE#         39
  C:4444H         LINE#         40
  C:4457H         LINE#         41
  C:4457H         LINE#         42
  C:445CH         LINE#         43
  C:445CH         LINE#         44
  C:446DH         LINE#         45
  C:447CH         LINE#         46
  C:448CH         LINE#         47
  C:449FH         LINE#         48
  C:449FH         LINE#         49
  C:44A4H         LINE#         50
  C:44A4H         LINE#         51
  C:44B5H         LINE#         52
  C:44C4H         LINE#         53
  C:44D4H         LINE#         54
  C:44E7H         LINE#         55
  C:44E7H         LINE#         56
  C:44ECH         LINE#         57
  C:44ECH         LINE#         58
BL51 BANKED LINKER/LOCATER V6.22.2.0                                                  06/01/2022  09:37:04  PAGE 134


  C:44FDH         LINE#         59
  C:450CH         LINE#         60
  C:451CH         LINE#         61
  C:452FH         LINE#         62
  C:452FH         LINE#         63
  C:4534H         LINE#         64
  C:4534H         LINE#         65
  C:4545H         LINE#         66
  C:4554H         LINE#         67
  C:4564H         LINE#         68
  C:4577H         LINE#         69
  C:4577H         LINE#         70
  C:4579H         LINE#         71
  -------         ENDPROC       _GPIO_INILIZE
  -------         ENDMOD        GPIO

  -------         MODULE        EXTI
  C:0000H         SYMBOL        _ICE_DUMMY_
  D:0080H         PUBLIC        P0
  D:0090H         PUBLIC        P1
  D:00A0H         PUBLIC        P2
  D:00B0H         PUBLIC        P3
  D:00C0H         PUBLIC        P4
  D:00C8H         PUBLIC        P5
  D:00E8H         PUBLIC        P6
  D:00F8H         PUBLIC        P7
  D:00A8H         PUBLIC        IE
  D:00B8H         PUBLIC        IP
  D:00D8H         PUBLIC        CCON
  C:8A77H         PUBLIC        Ext_INT0
  D:0098H         PUBLIC        SCON
  D:0088H         PUBLIC        TCON
  B:0088H.1       PUBLIC        IE0
  D:00F0H         PUBLIC        B
  D:00E0H         PUBLIC        ACC
  B:00A8H.0       PUBLIC        EX0
  B:0088H.0       PUBLIC        IT0
  B:00B8H.0       PUBLIC        PX0
  D:00B7H         PUBLIC        IPH
  C:8636H         PUBLIC        _Ext_Inilize
  D:00D0H         PUBLIC        PSW
  -------         PROC          EXT_INT0
  C:8A77H         LINE#         8
  C:8A94H         LINE#         11
  C:8A97H         LINE#         12
  C:8A9CH         LINE#         13
  -------         ENDPROC       EXT_INT0
  -------         PROC          _EXT_INILIZE
  D:0007H         SYMBOL        EXT
  D:0001H         SYMBOL        INTx
  C:8636H         LINE#         51
  C:8636H         LINE#         52
  C:8636H         LINE#         55
  C:8639H         LINE#         56
  C:8639H         LINE#         57
  C:863BH         LINE#         58
  C:8648H         LINE#         59
BL51 BANKED LINKER/LOCATER V6.22.2.0                                                  06/01/2022  09:37:04  PAGE 135


  C:864AH         LINE#         60
  C:8659H         LINE#         61
  C:8687H         LINE#         62
  C:8691H         LINE#         63
  C:8693H         LINE#         64
  C:8696H         LINE#         65
  C:8696H         LINE#         104
  C:8698H         LINE#         105
  -------         ENDPROC       _EXT_INILIZE
  -------         ENDMOD        EXTI

  -------         MODULE        SPI
  C:0000H         SYMBOL        _ICE_DUMMY_
  D:0080H         PUBLIC        P0
  D:0090H         PUBLIC        P1
  C:891FH         PUBLIC        SPI_Transivion
  D:00A0H         PUBLIC        P2
  D:00B0H         PUBLIC        P3
  D:00C0H         PUBLIC        P4
  D:00C8H         PUBLIC        P5
  D:00E8H         PUBLIC        P6
  D:00F8H         PUBLIC        P7
  D:00CEH         PUBLIC        SPCTL
  D:00A2H         PUBLIC        P_SW1
  D:00A8H         PUBLIC        IE
  B:0023H.4       PUBLIC        B_SPI_Busy
  D:00B8H         PUBLIC        IP
  C:786CH         PUBLIC        _SPI_Flash_Read
  D:00D8H         PUBLIC        CCON
  D:0098H         PUBLIC        SCON
  D:0088H         PUBLIC        TCON
  B:00F8H.4       PUBLIC        P74
  X:114DH         PUBLIC        SPI_RxCnt
  D:00AFH         PUBLIC        IE2
  D:00F0H         PUBLIC        B
  D:00E0H         PUBLIC        ACC
  X:114EH         PUBLIC        SPI_RxTimerOut
  D:00CDH         PUBLIC        SPSTAT
  C:7905H         PUBLIC        _SPI_Init
  C:94D7H         PUBLIC        _SPI_ReadWriteByte
  X:114FH         PUBLIC        SPI_RxBuffer
  D:00D0H         PUBLIC        PSW
  D:00CFH         PUBLIC        SPDAT
  -------         PROC          _SPI_INIT
  D:0001H         SYMBOL        SPIx
  C:7905H         LINE#         29
  C:7905H         LINE#         30
  C:7905H         LINE#         31
  C:7913H         LINE#         32
  C:7916H         LINE#         33
  C:7921H         LINE#         34
  C:7924H         LINE#         35
  C:7932H         LINE#         36
  C:7935H         LINE#         37
  C:7942H         LINE#         38
  C:7945H         LINE#         39
  C:7953H         LINE#         40
BL51 BANKED LINKER/LOCATER V6.22.2.0                                                  06/01/2022  09:37:04  PAGE 136


  C:7956H         LINE#         41
  C:7963H         LINE#         42
  C:7966H         LINE#         43
  C:7974H         LINE#         44
  C:7977H         LINE#         45
  C:7987H         LINE#         46
  C:7995H         LINE#         48
  C:799AH         LINE#         49
  C:799CH         LINE#         50
  -------         ENDPROC       _SPI_INIT
  -------         PROC          SPI_TRANSIVION
  C:891FH         LINE#         96
  C:892CH         LINE#         98
  C:8931H         LINE#         99
  C:8931H         LINE#         100
  C:8933H         LINE#         101
  C:8935H         LINE#         103
  C:8935H         LINE#         104
  C:8940H         LINE#         105
  C:8954H         LINE#         106
  C:895AH         LINE#         107
  C:895AH         LINE#         108
  C:895DH         LINE#         109
  -------         ENDPROC       SPI_TRANSIVION
  -------         PROC          L?0028
  -------         ENDPROC       L?0028
  -------         PROC          _SPI_READWRITEBYTE
  D:0007H         SYMBOL        dat
  C:94D7H         LINE#         111
  C:94D7H         LINE#         112
  C:94D7H         LINE#         113
  C:94D9H         LINE#         114
  C:94DBH         LINE#         115
  C:94DEH         LINE#         116
  C:94E0H         LINE#         117
  C:94E0H         LINE#         118
  -------         ENDPROC       _SPI_READWRITEBYTE
  -------         PROC          _SPI_FLASH_READ
  X:112CH         SYMBOL        pBuffer
  X:112FH         SYMBOL        ReadAddr
  X:1133H         SYMBOL        NumByteToRead
  -------         DO            
  X:1135H         SYMBOL        i
  X:1137H         SYMBOL        tmp
  -------         ENDDO         
  C:786CH         LINE#         139
  C:787BH         LINE#         140
  C:787BH         LINE#         141
  C:787BH         LINE#         142
  C:787DH         LINE#         143
  C:7884H         LINE#         144
  C:7889H         LINE#         145
  C:788EH         LINE#         146
  C:7893H         LINE#         147
  C:789EH         LINE#         148
  C:78BAH         LINE#         149
  C:78BAH         LINE#         150
BL51 BANKED LINKER/LOCATER V6.22.2.0                                                  06/01/2022  09:37:04  PAGE 137


  C:78CBH         LINE#         151
  C:78F2H         LINE#         152
  C:7902H         LINE#         153
  C:7904H         LINE#         154
  -------         ENDPROC       _SPI_FLASH_READ
  -------         ENDMOD        SPI

  -------         MODULE        ?C?COPY
  C:09B6H         PUBLIC        ?C?COPY
  -------         ENDMOD        ?C?COPY

  -------         MODULE        ?C?CLDPTR
  C:09DCH         PUBLIC        ?C?CLDPTR
  -------         ENDMOD        ?C?CLDPTR

  -------         MODULE        ?C?CLDOPTR
  C:09F5H         PUBLIC        ?C?CLDOPTR
  -------         ENDMOD        ?C?CLDOPTR

  -------         MODULE        ?C?CSTPTR
  C:0A22H         PUBLIC        ?C?CSTPTR
  -------         ENDMOD        ?C?CSTPTR

  -------         MODULE        ?C?CSTOPTR
  C:0A34H         PUBLIC        ?C?CSTOPTR
  -------         ENDMOD        ?C?CSTOPTR

  -------         MODULE        ?C?IMUL
  C:0A56H         PUBLIC        ?C?IMUL
  -------         ENDMOD        ?C?IMUL

  -------         MODULE        ?C?UIDIV
  C:0A68H         PUBLIC        ?C?UIDIV
  -------         ENDMOD        ?C?UIDIV

  -------         MODULE        ?C?IILDX
  C:0ABDH         PUBLIC        ?C?IILDX
  -------         ENDMOD        ?C?IILDX

  -------         MODULE        ?C?ILDIX
  C:0AD3H         PUBLIC        ?C?ILDIX
  -------         ENDMOD        ?C?ILDIX

  -------         MODULE        ?C?ILDPTR
  C:0AE9H         PUBLIC        ?C?ILDPTR
  -------         ENDMOD        ?C?ILDPTR

  -------         MODULE        ?C?ILDOPTR
  C:0B14H         PUBLIC        ?C?ILDOPTR
  -------         ENDMOD        ?C?ILDOPTR

  -------         MODULE        ?C?LMUL
  C:0B4CH         PUBLIC        ?C?LMUL
  -------         ENDMOD        ?C?LMUL

  -------         MODULE        ?C?ULDIV
  C:0BD7H         PUBLIC        ?C?ULDIV
BL51 BANKED LINKER/LOCATER V6.22.2.0                                                  06/01/2022  09:37:04  PAGE 138


  -------         ENDMOD        ?C?ULDIV

  -------         MODULE        ?C?ULCMP
  C:0C69H         PUBLIC        ?C?ULCMP
  -------         ENDMOD        ?C?ULCMP

  -------         MODULE        ?C?ULSHR
  C:0C7AH         PUBLIC        ?C?ULSHR
  -------         ENDMOD        ?C?ULSHR

  -------         MODULE        ?C?LSHL
  C:0C8DH         PUBLIC        ?C?LSHL
  -------         ENDMOD        ?C?LSHL

  -------         MODULE        ?C?LLDOPTR
  C:0CA0H         PUBLIC        ?C?LLDOPTR
  -------         ENDMOD        ?C?LLDOPTR

  -------         MODULE        ?C?LLDOPTR0
  C:0CD0H         PUBLIC        ?C?LLDOPTR0
  -------         ENDMOD        ?C?LLDOPTR0

  -------         MODULE        ?C?LSTXDATA
  C:0D00H         PUBLIC        ?C?LSTXDATA
  -------         ENDMOD        ?C?LSTXDATA

  -------         MODULE        ?C?LSTKXDATA
  C:0D0CH         PUBLIC        ?C?LSTKXDATA
  -------         ENDMOD        ?C?LSTKXDATA

  -------         MODULE        ?C?OFFXADD
  C:0D3DH         PUBLIC        ?C?OFFXADD
  -------         ENDMOD        ?C?OFFXADD

  -------         MODULE        ?C?CCASE
  C:0D49H         PUBLIC        ?C?CCASE
  -------         ENDMOD        ?C?CCASE

  -------         MODULE        ?C?ICALL
  C:0D6FH         PUBLIC        ?C?ICALL
  C:0D73H         PUBLIC        ?C?ICALL2
  -------         ENDMOD        ?C?ICALL

  -------         MODULE        PRINTF
  X:1124H         PUBLIC        ?_PRINTF517?BYTE
  X:1124H         PUBLIC        ?_PRINTF?BYTE
  X:1124H         PUBLIC        ?_SPRINTF517?BYTE
  X:1124H         PUBLIC        ?_SPRINTF?BYTE
  C:2E26H         PUBLIC        _PRINTF
  C:2E26H         PUBLIC        _PRINTF517
  C:2E20H         PUBLIC        _SPRINTF
  C:2E20H         PUBLIC        _SPRINTF517
  -------         ENDMOD        PRINTF

  -------         MODULE        SCANF
  X:10D5H         PUBLIC        ?_SCANF517?BYTE
  X:10D5H         PUBLIC        ?_SCANF?BYTE
BL51 BANKED LINKER/LOCATER V6.22.2.0                                                  06/01/2022  09:37:04  PAGE 139


  X:10D5H         PUBLIC        ?_SSCANF517?BYTE
  X:10D5H         PUBLIC        ?_SSCANF?BYTE
  C:3B5DH         PUBLIC        _SCANF
  C:3B5DH         PUBLIC        _SCANF517
  C:3B59H         PUBLIC        _SSCANF
  C:3B59H         PUBLIC        _SSCANF517
  -------         ENDMOD        SCANF

  -------         MODULE        ?C?ISTPTR
  C:0D75H         PUBLIC        ?C?ISTPTR
  -------         ENDMOD        ?C?ISTPTR

  -------         MODULE        ?C?LNEG
  C:0D94H         PUBLIC        ?C?LNEG
  -------         ENDMOD        ?C?LNEG

  -------         MODULE        ?C?LSTPTR
  C:0DA2H         PUBLIC        ?C?LSTPTR
  -------         ENDMOD        ?C?LSTPTR

  -------         MODULE        ?C?LLDIDATA
  C:0DBCH         PUBLIC        ?C?LLDIDATA
  -------         ENDMOD        ?C?LLDIDATA

  -------         MODULE        ?C?LLDXDATA
  C:0DC8H         PUBLIC        ?C?LLDXDATA
  -------         ENDMOD        ?C?LLDXDATA

  -------         MODULE        ?C?LLDPDATA
  C:0DD4H         PUBLIC        ?C?LLDPDATA
  -------         ENDMOD        ?C?LLDPDATA

  -------         MODULE        ?C?LLDCODE
  C:0DE0H         PUBLIC        ?C?LLDCODE
  -------         ENDMOD        ?C?LLDCODE

  -------         MODULE        ?C?LLDIDATA0
  C:0DF0H         PUBLIC        ?C?LLDIDATA0
  -------         ENDMOD        ?C?LLDIDATA0

  -------         MODULE        ?C?LLDXDATA0
  C:0DFDH         PUBLIC        ?C?LLDXDATA0
  -------         ENDMOD        ?C?LLDXDATA0

  -------         MODULE        ?C?LLDPDATA0
  C:0E09H         PUBLIC        ?C?LLDPDATA0
  -------         ENDMOD        ?C?LLDPDATA0

  -------         MODULE        ?C?LLDCODE0
  C:0E16H         PUBLIC        ?C?LLDCODE0
  -------         ENDMOD        ?C?LLDCODE0

  -------         MODULE        ?C?PLDXDATA
  C:0E26H         PUBLIC        ?C?PLDXDATA
  -------         ENDMOD        ?C?PLDXDATA

  -------         MODULE        ?C?PLDIXDATA
BL51 BANKED LINKER/LOCATER V6.22.2.0                                                  06/01/2022  09:37:04  PAGE 140


  C:0E2FH         PUBLIC        ?C?PLDIXDATA
  -------         ENDMOD        ?C?PLDIXDATA

  -------         MODULE        ?C?PILDXDATA
  C:0E46H         PUBLIC        ?C?PILDXDATA
  -------         ENDMOD        ?C?PILDXDATA

  -------         MODULE        ?C?PSTXDATA
  C:0E5DH         PUBLIC        ?C?PSTXDATA
  -------         ENDMOD        ?C?PSTXDATA

  -------         MODULE        GETCHAR
  B:0023H.5       PUBLIC        ?C?CHARLOADED
  X:13A4H         PUBLIC        ?_UNGETCHAR?BYTE
  C:96C9H         PUBLIC        GETCHAR
  -------         ENDMOD        GETCHAR

  -------         MODULE        UNGETC
  C:9827H         PUBLIC        _UNGETCHAR
  -------         ENDMOD        UNGETC

  -------         MODULE        ISSPACE
  C:96DDH         PUBLIC        _isspace
  -------         ENDMOD        ISSPACE

  -------         MODULE        ?C?LSTIDATA
  C:0E66H         PUBLIC        ?C?LSTIDATA
  -------         ENDMOD        ?C?LSTIDATA

  -------         MODULE        ?C?LSTPDATA
  C:0E72H         PUBLIC        ?C?LSTPDATA
  -------         ENDMOD        ?C?LSTPDATA

  -------         MODULE        _GETKEY
  C:9814H         PUBLIC        _GETKEY
  -------         ENDMOD        _GETKEY

*** WARNING L16: UNCALLED SEGMENT, IGNORED FOR OVERLAY PROCESS
    SEGMENT: ?PR?_DISPLAYCSQ?LCD12864

*** WARNING L16: UNCALLED SEGMENT, IGNORED FOR OVERLAY PROCESS
    SEGMENT: ?PR?_ATCMDCB_CLCC?GSM

*** WARNING L16: UNCALLED SEGMENT, IGNORED FOR OVERLAY PROCESS
    SEGMENT: ?PR?_GETPSWBYROOM?UNLOCKPASSWORD

Program Size: data=17.6 xdata=5029 code=38946
LINK/LOCATE RUN COMPLETE.  3 WARNING(S),  0 ERROR(S)
