BL51 BANKED LINKER/LOCATER V6.22.2.0                                                    01/18/2022  14:53:23  PAGE 1


BL51 BANKED LINKER/LOCATER V6.22.2.0, INVOKED BY:
D:\KEIL_V5\C51\BIN\BL51.EXE .\Objects\STARTUP.obj, .\Objects\main.obj, .\Objects\Driver.obj, .\Objects\LCD12864.obj, .\O
>> bjects\GSM.obj, .\Objects\NameList.obj, .\Objects\Eeprom.obj, .\Objects\SysStatus.obj, .\Objects\UnlockPassword.obj, 
>> .\Objects\SysString.obj, .\Objects\Card.obj, .\Objects\CardRead.obj, .\Objects\Audio.obj, .\Objects\UART.obj, .\Objec
>> ts\timer.obj, .\Objects\GPIO.obj, .\Objects\Exti.obj, .\Objects\spi.obj TO .\Objects\GSM PRINT (.\Listings\GSM.m51) R
>> AMSIZE (256)


MEMORY MODEL: LARGE


INPUT MODULES INCLUDED:
  .\Objects\STARTUP.obj (?C_STARTUP)
  .\Objects\main.obj (MAIN)
  .\Objects\Driver.obj (DRIVER)
  .\Objects\LCD12864.obj (LCD12864)
  .\Objects\GSM.obj (GSM)
  .\Objects\NameList.obj (NAMELIST)
  .\Objects\Eeprom.obj (EEPROM)
  .\Objects\SysStatus.obj (SYSSTATUS)
  .\Objects\UnlockPassword.obj (UNLOCKPASSWORD)
  .\Objects\SysString.obj (SYSSTRING)
  .\Objects\Card.obj (CARD)
  .\Objects\CardRead.obj (CARDREAD)
  .\Objects\Audio.obj (AUDIO)
  .\Objects\UART.obj (UART)
  .\Objects\timer.obj (TIMER)
  .\Objects\GPIO.obj (GPIO)
  .\Objects\Exti.obj (EXTI)
  .\Objects\spi.obj (SPI)
  D:\KEIL_V5\C51\LIB\C51L.LIB (?C_INIT)
  D:\KEIL_V5\C51\LIB\C51L.LIB (?C?COPY)
  D:\KEIL_V5\C51\LIB\C51L.LIB (?C?CLDPTR)
  D:\KEIL_V5\C51\LIB\C51L.LIB (?C?CLDOPTR)
  D:\KEIL_V5\C51\LIB\C51L.LIB (?C?CSTPTR)
  D:\KEIL_V5\C51\LIB\C51L.LIB (?C?CSTOPTR)
  D:\KEIL_V5\C51\LIB\C51L.LIB (?C?IMUL)
  D:\KEIL_V5\C51\LIB\C51L.LIB (?C?UIDIV)
  D:\KEIL_V5\C51\LIB\C51L.LIB (?C?IILDX)
  D:\KEIL_V5\C51\LIB\C51L.LIB (?C?ILDIX)
  D:\KEIL_V5\C51\LIB\C51L.LIB (?C?ILDPTR)
  D:\KEIL_V5\C51\LIB\C51L.LIB (?C?ILDOPTR)
  D:\KEIL_V5\C51\LIB\C51L.LIB (?C?LMUL)
  D:\KEIL_V5\C51\LIB\C51L.LIB (?C?ULDIV)
  D:\KEIL_V5\C51\LIB\C51L.LIB (?C?ULCMP)
  D:\KEIL_V5\C51\LIB\C51L.LIB (?C?ULSHR)
  D:\KEIL_V5\C51\LIB\C51L.LIB (?C?LSHL)
  D:\KEIL_V5\C51\LIB\C51L.LIB (?C?LLDOPTR)
  D:\KEIL_V5\C51\LIB\C51L.LIB (?C?LLDOPTR0)
  D:\KEIL_V5\C51\LIB\C51L.LIB (?C?LSTXDATA)
  D:\KEIL_V5\C51\LIB\C51L.LIB (?C?LSTKXDATA)
  D:\KEIL_V5\C51\LIB\C51L.LIB (?C?OFFXADD)
  D:\KEIL_V5\C51\LIB\C51L.LIB (?C?CCASE)
  D:\KEIL_V5\C51\LIB\C51L.LIB (?C?ICALL)
  D:\KEIL_V5\C51\LIB\C51L.LIB (PRINTF)
  D:\KEIL_V5\C51\LIB\C51L.LIB (SCANF)
  D:\KEIL_V5\C51\LIB\C51L.LIB (?C?ISTPTR)
  D:\KEIL_V5\C51\LIB\C51L.LIB (?C?LNEG)
BL51 BANKED LINKER/LOCATER V6.22.2.0                                                  01/18/2022  14:53:23  PAGE 2


  D:\KEIL_V5\C51\LIB\C51L.LIB (?C?LSTPTR)
  D:\KEIL_V5\C51\LIB\C51L.LIB (?C?LLDIDATA)
  D:\KEIL_V5\C51\LIB\C51L.LIB (?C?LLDXDATA)
  D:\KEIL_V5\C51\LIB\C51L.LIB (?C?LLDPDATA)
  D:\KEIL_V5\C51\LIB\C51L.LIB (?C?LLDCODE)
  D:\KEIL_V5\C51\LIB\C51L.LIB (?C?LLDIDATA0)
  D:\KEIL_V5\C51\LIB\C51L.LIB (?C?LLDXDATA0)
  D:\KEIL_V5\C51\LIB\C51L.LIB (?C?LLDPDATA0)
  D:\KEIL_V5\C51\LIB\C51L.LIB (?C?LLDCODE0)
  D:\KEIL_V5\C51\LIB\C51L.LIB (?C?PLDXDATA)
  D:\KEIL_V5\C51\LIB\C51L.LIB (?C?PLDIXDATA)
  D:\KEIL_V5\C51\LIB\C51L.LIB (?C?PILDXDATA)
  D:\KEIL_V5\C51\LIB\C51L.LIB (?C?PSTXDATA)
  D:\KEIL_V5\C51\LIB\C51L.LIB (GETCHAR)
  D:\KEIL_V5\C51\LIB\C51L.LIB (UNGETC)
  D:\KEIL_V5\C51\LIB\C51L.LIB (ISSPACE)
  D:\KEIL_V5\C51\LIB\C51L.LIB (?C?LSTIDATA)
  D:\KEIL_V5\C51\LIB\C51L.LIB (?C?LSTPDATA)
  D:\KEIL_V5\C51\LIB\C51L.LIB (_GETKEY)


LINK MAP OF MODULE:  .\Objects\GSM (?C_STARTUP)


            TYPE    BASE      LENGTH    RELOCATION   SEGMENT NAME
            -----------------------------------------------------

            * * * * * * *   D A T A   M E M O R Y   * * * * * * *
            REG     0000H     0008H     ABSOLUTE     "REG BANK 0"
            DATA    0008H     0005H     UNIT         _DATA_GROUP_
                    000DH     0013H                  *** GAP ***
            BIT     0020H.0   0001H.2   UNIT         _BIT_GROUP_
            BIT     0021H.2   0000H.3   UNIT         ?BI?GSM
            BIT     0021H.5   0000H.3   UNIT         ?BI?UNLOCKPASSWORD
            BIT     0022H.0   0000H.3   UNIT         ?BI?CARDREAD
            BIT     0022H.3   0000H.3   UNIT         ?BI?AUDIO
            BIT     0022H.6   0000H.2   UNIT         ?BI?LCD12864
            BIT     0023H.0   0000H.2   UNIT         ?BI?CARD
            BIT     0023H.2   0000H.1   UNIT         ?BI?NAMELIST
            BIT     0023H.3   0000H.1   UNIT         ?BI?TIMER
            BIT     0023H.4   0000H.1   UNIT         ?BI?SPI
            BIT     0023H.5   0000H.1   UNIT         ?BI?GETCHAR
                    0023H.6   0000H.2                *** GAP ***
            IDATA   0024H     0001H     UNIT         ?STACK

            * * * * * * *  X D A T A   M E M O R Y  * * * * * * *
            XDATA   0000H     089EH     UNIT         ?XD?AUDIO
            XDATA   089EH     0406H     UNIT         ?XD?LCD12864
            XDATA   0CA4H     03D8H     UNIT         ?XD?UART
            XDATA   107CH     00D1H     UNIT         _XDATA_GROUP_
            XDATA   114DH     0082H     UNIT         ?XD?SPI
            XDATA   11CFH     007AH     UNIT         ?XD?SYSSTATUS
            XDATA   1249H     0074H     UNIT         ?XD?GSM
            XDATA   12BDH     0056H     UNIT         ?XD?NAMELIST
            XDATA   1313H     0052H     UNIT         ?XD?CARDREAD
            XDATA   1365H     0014H     UNIT         ?XD?SYSSTRING
            XDATA   1379H     000CH     UNIT         ?XD?UNLOCKPASSWORD
BL51 BANKED LINKER/LOCATER V6.22.2.0                                                  01/18/2022  14:53:23  PAGE 3


            XDATA   1385H     000BH     UNIT         ?XD?DRIVER
            XDATA   1390H     0008H     UNIT         ?XD?CARD
            XDATA   1398H     0005H     UNIT         ?XD?_GETPSWBYROOM?UNLOCKPASSWORD
            XDATA   139DH     0003H     UNIT         ?XD?MAIN
            XDATA   13A0H     0003H     UNIT         ?XD?_DISPLAYCSQ?LCD12864
            XDATA   13A3H     0001H     UNIT         ?XD?TIMER
            XDATA   13A4H     0001H     UNIT         ?XD?GETCHAR

            * * * * * * *   C O D E   M E M O R Y   * * * * * * *
            CODE    0000H     0003H     ABSOLUTE     
            CODE    0003H     0003H     ABSOLUTE     
                    0006H     0005H                  *** GAP ***
            CODE    000BH     0003H     ABSOLUTE     
            CODE    000EH     000AH     UNIT         ?PR?CLEARNAMELIST?NAMELIST
                    0018H     0003H                  *** GAP ***
            CODE    001BH     0003H     ABSOLUTE     
                    001EH     0005H                  *** GAP ***
            CODE    0023H     0003H     ABSOLUTE     
            CODE    0026H     0025H     UNIT         ?PR?_UNLOCK?DRIVER
            CODE    004BH     0003H     ABSOLUTE     
            CODE    004EH     003DH     UNIT         ?PR?TIMER0_INT?TIMER
            CODE    008BH     0003H     ABSOLUTE     
            CODE    008EH     0015H     UNIT         ?PR?IIC_NACK?EEPROM
            CODE    00A3H     0003H     ABSOLUTE     
            CODE    00A6H     0840H     UNIT         ?CO?LCD12864
            CODE    08E6H     0598H     UNIT         ?C?LIB_CODE
            CODE    0E7EH     0516H     UNIT         ?PR?CHECKRFIDCARD?CARDREAD
            CODE    1394H     04E4H     UNIT         ?PR?_REVNAMELIST?NAMELIST
            CODE    1878H     04C9H     UNIT         ?PR?_NAMEEDITKEY?NAMELIST
            CODE    1D41H     0496H     UNIT         ?PR?_UART_CONFIGURATION?UART
            CODE    21D7H     0484H     UNIT         ?CO?SYSSTRING
            CODE    265BH     0446H     UNIT         ?PR?_PSWEDITKEY?UNLOCKPASSWORD
            CODE    2AA1H     040BH     UNIT         ?PR?_MODEMRECEIVEHANDLE?GSM
            CODE    2EACH     0365H     UNIT         ?PR?PRINTF?PRINTF
            CODE    3211H     035DH     UNIT         ?CO?GSM
            CODE    356EH     0339H     UNIT         ?PR?GSM_INITTASK?GSM
            CODE    38A7H     0326H     UNIT         ?PR?_SHOWPSW?UNLOCKPASSWORD
            CODE    3BCDH     0322H     UNIT         ?PR?SCANF?SCANF
            CODE    3EEFH     02DBH     UNIT         ?PR?_SYSPSWEDITKEY?UNLOCKPASSWORD
            CODE    41CAH     027DH     UNIT         ?PR?_SHOWNAME?NAMELIST
            CODE    4447H     0277H     UNIT         ?PR?_GPIO_INILIZE?GPIO
            CODE    46BEH     0252H     UNIT         ?PR?_SHOWCARD?CARD
            CODE    4910H     0240H     UNIT         ?PR?_NAMEDELETEKEY?NAMELIST
            CODE    4B50H     023CH     UNIT         ?C_INITSEG
            CODE    4D8CH     0225H     UNIT         ?PR?MAIN?MAIN
            CODE    4FB1H     021DH     UNIT         ?PR?_TIMER_INILIZE?TIMER
            CODE    51CEH     01E5H     UNIT         ?PR?SHOWSUBPARA?SYSSTATUS
            CODE    53B3H     01CEH     UNIT         ?PR?_SAVESUBPARA?SYSSTATUS
            CODE    5581H     01C9H     UNIT         ?PR?_CARDDELETEKEY?CARD
            CODE    574AH     01C3H     UNIT         ?PR?_CARDEDITKEY?CARD
            CODE    590DH     01BBH     UNIT         ?PR?_PSWDELETEKEY?UNLOCKPASSWORD
            CODE    5AC8H     01A1H     UNIT         ?PR?_SYSSUBSETKEY?SYSSTATUS
            CODE    5C69H     0186H     UNIT         ?PR?_ATCMDCB_CPIN?GSM
            CODE    5DEFH     0183H     UNIT         ?PR?WAVREADTASK?AUDIO
            CODE    5F72H     017EH     UNIT         ?PR?_SYSKEY?SYSSTATUS
            CODE    60F0H     017DH     UNIT         ?PR?_ATCMDCB_CREG?GSM
            CODE    626DH     0173H     UNIT         ?PR?_SUBSETCON?SYSSTATUS
BL51 BANKED LINKER/LOCATER V6.22.2.0                                                  01/18/2022  14:53:23  PAGE 4


            CODE    63E0H     016EH     UNIT         ?PR?_ATCMDCB_CSQ?GSM
            CODE    654EH     015DH     UNIT         ?PR?_WRITELCD?LCD12864
            CODE    66ABH     0159H     UNIT         ?PR?_PSWINPUTKEY?UNLOCKPASSWORD
            CODE    6804H     0151H     UNIT         ?PR?_SYSIDLEKEY?SYSSTATUS
            CODE    6955H     013FH     UNIT         ?PR?SKEYSCAN?DRIVER
            CODE    6A94H     013FH     UNIT         ?PR?CARDIRQ?CARDREAD
            CODE    6BD3H     0133H     UNIT         ?PR?INITSYSPARA?SYSSTATUS
            CODE    6D06H     012AH     UNIT         ?PR?_GSMUARTCMD?GSM
            CODE    6E30H     011DH     UNIT         ?PR?KEYSCAN?DRIVER
            CODE    6F4DH     010EH     UNIT         ?PR?_INPUTSYSPSW?SYSSTATUS
            CODE    705BH     010AH     UNIT         ?PR?_SYSINPUTROOM?SYSSTATUS
            CODE    7165H     00FDH     UNIT         ?CO?NAMELIST
            CODE    7262H     00F8H     UNIT         ?PR?_LOOKFORSTR?DRIVER
            CODE    735AH     00F0H     UNIT         ?PR?_CALLBYNAMEITEM?NAMELIST
            CODE    744AH     00EAH     UNIT         ?PR?_ADDCARDITEM?CARD
            CODE    7534H     00E8H     UNIT         ?PR?GPIO_CONFIG?DRIVER
            CODE    761CH     00E2H     UNIT         ?PR?_SYSSETTINGKEY?SYSSTATUS
            CODE    76FEH     00CBH     UNIT         ?CO?SYSSTATUS
            CODE    77C9H     00C0H     UNIT         ?PR?NAMEEDITCHAGETYPE?NAMELIST
            CODE    7889H     00ABH     UNIT         ?PR?_CHECKCARD?CARD
            CODE    7934H     00A1H     UNIT         ?PR?INITUSERPARA?SYSSTATUS
            CODE    79D5H     00A0H     UNIT         ?PR?UART3_INT?UART
            CODE    7A75H     009DH     UNIT         ?PR?_SHOWMAIN?SYSSTRING
            CODE    7B12H     009DH     UNIT         ?PR?_SPI_INIT?SPI
            CODE    7BAFH     0099H     UNIT         ?PR?SHOWGSMCSQ?SYSSTRING
            CODE    7C48H     0099H     UNIT         ?PR?_SPI_FLASH_READ?SPI
            CODE    7CE1H     0095H     UNIT         ?PR?_MP3_STARTPLAY?AUDIO
            CODE    7D76H     0093H     UNIT         ?PR?_BITBLT?LCD12864
            CODE    7E09H     0092H     UNIT         ?PR?UART1_INT?UART
            CODE    7E9BH     0091H     UNIT         ?PR?_DISPLAYFL?LCD12864
            CODE    7F2CH     008CH     UNIT         ?C_C51STARTUP
            CODE    7FB8H     008BH     UNIT         ?PR?NAMESETCON?NAMELIST
            CODE    8043H     008BH     UNIT         ?PR?_WRITEBUF_AT24C02?EEPROM
            CODE    80CEH     008BH     UNIT         ?PR?PSWSETCON?UNLOCKPASSWORD
            CODE    8159H     008BH     UNIT         ?PR?CARDSETCON?CARD
            CODE    81E4H     0085H     UNIT         ?PR?_GETIDXBYROOM?SYSSTATUS
            CODE    8269H     0083H     UNIT         ?PR?_GSM_SETVOLUM?GSM
            CODE    82ECH     0083H     UNIT         ?PR?SHOWINPUTPSW?SYSSTATUS
            CODE    836FH     0080H     UNIT         ?PR?_ADDPSWITEM?UNLOCKPASSWORD
            CODE    83EFH     0078H     UNIT         ?PR?_WRITELCDICO?LCD12864
            CODE    8467H     0078H     UNIT         ?PR?_CHECKPSW?UNLOCKPASSWORD
            CODE    84DFH     0077H     UNIT         ?PR?_ADDNAMEITEM?NAMELIST
            CODE    8556H     0077H     UNIT         ?PR?PWMTASK?AUDIO
            CODE    85CDH     0073H     UNIT         ?PR?_DISPLAYCSQ?LCD12864
            CODE    8640H     0072H     UNIT         ?PR?_EXT_INILIZE?EXTI
            CODE    86B2H     006FH     UNIT         ?PR?_DELNAMEITEMBYIDX?NAMELIST
            CODE    8721H     006FH     UNIT         ?PR?_DELPSWBYIDX?UNLOCKPASSWORD
            CODE    8790H     006FH     UNIT         ?PR?_DELCARDBYIDX?CARD
            CODE    87FFH     006BH     UNIT         ?PR?_SYSCARD?SYSSTATUS
            CODE    886AH     0067H     UNIT         ?PR?SHOWINPUTROOM?SYSSTATUS
            CODE    88D1H     0064H     UNIT         ?PR?_GSM_CALL?GSM
            CODE    8935H     0063H     UNIT         ?PR?_READBUF_AT24C02?EEPROM
            CODE    8998H     005CH     UNIT         ?PR?_SYSTALKKEY?SYSSTATUS
            CODE    89F4H     005AH     UNIT         ?PR?_HS_STRCPY?DRIVER
            CODE    8A4EH     0056H     UNIT         ?PR?UART_CONFIG?DRIVER
            CODE    8AA4H     0056H     UNIT         ?PR?_BEEP_STARTPLAY?AUDIO
            CODE    8AFAH     0054H     UNIT         ?PR?_READROOMBYIDX?SYSSTATUS
BL51 BANKED LINKER/LOCATER V6.22.2.0                                                  01/18/2022  14:53:23  PAGE 5


            CODE    8B4EH     004FH     UNIT         ?PR?TIMER_CONFIG?DRIVER
            CODE    8B9DH     004DH     UNIT         ?PR?SPI_TRANSIVION?SPI
            CODE    8BEAH     0049H     UNIT         ?PR?_GETNAMEITEMBYROOM?NAMELIST
            CODE    8C33H     0049H     UNIT         ?PR?_GETPSWBYROOM?UNLOCKPASSWORD
            CODE    8C7CH     0048H     UNIT         ?PR?UARTTASK?UART
            CODE    8CC4H     0044H     UNIT         ?PR?_HS_MEMCPY?DRIVER
            CODE    8D08H     0043H     UNIT         ?PR?_IIC_SEND_BYTE?EEPROM
            CODE    8D4BH     0043H     UNIT         ?PR?SHOWTALKTIME?SYSSTRING
            CODE    8D8EH     0040H     UNIT         ?PR?KEYBEEPTASK?AUDIO
            CODE    8DCEH     0040H     UNIT         ?PR?EXT_INT0?EXTI
            CODE    8E0EH     003BH     UNIT         ?PR?_WRITENAMEITEMBYIDX?NAMELIST
            CODE    8E49H     003BH     UNIT         ?PR?_CARDEDITCARDIN?CARD
            CODE    8E84H     003BH     UNIT         ?PR?TIMER4_INT?TIMER
            CODE    8EBFH     0038H     UNIT         ?PR?SYSSETTINGCON?SYSSTATUS
            CODE    8EF7H     0037H     UNIT         ?CO?AUDIO
            CODE    8F2EH     0036H     UNIT         ?PR?IIC_READ_BYTE?EEPROM
            CODE    8F64H     0035H     UNIT         ?CO?DRIVER
            CODE    8F99H     0033H     UNIT         ?PR?_ATCMDCB_AT?GSM
            CODE    8FCCH     0033H     UNIT         ?PR?_ATCMDCB_CLCC?GSM
            CODE    8FFFH     0033H     UNIT         ?PR?DELETECARDCON?CARD
            CODE    9032H     0033H     UNIT         ?PR?_PRINTSTRING3?UART
            CODE    9065H     0032H     UNIT         ?PR?FLASHTASK?LCD12864
            CODE    9097H     0032H     UNIT         ?PR?CARDMSTASK?CARDREAD
            CODE    90C9H     0031H     UNIT         ?PR?_WRITECARDBYIDX?CARD
            CODE    90FAH     0031H     UNIT         ?PR?_READCARDBYIDX?CARD
            CODE    912BH     0030H     UNIT         ?PR?_READNAMEITEMBYIDX?NAMELIST
            CODE    915BH     0030H     UNIT         ?PR?TIMER1_INT?TIMER
            CODE    918BH     002FH     UNIT         ?PR?_INPUTROOMCON?SYSSTATUS
            CODE    91BAH     002FH     UNIT         ?PR?MP3_STOP?AUDIO
            CODE    91E9H     002EH     UNIT         ?PR?_MEMISEMPTY?DRIVER
            CODE    9217H     002CH     UNIT         ?PR?_CLEARBUF?DRIVER
            CODE    9243H     002CH     UNIT         ?PR?_TX3_WRITE2BUFF?UART
            CODE    926FH     002BH     UNIT         ?PR?_GSM_SEND_DTMF?GSM
            CODE    929AH     002BH     UNIT         ?PR?_TX1_WRITE2BUFF?UART
            CODE    92C5H     002AH     UNIT         ?PR?GSM_GETCSQ?GSM
            CODE    92EFH     0029H     UNIT         ?PR?IIC_ACK?EEPROM
            CODE    9318H     0029H     UNIT         ?PR?SYSIDLECON?SYSSTATUS
            CODE    9341H     0029H     UNIT         ?PR?_DELCARDBYCARD?CARD
            CODE    936AH     0029H     UNIT         ?PR?SPI_CONFIG?AUDIO
            CODE    9393H     0028H     UNIT         ?PR?_WRITEPSWBYIDX?UNLOCKPASSWORD
            CODE    93BBH     0028H     UNIT         ?PR?PWM_CONFIG?AUDIO
            CODE    93E3H     0026H     UNIT         ?PR?_DELAY?DRIVER
            CODE    9409H     0026H     UNIT         ?PR?_STRLEN?DRIVER
            CODE    942FH     0025H     UNIT         ?PR?EDITNAMEITEMCON?NAMELIST
            CODE    9454H     0025H     UNIT         ?PR?DELETENAMECON?NAMELIST
            CODE    9479H     0025H     UNIT         ?PR?_DELPSWBYROOM?UNLOCKPASSWORD
            CODE    949EH     0025H     UNIT         ?PR?EDITPSWCON?UNLOCKPASSWORD
            CODE    94C3H     0025H     UNIT         ?PR?DELETEPSWCON?UNLOCKPASSWORD
            CODE    94E8H     0025H     UNIT         ?PR?EDITSYSPSWCON?UNLOCKPASSWORD
            CODE    950DH     0025H     UNIT         ?PR?_DELCARDBYROOM?CARD
            CODE    9532H     0025H     UNIT         ?PR?EDITCARDCON?CARD
            CODE    9557H     0024H     UNIT         ?CO?MAIN
            CODE    957BH     0024H     UNIT         ?PR?INIT_12864?LCD12864
            CODE    959FH     0024H     UNIT         ?PR?GSM_REPOWER?GSM
            CODE    95C3H     0024H     UNIT         ?PR?INPUTPSWCON?UNLOCKPASSWORD
            CODE    95E7H     0024H     UNIT         ?CO?UNLOCKPASSWORD
            CODE    960BH     0023H     UNIT         ?PR?SAVENAMECOUNT?NAMELIST
BL51 BANKED LINKER/LOCATER V6.22.2.0                                                  01/18/2022  14:53:23  PAGE 6


            CODE    962EH     0023H     UNIT         ?PR?SAVEPSWCOUNT?UNLOCKPASSWORD
            CODE    9651H     0023H     UNIT         ?PR?SAVECARDCOUNT?CARD
            CODE    9674H     0022H     UNIT         ?PR?_LCD_WDAT?LCD12864
            CODE    9696H     0022H     UNIT         ?PR?GSM_STARTINIT?GSM
            CODE    96B8H     0022H     UNIT         ?PR?_SHOWNAMEBYIDX?NAMELIST
            CODE    96DAH     0021H     UNIT         ?PR?_CHECKUNICODE?LCD12864
            CODE    96FBH     0021H     UNIT         ?PR?_NAMESETKEY?NAMELIST
            CODE    971CH     0021H     UNIT         ?PR?_PSWSETKEY?UNLOCKPASSWORD
            CODE    973DH     0021H     UNIT         ?PR?_CARDSETKEY?CARD
            CODE    975EH     0020H     UNIT         ?PR?LCD_BUSY?LCD12864
            CODE    977EH     0020H     UNIT         ?CO?CARDREAD
            CODE    979EH     001DH     UNIT         ?PR?INPUTSYSPSWCON?SYSSTATUS
            CODE    97BBH     001DH     UNIT         ?PR?_READPSWBYIDX?UNLOCKPASSWORD
            CODE    97D8H     001DH     UNIT         ?PR?SAVESYSPSW?UNLOCKPASSWORD
            CODE    97F5H     001BH     UNIT         ?PR?LCDCLEAR?LCD12864
            CODE    9810H     001BH     UNIT         ?PR?_SPI_READWRITEBYTE?SPI
            CODE    982BH     001AH     UNIT         ?PR?CARDREADINIT?CARDREAD
            CODE    9845H     0019H     UNIT         ?PR?EXTI_CONFIG?DRIVER
            CODE    985EH     0019H     UNIT         ?PR?RELAYTASK?DRIVER
            CODE    9877H     0019H     UNIT         ?PR?GSM_HUANGUP?GSM
            CODE    9890H     0019H     UNIT         ?PR?SHOWUNLOCK?SYSSTRING
            CODE    98A9H     0019H     UNIT         ?PR?UART1CLEAR?UART
            CODE    98C2H     0019H     UNIT         ?PR?UART3CLEAR?UART
            CODE    98DBH     0018H     UNIT         ?PR?_LCD_WCMD?LCD12864
            CODE    98F3H     0017H     UNIT         ?PR?_HBSTRLEN?DRIVER
            CODE    990AH     0017H     UNIT         ?PR?_NAMEDELALLKEY?NAMELIST
            CODE    9921H     0017H     UNIT         ?PR?_PSWDELALLKEY?UNLOCKPASSWORD
            CODE    9938H     0017H     UNIT         ?PR?_CARDDELALLKEY?CARD
            CODE    994FH     0017H     UNIT         ?CO?CARD
            CODE    9966H     0016H     UNIT         ?PR?_DISPLAYSTRING?LCD12864
            CODE    997CH     0016H     UNIT         ?PR?DELETEALLNAMECON?NAMELIST
            CODE    9992H     0016H     UNIT         ?PR?_IIC_DELAYMS?EEPROM
            CODE    99A8H     0016H     UNIT         ?PR?IIC_START?EEPROM
            CODE    99BEH     0016H     UNIT         ?PR?IIC_STOP?EEPROM
            CODE    99D4H     0016H     UNIT         ?PR?DELETEALLPSWCON?UNLOCKPASSWORD
            CODE    99EAH     0016H     UNIT         ?PR?DELETEALLCARDCON?CARD
            CODE    9A00H     0015H     UNIT         ?PR?SHOWSAVEOK?SYSSTRING
            CODE    9A15H     0015H     UNIT         ?PR?SHOWCARDERR?SYSSTRING
            CODE    9A2AH     0014H     UNIT         ?PR?GETCHAR?GETCHAR
            CODE    9A3EH     0014H     UNIT         ?PR?_ISSPACE?ISSPACE
            CODE    9A52H     0013H     UNIT         ?PR?INITNAMELIST?NAMELIST
            CODE    9A65H     0013H     UNIT         ?PR?IIC_AACK?EEPROM
            CODE    9A78H     0013H     UNIT         ?PR?INITPSW?UNLOCKPASSWORD
            CODE    9A8BH     0013H     UNIT         ?PR?INITCARD?CARD
            CODE    9A9EH     0012H     UNIT         ?PR?_DISPLAYICO?LCD12864
            CODE    9AB0H     0011H     UNIT         ?PR?_DELNAMEITEMBYROOM?NAMELIST
            CODE    9AC1H     0010H     UNIT         ?PR?LCDADDROW?LCD12864
            CODE    9AD1H     0010H     UNIT         ?PR?SHOWCONFIRMSAVE?SYSSTRING
            CODE    9AE1H     0010H     UNIT         ?PR?SHOWCONFIRMDEL?SYSSTRING
            CODE    9AF1H     0010H     UNIT         ?PR?SHOWERR?SYSSTRING
            CODE    9B01H     0010H     UNIT         ?PR?SHOWDELETEOK?SYSSTRING
            CODE    9B11H     0010H     UNIT         ?PR?SHOWGSMERR?SYSSTRING
            CODE    9B21H     0010H     UNIT         ?PR?SHOWROOMERR?SYSSTRING
            CODE    9B31H     0010H     UNIT         ?PR?SHOWRESET?SYSSTRING
            CODE    9B41H     000EH     UNIT         ?PR?_PUTCHAR?DRIVER
            CODE    9B4FH     000AH     UNIT         ?PR?CLEARPSW?UNLOCKPASSWORD
            CODE    9B59H     000AH     UNIT         ?PR?CLEARCARD?CARD
BL51 BANKED LINKER/LOCATER V6.22.2.0                                                  01/18/2022  14:53:23  PAGE 7


            CODE    9B63H     000AH     UNIT         ?PR?_GETKEY?_GETKEY
            CODE    9B6DH     0009H     UNIT         ?PR?_SETFLASH?LCD12864
            CODE    9B76H     0008H     UNIT         ?PR?GETCHAR?UNGETCHAR



OVERLAY MAP OF MODULE:   .\Objects\GSM (?C_STARTUP)


SEGMENT                                       BIT_GROUP          DATA_GROUP          XDATA_GROUP
  +--> CALLED SEGMENT                      START    LENGTH     START    LENGTH     START    LENGTH
--------------------------------------------------------------------------------------------------
?C_C51STARTUP                              -----    -----      -----    -----      -----    -----
  +--> ?PR?MAIN?MAIN
  +--> ?C_INITSEG

?PR?MAIN?MAIN                              -----    -----      -----    -----      -----    -----
  +--> ?PR?_DELAY?DRIVER
  +--> ?PR?GPIO_CONFIG?DRIVER
  +--> ?PR?TIMER_CONFIG?DRIVER
  +--> ?PR?UART_CONFIG?DRIVER
  +--> ?PR?EXTI_CONFIG?DRIVER
  +--> ?PR?SPI_CONFIG?AUDIO
  +--> ?PR?PWM_CONFIG?AUDIO
  +--> ?PR?INIT_12864?LCD12864
  +--> ?PR?INITSYSPARA?SYSSTATUS
  +--> ?PR?INITUSERPARA?SYSSTATUS
  +--> ?PR?GSM_STARTINIT?GSM
  +--> ?PR?CARDREADINIT?CARDREAD
  +--> ?PR?SYSIDLECON?SYSSTATUS
  +--> ?PR?_REVNAMELIST?NAMELIST
  +--> ?PR?UART1CLEAR?UART
  +--> ?CO?MAIN
  +--> ?PR?PRINTF?PRINTF
  +--> ?PR?_GSMUARTCMD?GSM
  +--> ?PR?UART3CLEAR?UART
  +--> ?PR?WAVREADTASK?AUDIO
  +--> ?PR?_UNLOCK?DRIVER
  +--> ?PR?UARTTASK?UART
  +--> ?PR?KEYSCAN?DRIVER
  +--> ?PR?_BEEP_STARTPLAY?AUDIO
  +--> ?PR?_SYSKEY?SYSSTATUS
  +--> ?PR?SKEYSCAN?DRIVER
  +--> ?PR?CARDMSTASK?CARDREAD
  +--> ?PR?GSM_INITTASK?GSM
  +--> ?PR?FLASHTASK?LCD12864
  +--> ?PR?RELAYTASK?DRIVER
  +--> ?PR?SHOWTALKTIME?SYSSTRING
  +--> ?PR?GSM_HUANGUP?GSM
  +--> ?PR?_SHOWMAIN?SYSSTRING
  +--> ?PR?_NAMEEDITKEY?NAMELIST
  +--> ?PR?CHECKRFIDCARD?CARDREAD
  +--> ?PR?_SYSCARD?SYSSTATUS

?PR?GPIO_CONFIG?DRIVER                     -----    -----      -----    -----      107CH    0002H
  +--> ?PR?_GPIO_INILIZE?GPIO

BL51 BANKED LINKER/LOCATER V6.22.2.0                                                  01/18/2022  14:53:23  PAGE 8


?PR?TIMER_CONFIG?DRIVER                    -----    -----      -----    -----      107CH    0008H
  +--> ?PR?_TIMER_INILIZE?TIMER

?PR?UART_CONFIG?DRIVER                     -----    -----      -----    -----      107CH    000CH
  +--> ?PR?_UART_CONFIGURATION?UART
  +--> ?CO?DRIVER
  +--> ?PR?PRINTF?PRINTF
  +--> ?PR?_TX3_WRITE2BUFF?UART

?PR?_UART_CONFIGURATION?UART               -----    -----      -----    -----      1088H    000AH

?PR?PRINTF?PRINTF                          0020H.1  0001H.1    0008H    0005H      1124H    0028H
  +--> ?PR?_PUTCHAR?DRIVER

?PR?_PUTCHAR?DRIVER                        -----    -----      -----    -----      114CH    0001H
  +--> ?PR?_TX1_WRITE2BUFF?UART

?PR?EXTI_CONFIG?DRIVER                     -----    -----      -----    -----      107CH    0003H
  +--> ?PR?_EXT_INILIZE?EXTI

?PR?SPI_CONFIG?AUDIO                       -----    -----      -----    -----      107CH    0009H
  +--> ?PR?_SPI_INIT?SPI

?PR?INIT_12864?LCD12864                    -----    -----      -----    -----      -----    -----
  +--> ?PR?_LCD_WCMD?LCD12864

?PR?_LCD_WCMD?LCD12864                     -----    -----      -----    -----      -----    -----
  +--> ?PR?LCD_BUSY?LCD12864

?PR?LCD_BUSY?LCD12864                      0020H.2  0000H.1    -----    -----      -----    -----

?PR?INITSYSPARA?SYSSTATUS                  0020H.0  0000H.1    -----    -----      -----    -----
  +--> ?PR?_READBUF_AT24C02?EEPROM
  +--> ?PR?_WRITEBUF_AT24C02?EEPROM
  +--> ?CO?SYSSTATUS
  +--> ?PR?PRINTF?PRINTF

?PR?_READBUF_AT24C02?EEPROM                -----    -----      -----    -----      1125H    0008H
  +--> ?PR?IIC_ACK?EEPROM
  +--> ?PR?_IIC_SEND_BYTE?EEPROM
  +--> ?PR?IIC_START?EEPROM
  +--> ?PR?IIC_READ_BYTE?EEPROM
  +--> ?PR?IIC_AACK?EEPROM
  +--> ?PR?IIC_NACK?EEPROM
  +--> ?PR?IIC_STOP?EEPROM

?PR?IIC_ACK?EEPROM                         -----    -----      -----    -----      -----    -----
  +--> ?PR?IIC_START?EEPROM
  +--> ?PR?_IIC_SEND_BYTE?EEPROM

?PR?_WRITEBUF_AT24C02?EEPROM               -----    -----      -----    -----      1125H    0007H
  +--> ?PR?_IIC_SEND_BYTE?EEPROM
  +--> ?PR?IIC_ACK?EEPROM
  +--> ?PR?IIC_STOP?EEPROM
  +--> ?PR?_IIC_DELAYMS?EEPROM

?PR?INITUSERPARA?SYSSTATUS                 -----    -----      -----    -----      -----    -----
BL51 BANKED LINKER/LOCATER V6.22.2.0                                                  01/18/2022  14:53:23  PAGE 9


  +--> ?PR?_READBUF_AT24C02?EEPROM
  +--> ?PR?_WRITEBUF_AT24C02?EEPROM
  +--> ?CO?SYSSTATUS
  +--> ?PR?PRINTF?PRINTF
  +--> ?PR?INITNAMELIST?NAMELIST
  +--> ?PR?INITPSW?UNLOCKPASSWORD
  +--> ?PR?INITCARD?CARD

?PR?INITNAMELIST?NAMELIST                  -----    -----      -----    -----      -----    -----
  +--> ?PR?CLEARNAMELIST?NAMELIST

?PR?CLEARNAMELIST?NAMELIST                 -----    -----      -----    -----      -----    -----
  +--> ?PR?SAVENAMECOUNT?NAMELIST

?PR?SAVENAMECOUNT?NAMELIST                 -----    -----      -----    -----      -----    -----
  +--> ?PR?_WRITEBUF_AT24C02?EEPROM

?PR?INITPSW?UNLOCKPASSWORD                 -----    -----      -----    -----      -----    -----
  +--> ?PR?CLEARPSW?UNLOCKPASSWORD

?PR?CLEARPSW?UNLOCKPASSWORD                -----    -----      -----    -----      -----    -----
  +--> ?PR?SAVEPSWCOUNT?UNLOCKPASSWORD

?PR?SAVEPSWCOUNT?UNLOCKPASSWORD            -----    -----      -----    -----      -----    -----
  +--> ?PR?_WRITEBUF_AT24C02?EEPROM

?PR?INITCARD?CARD                          -----    -----      -----    -----      -----    -----
  +--> ?PR?CLEARCARD?CARD

?PR?CLEARCARD?CARD                         -----    -----      -----    -----      -----    -----
  +--> ?PR?SAVECARDCOUNT?CARD

?PR?SAVECARDCOUNT?CARD                     -----    -----      -----    -----      -----    -----
  +--> ?PR?_WRITEBUF_AT24C02?EEPROM

?PR?GSM_STARTINIT?GSM                      -----    -----      -----    -----      -----    -----
  +--> ?CO?GSM
  +--> ?PR?PRINTF?PRINTF

?PR?SYSIDLECON?SYSSTATUS                   -----    -----      -----    -----      -----    -----
  +--> ?PR?_SHOWMAIN?SYSSTRING

?PR?_SHOWMAIN?SYSSTRING                    -----    -----      -----    -----      1088H    0001H
  +--> ?PR?LCDCLEAR?LCD12864
  +--> ?CO?SYSSTRING
  +--> ?PR?_DISPLAYSTRING?LCD12864
  +--> ?PR?_DISPLAYICO?LCD12864
  +--> ?PR?SHOWGSMCSQ?SYSSTRING

?PR?LCDCLEAR?LCD12864                      -----    -----      -----    -----      -----    -----
  +--> ?PR?_LCD_WCMD?LCD12864
  +--> ?PR?_CLEARBUF?DRIVER
  +--> ?PR?_SETFLASH?LCD12864

?PR?_CLEARBUF?DRIVER                       -----    -----      -----    -----      1124H    0003H

?PR?_DISPLAYSTRING?LCD12864                -----    -----      -----    -----      -----    -----
BL51 BANKED LINKER/LOCATER V6.22.2.0                                                  01/18/2022  14:53:23  PAGE 10


  +--> ?PR?_WRITELCD?LCD12864
  +--> ?PR?_BITBLT?LCD12864

?PR?_WRITELCD?LCD12864                     -----    -----      -----    -----      1124H    0008H
  +--> ?PR?_CHECKUNICODE?LCD12864
  +--> ?PR?LCDADDROW?LCD12864
  +--> ?CO?LCD12864

?PR?_BITBLT?LCD12864                       -----    -----      -----    -----      1124H    0007H
  +--> ?PR?_LCD_WCMD?LCD12864
  +--> ?PR?WAVREADTASK?AUDIO
  +--> ?PR?_LCD_WDAT?LCD12864

?PR?WAVREADTASK?AUDIO                      -----    -----      -----    -----      112BH    0001H
  +--> ?PR?MP3_STOP?AUDIO
  +--> ?PR?_SPI_FLASH_READ?SPI

?PR?_SPI_FLASH_READ?SPI                    -----    -----      -----    -----      112CH    000DH
  +--> ?PR?_DELAY?DRIVER
  +--> ?PR?_SPI_READWRITEBYTE?SPI

?PR?_LCD_WDAT?LCD12864                     -----    -----      -----    -----      -----    -----
  +--> ?PR?LCD_BUSY?LCD12864

?PR?_DISPLAYICO?LCD12864                   -----    -----      -----    -----      -----    -----
  +--> ?PR?_WRITELCDICO?LCD12864
  +--> ?PR?_BITBLT?LCD12864

?PR?_WRITELCDICO?LCD12864                  -----    -----      -----    -----      1089H    0007H
  +--> ?CO?LCD12864

?PR?SHOWGSMCSQ?SYSSTRING                   -----    -----      -----    -----      -----    -----
  +--> ?CO?SYSSTRING
  +--> ?PR?_DISPLAYSTRING?LCD12864

?PR?_REVNAMELIST?NAMELIST                  -----    -----      -----    -----      107CH    0059H
  +--> ?CO?NAMELIST
  +--> ?PR?PRINTF?PRINTF
  +--> ?PR?_LOOKFORSTR?DRIVER
  +--> ?PR?SCANF?SCANF
  +--> ?PR?_CLEARBUF?DRIVER
  +--> ?PR?_ADDNAMEITEM?NAMELIST

?PR?_LOOKFORSTR?DRIVER                     -----    -----      -----    -----      10D5H    000AH

?PR?SCANF?SCANF                            0020H.0  0000H.6    0008H    0005H      10D5H    002EH
  +--> ?PR?GETCHAR?UNGETCHAR
  +--> ?PR?_ISSPACE?ISSPACE
  +--> ?PR?GETCHAR?GETCHAR

?PR?GETCHAR?GETCHAR                        -----    -----      -----    -----      -----    -----
  +--> ?PR?_GETKEY?_GETKEY
  +--> ?PR?_PUTCHAR?DRIVER

?PR?_ADDNAMEITEM?NAMELIST                  -----    -----      -----    -----      10D5H    0005H
  +--> ?PR?_GETIDXBYROOM?SYSSTATUS
  +--> ?PR?_WRITENAMEITEMBYIDX?NAMELIST
BL51 BANKED LINKER/LOCATER V6.22.2.0                                                  01/18/2022  14:53:23  PAGE 11


  +--> ?PR?SAVENAMECOUNT?NAMELIST

?PR?_GETIDXBYROOM?SYSSTATUS                -----    -----      -----    -----      10DAH    0007H
  +--> ?PR?_READROOMBYIDX?SYSSTATUS

?PR?_READROOMBYIDX?SYSSTATUS               -----    -----      -----    -----      10E1H    0002H
  +--> ?PR?_READBUF_AT24C02?EEPROM

?PR?_WRITENAMEITEMBYIDX?NAMELIST           -----    -----      -----    -----      1122H    0003H
  +--> ?PR?_WRITEBUF_AT24C02?EEPROM

?PR?UART1CLEAR?UART                        -----    -----      -----    -----      -----    -----
  +--> ?PR?_CLEARBUF?DRIVER

?PR?_GSMUARTCMD?GSM                        -----    -----      -----    -----      107CH    0003H
  +--> ?PR?_PRINTSTRING3?UART
  +--> ?CO?GSM
  +--> ?PR?PRINTF?PRINTF
  +--> ?PR?GSM_REPOWER?GSM
  +--> ?PR?_MODEMRECEIVEHANDLE?GSM

?PR?_PRINTSTRING3?UART                     -----    -----      -----    -----      1099H    0003H
  +--> ?PR?_TX3_WRITE2BUFF?UART

?PR?GSM_REPOWER?GSM                        -----    -----      -----    -----      -----    -----
  +--> ?CO?GSM
  +--> ?PR?_PRINTSTRING3?UART
  +--> ?PR?PRINTF?PRINTF

?PR?_MODEMRECEIVEHANDLE?GSM                -----    -----      -----    -----      107FH    0009H
  +--> ?CO?GSM
  +--> ?PR?_LOOKFORSTR?DRIVER
  +--> ?PR?SHOWGSMERR?SYSSTRING
  +--> ?PR?GSM_REPOWER?GSM
  +--> ?PR?_STRLEN?DRIVER
  +--> ?PR?GSM_HUANGUP?GSM
  +--> ?PR?SCANF?SCANF
  +--> ?PR?PRINTF?PRINTF
  +--> ?PR?_GSM_SETVOLUM?GSM
  +--> ?PR?SYSIDLECON?SYSSTATUS

?PR?SHOWGSMERR?SYSSTRING                   -----    -----      -----    -----      -----    -----
  +--> ?PR?LCDCLEAR?LCD12864
  +--> ?CO?SYSSTRING
  +--> ?PR?_DISPLAYSTRING?LCD12864

?PR?_STRLEN?DRIVER                         -----    -----      -----    -----      1124H    0003H

?PR?GSM_HUANGUP?GSM                        -----    -----      -----    -----      -----    -----
  +--> ?CO?GSM
  +--> ?PR?_PRINTSTRING3?UART

?PR?_GSM_SETVOLUM?GSM                      -----    -----      -----    -----      1088H    0001H
  +--> ?CO?GSM
  +--> ?PR?PRINTF?PRINTF

?PR?UART3CLEAR?UART                        -----    -----      -----    -----      -----    -----
BL51 BANKED LINKER/LOCATER V6.22.2.0                                                  01/18/2022  14:53:23  PAGE 12


  +--> ?PR?_CLEARBUF?DRIVER

?PR?_UNLOCK?DRIVER                         0020H.0  0000H.1    -----    -----      -----    -----
  +--> ?PR?SHOWUNLOCK?SYSSTRING

?PR?SHOWUNLOCK?SYSSTRING                   0020H.1  0000H.1    -----    -----      -----    -----
  +--> ?PR?LCDCLEAR?LCD12864
  +--> ?CO?SYSSTRING
  +--> ?PR?_DISPLAYSTRING?LCD12864
  +--> ?PR?_MP3_STARTPLAY?AUDIO

?PR?_MP3_STARTPLAY?AUDIO                   -----    -----      -----    -----      10D0H    0001H
  +--> ?PR?_DELAY?DRIVER
  +--> ?PR?WAVREADTASK?AUDIO

?PR?UARTTASK?UART                          -----    -----      -----    -----      -----    -----
  +--> ?PR?UART1CLEAR?UART
  +--> ?PR?UART3CLEAR?UART

?PR?KEYSCAN?DRIVER                         -----    -----      -----    -----      107CH    0001H

?PR?_BEEP_STARTPLAY?AUDIO                  -----    -----      -----    -----      -----    -----
  +--> ?PR?KEYBEEPTASK?AUDIO

?PR?KEYBEEPTASK?AUDIO                      -----    -----      -----    -----      -----    -----
  +--> ?CO?AUDIO

?PR?_SYSKEY?SYSSTATUS                      -----    -----      -----    -----      107CH    0001H
  +--> ?PR?_SYSIDLEKEY?SYSSTATUS
  +--> ?PR?_SYSSETTINGKEY?SYSSTATUS
  +--> ?PR?_NAMESETKEY?NAMELIST
  +--> ?PR?_NAMEEDITKEY?NAMELIST
  +--> ?PR?_NAMEDELETEKEY?NAMELIST
  +--> ?PR?_NAMEDELALLKEY?NAMELIST
  +--> ?PR?_PSWSETKEY?UNLOCKPASSWORD
  +--> ?PR?_PSWEDITKEY?UNLOCKPASSWORD
  +--> ?PR?_PSWDELETEKEY?UNLOCKPASSWORD
  +--> ?PR?_PSWDELALLKEY?UNLOCKPASSWORD
  +--> ?PR?_PSWINPUTKEY?UNLOCKPASSWORD
  +--> ?PR?_SYSINPUTROOM?SYSSTATUS
  +--> ?PR?_INPUTSYSPSW?SYSSTATUS
  +--> ?PR?_SYSPSWEDITKEY?UNLOCKPASSWORD
  +--> ?PR?_CARDSETKEY?CARD
  +--> ?PR?_CARDEDITKEY?CARD
  +--> ?PR?_CARDDELETEKEY?CARD
  +--> ?PR?_CARDDELALLKEY?CARD
  +--> ?PR?_SYSTALKKEY?SYSSTATUS
  +--> ?PR?_SYSSUBSETKEY?SYSSTATUS

?PR?_SYSIDLEKEY?SYSSTATUS                  -----    -----      -----    -----      107DH    0001H
  +--> ?PR?SYSIDLECON?SYSSTATUS
  +--> ?PR?INPUTPSWCON?UNLOCKPASSWORD
  +--> ?PR?INPUTSYSPSWCON?SYSSTATUS
  +--> ?PR?_SHOWNAMEBYIDX?NAMELIST
  +--> ?PR?_READNAMEITEMBYIDX?NAMELIST
  +--> ?PR?_CALLBYNAMEITEM?NAMELIST
  +--> ?PR?_STRLEN?DRIVER
BL51 BANKED LINKER/LOCATER V6.22.2.0                                                  01/18/2022  14:53:23  PAGE 13


  +--> ?PR?SHOWERR?SYSSTRING
  +--> ?PR?SHOWGSMERR?SYSSTRING
  +--> ?PR?_INPUTROOMCON?SYSSTATUS

?PR?INPUTPSWCON?UNLOCKPASSWORD             -----    -----      -----    -----      -----    -----
  +--> ?PR?_CLEARBUF?DRIVER
  +--> ?PR?_SHOWPSW?UNLOCKPASSWORD
  +--> ?PR?_MP3_STARTPLAY?AUDIO

?PR?_SHOWPSW?UNLOCKPASSWORD                0020H.0  0000H.1    -----    -----      1084H    0028H
  +--> ?PR?LCDCLEAR?LCD12864
  +--> ?CO?SYSSTRING
  +--> ?PR?_DISPLAYSTRING?LCD12864
  +--> ?CO?UNLOCKPASSWORD
  +--> ?PR?PRINTF?PRINTF
  +--> ?PR?_HBSTRLEN?DRIVER
  +--> ?PR?_STRLEN?DRIVER
  +--> ?PR?_SETFLASH?LCD12864

?PR?INPUTSYSPSWCON?SYSSTATUS               -----    -----      -----    -----      -----    -----
  +--> ?PR?SHOWINPUTPSW?SYSSTATUS
  +--> ?PR?_MP3_STARTPLAY?AUDIO

?PR?SHOWINPUTPSW?SYSSTATUS                 -----    -----      -----    -----      107EH    001EH
  +--> ?PR?LCDCLEAR?LCD12864
  +--> ?CO?SYSSTRING
  +--> ?PR?_DISPLAYSTRING?LCD12864
  +--> ?PR?_HS_STRCPY?DRIVER
  +--> ?PR?_SETFLASH?LCD12864

?PR?_HS_STRCPY?DRIVER                      -----    -----      -----    -----      109CH    0006H

?PR?_SHOWNAMEBYIDX?NAMELIST                -----    -----      -----    -----      107EH    0050H
  +--> ?PR?_READNAMEITEMBYIDX?NAMELIST
  +--> ?PR?_SHOWNAME?NAMELIST

?PR?_READNAMEITEMBYIDX?NAMELIST            -----    -----      -----    -----      1122H    0003H
  +--> ?PR?_READBUF_AT24C02?EEPROM

?PR?_SHOWNAME?NAMELIST                     0020H.0  0000H.1    -----    -----      10D0H    0054H
  +--> ?PR?LCDCLEAR?LCD12864
  +--> ?CO?NAMELIST
  +--> ?CO?SYSSTRING
  +--> ?PR?PRINTF?PRINTF
  +--> ?PR?_DISPLAYSTRING?LCD12864
  +--> ?PR?_STRLEN?DRIVER
  +--> ?PR?_HBSTRLEN?DRIVER
  +--> ?PR?_SETFLASH?LCD12864

?PR?_CALLBYNAMEITEM?NAMELIST               -----    -----      -----    -----      107EH    0018H
  +--> ?PR?_STRLEN?DRIVER
  +--> ?PR?_GSM_CALL?GSM
  +--> ?PR?LCDCLEAR?LCD12864
  +--> ?CO?NAMELIST
  +--> ?CO?SYSSTRING
  +--> ?PR?PRINTF?PRINTF
  +--> ?PR?_DISPLAYSTRING?LCD12864
BL51 BANKED LINKER/LOCATER V6.22.2.0                                                  01/18/2022  14:53:23  PAGE 14



?PR?_GSM_CALL?GSM                          -----    -----      -----    -----      1096H    0003H
  +--> ?CO?GSM
  +--> ?PR?_PRINTSTRING3?UART

?PR?SHOWERR?SYSSTRING                      -----    -----      -----    -----      -----    -----
  +--> ?PR?LCDCLEAR?LCD12864
  +--> ?CO?SYSSTRING
  +--> ?PR?_DISPLAYSTRING?LCD12864

?PR?_INPUTROOMCON?SYSSTATUS                -----    -----      -----    -----      -----    -----
  +--> ?PR?SHOWINPUTROOM?SYSSTATUS
  +--> ?PR?_CLEARBUF?DRIVER
  +--> ?PR?_MP3_STARTPLAY?AUDIO

?PR?SHOWINPUTROOM?SYSSTATUS                -----    -----      -----    -----      107EH    0018H
  +--> ?PR?LCDCLEAR?LCD12864
  +--> ?CO?SYSSTRING
  +--> ?PR?_DISPLAYSTRING?LCD12864
  +--> ?CO?SYSSTATUS
  +--> ?PR?PRINTF?PRINTF
  +--> ?PR?_HBSTRLEN?DRIVER
  +--> ?PR?_STRLEN?DRIVER

?PR?_SYSSETTINGKEY?SYSSTATUS               -----    -----      -----    -----      107DH    0001H
  +--> ?PR?SYSIDLECON?SYSSTATUS
  +--> ?PR?EDITSYSPSWCON?UNLOCKPASSWORD
  +--> ?PR?NAMESETCON?NAMELIST
  +--> ?PR?PSWSETCON?UNLOCKPASSWORD
  +--> ?PR?CARDSETCON?CARD
  +--> ?PR?_SUBSETCON?SYSSTATUS

?PR?EDITSYSPSWCON?UNLOCKPASSWORD           -----    -----      -----    -----      -----    -----
  +--> ?PR?_CLEARBUF?DRIVER
  +--> ?PR?_SHOWPSW?UNLOCKPASSWORD

?PR?NAMESETCON?NAMELIST                    -----    -----      -----    -----      10D0H    000AH
  +--> ?PR?LCDCLEAR?LCD12864
  +--> ?CO?SYSSTRING
  +--> ?PR?_DISPLAYSTRING?LCD12864
  +--> ?CO?NAMELIST
  +--> ?PR?PRINTF?PRINTF
  +--> ?PR?_HBSTRLEN?DRIVER
  +--> ?PR?_STRLEN?DRIVER

?PR?PSWSETCON?UNLOCKPASSWORD               -----    -----      -----    -----      1084H    000AH
  +--> ?PR?LCDCLEAR?LCD12864
  +--> ?CO?SYSSTRING
  +--> ?PR?_DISPLAYSTRING?LCD12864
  +--> ?CO?UNLOCKPASSWORD
  +--> ?PR?PRINTF?PRINTF
  +--> ?PR?_HBSTRLEN?DRIVER
  +--> ?PR?_STRLEN?DRIVER

?PR?CARDSETCON?CARD                        -----    -----      -----    -----      1080H    000AH
  +--> ?PR?LCDCLEAR?LCD12864
  +--> ?CO?SYSSTRING
BL51 BANKED LINKER/LOCATER V6.22.2.0                                                  01/18/2022  14:53:23  PAGE 15


  +--> ?PR?_DISPLAYSTRING?LCD12864
  +--> ?CO?CARD
  +--> ?PR?PRINTF?PRINTF
  +--> ?PR?_HBSTRLEN?DRIVER
  +--> ?PR?_STRLEN?DRIVER

?PR?_SUBSETCON?SYSSTATUS                   -----    -----      -----    -----      -----    -----
  +--> ?PR?SHOWSUBPARA?SYSSTATUS

?PR?SHOWSUBPARA?SYSSTATUS                  -----    -----      -----    -----      107EH    0018H
  +--> ?PR?LCDCLEAR?LCD12864
  +--> ?CO?SYSSTATUS
  +--> ?CO?SYSSTRING
  +--> ?PR?PRINTF?PRINTF
  +--> ?PR?_DISPLAYSTRING?LCD12864
  +--> ?PR?_STRLEN?DRIVER

?PR?_NAMESETKEY?NAMELIST                   -----    -----      -----    -----      -----    -----
  +--> ?PR?EDITNAMEITEMCON?NAMELIST
  +--> ?PR?DELETENAMECON?NAMELIST
  +--> ?PR?DELETEALLNAMECON?NAMELIST
  +--> ?PR?SYSSETTINGCON?SYSSTATUS

?PR?EDITNAMEITEMCON?NAMELIST               -----    -----      -----    -----      -----    -----
  +--> ?PR?_CLEARBUF?DRIVER
  +--> ?PR?_SHOWNAME?NAMELIST

?PR?DELETENAMECON?NAMELIST                 -----    -----      -----    -----      -----    -----
  +--> ?PR?_CLEARBUF?DRIVER
  +--> ?PR?_SHOWNAME?NAMELIST

?PR?DELETEALLNAMECON?NAMELIST              -----    -----      -----    -----      -----    -----
  +--> ?PR?LCDCLEAR?LCD12864
  +--> ?CO?SYSSTRING
  +--> ?PR?_DISPLAYSTRING?LCD12864

?PR?SYSSETTINGCON?SYSSTATUS                -----    -----      -----    -----      -----    -----
  +--> ?PR?LCDCLEAR?LCD12864
  +--> ?CO?SYSSTRING
  +--> ?PR?_DISPLAYSTRING?LCD12864
  +--> ?PR?_DISPLAYICO?LCD12864

?PR?_NAMEEDITKEY?NAMELIST                  -----    -----      -----    -----      107DH    0001H
  +--> ?PR?_CLEARBUF?DRIVER
  +--> ?PR?_STRLEN?DRIVER
  +--> ?PR?_ADDNAMEITEM?NAMELIST
  +--> ?PR?SHOWSAVEOK?SYSSTRING
  +--> ?PR?SHOWERR?SYSSTRING
  +--> ?PR?NAMEEDITCHAGETYPE?NAMELIST
  +--> ?PR?NAMESETCON?NAMELIST
  +--> ?PR?_HBSTRLEN?DRIVER
  +--> ?CO?SYSSTRING
  +--> ?CO?NAMELIST
  +--> ?PR?_SHOWNAME?NAMELIST

?PR?SHOWSAVEOK?SYSSTRING                   -----    -----      -----    -----      -----    -----
  +--> ?PR?LCDCLEAR?LCD12864
BL51 BANKED LINKER/LOCATER V6.22.2.0                                                  01/18/2022  14:53:23  PAGE 16


  +--> ?CO?SYSSTRING
  +--> ?PR?_DISPLAYSTRING?LCD12864
  +--> ?PR?_MP3_STARTPLAY?AUDIO

?PR?NAMEEDITCHAGETYPE?NAMELIST             -----    -----      -----    -----      107EH    0052H
  +--> ?PR?_GETNAMEITEMBYROOM?NAMELIST
  +--> ?PR?_HS_MEMCPY?DRIVER
  +--> ?PR?_STRLEN?DRIVER
  +--> ?PR?SHOWCONFIRMSAVE?SYSSTRING

?PR?_GETNAMEITEMBYROOM?NAMELIST            -----    -----      -----    -----      10D0H    0005H
  +--> ?PR?_GETIDXBYROOM?SYSSTATUS
  +--> ?PR?_READNAMEITEMBYIDX?NAMELIST

?PR?_HS_MEMCPY?DRIVER                      -----    -----      -----    -----      10D0H    0008H

?PR?SHOWCONFIRMSAVE?SYSSTRING              -----    -----      -----    -----      -----    -----
  +--> ?PR?LCDCLEAR?LCD12864
  +--> ?CO?SYSSTRING
  +--> ?PR?_DISPLAYSTRING?LCD12864

?PR?_NAMEDELETEKEY?NAMELIST                -----    -----      -----    -----      107DH    0053H
  +--> ?PR?_CLEARBUF?DRIVER
  +--> ?PR?_DELNAMEITEMBYROOM?NAMELIST
  +--> ?PR?SHOWSAVEOK?SYSSTRING
  +--> ?PR?_GETNAMEITEMBYROOM?NAMELIST
  +--> ?PR?_HS_MEMCPY?DRIVER
  +--> ?PR?_STRLEN?DRIVER
  +--> ?PR?SHOWCONFIRMDEL?SYSSTRING
  +--> ?PR?NAMESETCON?NAMELIST
  +--> ?PR?_SHOWNAME?NAMELIST

?PR?_DELNAMEITEMBYROOM?NAMELIST            -----    -----      -----    -----      -----    -----
  +--> ?PR?_GETIDXBYROOM?SYSSTATUS
  +--> ?PR?_DELNAMEITEMBYIDX?NAMELIST

?PR?_DELNAMEITEMBYIDX?NAMELIST             -----    -----      -----    -----      10D0H    0052H
  +--> ?PR?SAVENAMECOUNT?NAMELIST
  +--> ?PR?_READNAMEITEMBYIDX?NAMELIST
  +--> ?PR?_WRITENAMEITEMBYIDX?NAMELIST

?PR?SHOWCONFIRMDEL?SYSSTRING               -----    -----      -----    -----      -----    -----
  +--> ?PR?LCDCLEAR?LCD12864
  +--> ?CO?SYSSTRING
  +--> ?PR?_DISPLAYSTRING?LCD12864

?PR?_NAMEDELALLKEY?NAMELIST                -----    -----      -----    -----      -----    -----
  +--> ?PR?CLEARNAMELIST?NAMELIST
  +--> ?PR?SHOWDELETEOK?SYSSTRING
  +--> ?PR?NAMESETCON?NAMELIST

?PR?SHOWDELETEOK?SYSSTRING                 -----    -----      -----    -----      -----    -----
  +--> ?PR?LCDCLEAR?LCD12864
  +--> ?CO?SYSSTRING
  +--> ?PR?_DISPLAYSTRING?LCD12864

?PR?_PSWSETKEY?UNLOCKPASSWORD              -----    -----      -----    -----      -----    -----
BL51 BANKED LINKER/LOCATER V6.22.2.0                                                  01/18/2022  14:53:23  PAGE 17


  +--> ?PR?EDITPSWCON?UNLOCKPASSWORD
  +--> ?PR?DELETEPSWCON?UNLOCKPASSWORD
  +--> ?PR?DELETEALLPSWCON?UNLOCKPASSWORD
  +--> ?PR?SYSSETTINGCON?SYSSTATUS

?PR?EDITPSWCON?UNLOCKPASSWORD              -----    -----      -----    -----      -----    -----
  +--> ?PR?_CLEARBUF?DRIVER
  +--> ?PR?_SHOWPSW?UNLOCKPASSWORD

?PR?DELETEPSWCON?UNLOCKPASSWORD            -----    -----      -----    -----      -----    -----
  +--> ?PR?_CLEARBUF?DRIVER
  +--> ?PR?_SHOWPSW?UNLOCKPASSWORD

?PR?DELETEALLPSWCON?UNLOCKPASSWORD         -----    -----      -----    -----      -----    -----
  +--> ?PR?LCDCLEAR?LCD12864
  +--> ?CO?SYSSTRING
  +--> ?PR?_DISPLAYSTRING?LCD12864

?PR?_PSWEDITKEY?UNLOCKPASSWORD             -----    -----      -----    -----      107DH    0007H
  +--> ?PR?_CLEARBUF?DRIVER
  +--> ?PR?_ADDPSWITEM?UNLOCKPASSWORD
  +--> ?PR?SHOWSAVEOK?SYSSTRING
  +--> ?PR?SHOWERR?SYSSTRING
  +--> ?PR?SHOWCONFIRMSAVE?SYSSTRING
  +--> ?PR?PSWSETCON?UNLOCKPASSWORD
  +--> ?PR?_SHOWPSW?UNLOCKPASSWORD

?PR?_ADDPSWITEM?UNLOCKPASSWORD             -----    -----      -----    -----      1084H    0005H
  +--> ?PR?_GETIDXBYROOM?SYSSTATUS
  +--> ?CO?UNLOCKPASSWORD
  +--> ?PR?PRINTF?PRINTF
  +--> ?PR?_WRITEPSWBYIDX?UNLOCKPASSWORD
  +--> ?PR?SAVEPSWCOUNT?UNLOCKPASSWORD

?PR?_WRITEPSWBYIDX?UNLOCKPASSWORD          -----    -----      -----    -----      -----    -----
  +--> ?PR?_WRITEBUF_AT24C02?EEPROM

?PR?_PSWDELETEKEY?UNLOCKPASSWORD           -----    -----      -----    -----      107DH    0003H
  +--> ?PR?_CLEARBUF?DRIVER
  +--> ?PR?_DELPSWBYROOM?UNLOCKPASSWORD
  +--> ?PR?SHOWDELETEOK?SYSSTRING
  +--> ?PR?SHOWCONFIRMDEL?SYSSTRING
  +--> ?PR?PSWSETCON?UNLOCKPASSWORD
  +--> ?PR?_SHOWPSW?UNLOCKPASSWORD

?PR?_DELPSWBYROOM?UNLOCKPASSWORD           -----    -----      -----    -----      1080H    0002H
  +--> ?PR?_DELPSWBYIDX?UNLOCKPASSWORD
  +--> ?PR?_GETIDXBYROOM?SYSSTATUS

?PR?_DELPSWBYIDX?UNLOCKPASSWORD            -----    -----      -----    -----      1082H    0006H
  +--> ?PR?SAVEPSWCOUNT?UNLOCKPASSWORD
  +--> ?PR?_READPSWBYIDX?UNLOCKPASSWORD
  +--> ?PR?_WRITEPSWBYIDX?UNLOCKPASSWORD

?PR?_READPSWBYIDX?UNLOCKPASSWORD           -----    -----      -----    -----      -----    -----
  +--> ?PR?_READBUF_AT24C02?EEPROM

BL51 BANKED LINKER/LOCATER V6.22.2.0                                                  01/18/2022  14:53:23  PAGE 18


?PR?_PSWDELALLKEY?UNLOCKPASSWORD           -----    -----      -----    -----      -----    -----
  +--> ?PR?CLEARPSW?UNLOCKPASSWORD
  +--> ?PR?SHOWDELETEOK?SYSSTRING
  +--> ?PR?PSWSETCON?UNLOCKPASSWORD

?PR?_PSWINPUTKEY?UNLOCKPASSWORD            -----    -----      -----    -----      107DH    0001H
  +--> ?PR?SYSIDLECON?SYSSTATUS
  +--> ?PR?_CHECKPSW?UNLOCKPASSWORD
  +--> ?PR?_UNLOCK?DRIVER
  +--> ?PR?SHOWERR?SYSSTRING
  +--> ?PR?_MP3_STARTPLAY?AUDIO
  +--> ?PR?_SHOWPSW?UNLOCKPASSWORD

?PR?_CHECKPSW?UNLOCKPASSWORD               -----    -----      -----    -----      107EH    0008H
  +--> ?CO?UNLOCKPASSWORD
  +--> ?PR?PRINTF?PRINTF
  +--> ?PR?_READPSWBYIDX?UNLOCKPASSWORD

?PR?_SYSINPUTROOM?SYSSTATUS                -----    -----      -----    -----      107DH    0001H
  +--> ?PR?_GETNAMEITEMBYROOM?NAMELIST
  +--> ?PR?_CALLBYNAMEITEM?NAMELIST
  +--> ?PR?_STRLEN?DRIVER
  +--> ?PR?SHOWERR?SYSSTRING
  +--> ?PR?SHOWGSMERR?SYSSTRING
  +--> ?PR?SHOWROOMERR?SYSSTRING
  +--> ?PR?_MP3_STARTPLAY?AUDIO
  +--> ?PR?SHOWINPUTROOM?SYSSTATUS
  +--> ?PR?MP3_STOP?AUDIO
  +--> ?PR?SYSIDLECON?SYSSTATUS

?PR?SHOWROOMERR?SYSSTRING                  -----    -----      -----    -----      -----    -----
  +--> ?PR?LCDCLEAR?LCD12864
  +--> ?CO?SYSSTRING
  +--> ?PR?_DISPLAYSTRING?LCD12864

?PR?_INPUTSYSPSW?SYSSTATUS                 -----    -----      -----    -----      107DH    0001H
  +--> ?PR?SYSSETTINGCON?SYSSTATUS
  +--> ?PR?SHOWERR?SYSSTRING
  +--> ?PR?_MP3_STARTPLAY?AUDIO
  +--> ?PR?SHOWINPUTPSW?SYSSTATUS
  +--> ?PR?MP3_STOP?AUDIO
  +--> ?PR?SYSIDLECON?SYSSTATUS

?PR?_SYSPSWEDITKEY?UNLOCKPASSWORD          -----    -----      -----    -----      107DH    0001H
  +--> ?PR?_CLEARBUF?DRIVER
  +--> ?PR?SAVESYSPSW?UNLOCKPASSWORD
  +--> ?PR?SHOWSAVEOK?SYSSTRING
  +--> ?PR?SHOWERR?SYSSTRING
  +--> ?PR?SHOWCONFIRMSAVE?SYSSTRING
  +--> ?PR?SYSSETTINGCON?SYSSTATUS
  +--> ?PR?_SHOWPSW?UNLOCKPASSWORD

?PR?SAVESYSPSW?UNLOCKPASSWORD              -----    -----      -----    -----      -----    -----
  +--> ?PR?_WRITEBUF_AT24C02?EEPROM

?PR?_CARDSETKEY?CARD                       -----    -----      -----    -----      -----    -----
  +--> ?PR?EDITCARDCON?CARD
BL51 BANKED LINKER/LOCATER V6.22.2.0                                                  01/18/2022  14:53:23  PAGE 19


  +--> ?PR?DELETECARDCON?CARD
  +--> ?PR?DELETEALLCARDCON?CARD
  +--> ?PR?SYSSETTINGCON?SYSSTATUS

?PR?EDITCARDCON?CARD                       -----    -----      -----    -----      -----    -----
  +--> ?PR?_CLEARBUF?DRIVER
  +--> ?PR?_SHOWCARD?CARD

?PR?_SHOWCARD?CARD                         0020H.0  0000H.1    -----    -----      1082H    0043H
  +--> ?PR?LCDCLEAR?LCD12864
  +--> ?CO?SYSSTRING
  +--> ?PR?_DISPLAYSTRING?LCD12864
  +--> ?CO?CARD
  +--> ?PR?PRINTF?PRINTF
  +--> ?PR?_HBSTRLEN?DRIVER
  +--> ?PR?_STRLEN?DRIVER
  +--> ?PR?_SETFLASH?LCD12864
  +--> ?PR?_MEMISEMPTY?DRIVER

?PR?_MEMISEMPTY?DRIVER                     -----    -----      -----    -----      10C5H    0003H

?PR?DELETECARDCON?CARD                     -----    -----      -----    -----      -----    -----
  +--> ?PR?_CLEARBUF?DRIVER
  +--> ?PR?_MEMISEMPTY?DRIVER
  +--> ?PR?_SHOWCARD?CARD

?PR?DELETEALLCARDCON?CARD                  -----    -----      -----    -----      -----    -----
  +--> ?PR?LCDCLEAR?LCD12864
  +--> ?CO?SYSSTRING
  +--> ?PR?_DISPLAYSTRING?LCD12864

?PR?_CARDEDITKEY?CARD                      -----    -----      -----    -----      107DH    0003H
  +--> ?PR?_CLEARBUF?DRIVER
  +--> ?PR?_MEMISEMPTY?DRIVER
  +--> ?PR?_ADDCARDITEM?CARD
  +--> ?PR?SHOWSAVEOK?SYSSTRING
  +--> ?PR?SHOWERR?SYSSTRING
  +--> ?PR?SHOWCONFIRMSAVE?SYSSTRING
  +--> ?PR?CARDSETCON?CARD
  +--> ?PR?_SHOWCARD?CARD

?PR?_ADDCARDITEM?CARD                      -----    -----      -----    -----      1080H    000BH
  +--> ?PR?_READCARDBYIDX?CARD
  +--> ?PR?_WRITECARDBYIDX?CARD
  +--> ?PR?SAVECARDCOUNT?CARD

?PR?_READCARDBYIDX?CARD                    -----    -----      -----    -----      108EH    0003H
  +--> ?PR?_READBUF_AT24C02?EEPROM

?PR?_WRITECARDBYIDX?CARD                   -----    -----      -----    -----      108BH    0003H
  +--> ?PR?_WRITEBUF_AT24C02?EEPROM

?PR?_CARDDELETEKEY?CARD                    -----    -----      -----    -----      107DH    0003H
  +--> ?PR?_CLEARBUF?DRIVER
  +--> ?PR?_MEMISEMPTY?DRIVER
  +--> ?PR?_DELCARDBYCARD?CARD
  +--> ?PR?_DELCARDBYROOM?CARD
BL51 BANKED LINKER/LOCATER V6.22.2.0                                                  01/18/2022  14:53:23  PAGE 20


  +--> ?PR?SHOWDELETEOK?SYSSTRING
  +--> ?PR?SHOWCONFIRMDEL?SYSSTRING
  +--> ?PR?CARDSETCON?CARD
  +--> ?PR?_SHOWCARD?CARD

?PR?_DELCARDBYCARD?CARD                    -----    -----      -----    -----      1080H    0003H
  +--> ?PR?_DELCARDBYIDX?CARD
  +--> ?PR?_CHECKCARD?CARD

?PR?_DELCARDBYIDX?CARD                     -----    -----      -----    -----      1083H    0008H
  +--> ?PR?SAVECARDCOUNT?CARD
  +--> ?PR?_READCARDBYIDX?CARD
  +--> ?PR?_WRITECARDBYIDX?CARD

?PR?_CHECKCARD?CARD                        -----    -----      -----    -----      1083H    000BH
  +--> ?PR?_READCARDBYIDX?CARD
  +--> ?CO?CARD
  +--> ?PR?PRINTF?PRINTF

?PR?_DELCARDBYROOM?CARD                    -----    -----      -----    -----      1080H    0002H
  +--> ?PR?_DELCARDBYIDX?CARD
  +--> ?PR?_GETIDXBYROOM?SYSSTATUS

?PR?_CARDDELALLKEY?CARD                    -----    -----      -----    -----      -----    -----
  +--> ?PR?CLEARCARD?CARD
  +--> ?PR?SHOWDELETEOK?SYSSTRING
  +--> ?PR?CARDSETCON?CARD

?PR?_SYSTALKKEY?SYSSTATUS                  -----    -----      -----    -----      107DH    0001H
  +--> ?PR?_GSM_SEND_DTMF?GSM
  +--> ?PR?GSM_HUANGUP?GSM
  +--> ?PR?SYSIDLECON?SYSSTATUS
  +--> ?PR?_GSM_SETVOLUM?GSM

?PR?_GSM_SEND_DTMF?GSM                     -----    -----      -----    -----      107EH    000EH
  +--> ?CO?GSM
  +--> ?PR?_PRINTSTRING3?UART

?PR?_SYSSUBSETKEY?SYSSTATUS                -----    -----      -----    -----      107DH    0001H
  +--> ?PR?SHOWSUBPARA?SYSSTATUS
  +--> ?PR?_SAVESUBPARA?SYSSTATUS
  +--> ?PR?SYSSETTINGCON?SYSSTATUS

?PR?_SAVESUBPARA?SYSSTATUS                 -----    -----      -----    -----      107EH    0002H
  +--> ?PR?_WRITEBUF_AT24C02?EEPROM
  +--> ?PR?SHOWSAVEOK?SYSSTRING

?PR?SKEYSCAN?DRIVER                        -----    -----      -----    -----      -----    -----
  +--> ?PR?_UNLOCK?DRIVER
  +--> ?CO?DRIVER
  +--> ?PR?PRINTF?PRINTF
  +--> ?PR?INITSYSPARA?SYSSTATUS
  +--> ?PR?SHOWRESET?SYSSTRING

?PR?SHOWRESET?SYSSTRING                    -----    -----      -----    -----      -----    -----
  +--> ?PR?LCDCLEAR?LCD12864
  +--> ?CO?SYSSTRING
BL51 BANKED LINKER/LOCATER V6.22.2.0                                                  01/18/2022  14:53:23  PAGE 21


  +--> ?PR?_DISPLAYSTRING?LCD12864

?PR?GSM_INITTASK?GSM                       -----    -----      -----    -----      -----    -----
  +--> ?PR?GSM_STARTINIT?GSM
  +--> ?CO?GSM
  +--> ?PR?PRINTF?PRINTF
  +--> ?PR?_PRINTSTRING3?UART
  +--> ?PR?GSM_REPOWER?GSM
  +--> ?PR?GSM_GETCSQ?GSM
  +--> ?PR?GSM_HUANGUP?GSM
  +--> ?PR?_STRLEN?DRIVER
  +--> ?PR?SHOWERR?SYSSTRING
  +--> ?PR?_GSM_SETVOLUM?GSM
  +--> ?PR?_CALLBYNAMEITEM?NAMELIST
  +--> ?PR?SYSIDLECON?SYSSTATUS

?PR?GSM_GETCSQ?GSM                         -----    -----      -----    -----      -----    -----
  +--> ?CO?GSM
  +--> ?PR?PRINTF?PRINTF

?PR?FLASHTASK?LCD12864                     -----    -----      -----    -----      -----    -----
  +--> ?PR?_DISPLAYFL?LCD12864

?PR?_DISPLAYFL?LCD12864                    0020H.0  0000H.1    -----    -----      -----    -----
  +--> ?PR?_LCD_WCMD?LCD12864
  +--> ?PR?_LCD_WDAT?LCD12864

?PR?SHOWTALKTIME?SYSSTRING                 -----    -----      -----    -----      -----    -----
  +--> ?PR?LCDCLEAR?LCD12864
  +--> ?CO?SYSSTRING
  +--> ?PR?_DISPLAYSTRING?LCD12864
  +--> ?PR?PRINTF?PRINTF

?PR?CHECKRFIDCARD?CARDREAD                 -----    -----      -----    -----      107CH    0008H
  +--> ?CO?CARDREAD
  +--> ?PR?PRINTF?PRINTF

?PR?_SYSCARD?SYSSTATUS                     -----    -----      -----    -----      107CH    0003H
  +--> ?PR?_CARDEDITCARDIN?CARD
  +--> ?PR?_CHECKCARD?CARD
  +--> ?PR?_UNLOCK?DRIVER
  +--> ?PR?SHOWCARDERR?SYSSTRING

?PR?_CARDEDITCARDIN?CARD                   -----    -----      -----    -----      107FH    0003H
  +--> ?PR?_HS_MEMCPY?DRIVER
  +--> ?PR?_SHOWCARD?CARD

?PR?SHOWCARDERR?SYSSTRING                  -----    -----      -----    -----      -----    -----
  +--> ?PR?LCDCLEAR?LCD12864
  +--> ?CO?SYSSTRING
  +--> ?PR?_DISPLAYSTRING?LCD12864
  +--> ?PR?_MP3_STARTPLAY?AUDIO

?C_INITSEG                                 -----    -----      -----    -----      -----    -----
  +--> ?CO?GSM
  +--> ?PR?_ATCMDCB_AT?GSM
  +--> ?PR?_ATCMDCB_CPIN?GSM
BL51 BANKED LINKER/LOCATER V6.22.2.0                                                  01/18/2022  14:53:23  PAGE 22


  +--> ?PR?_ATCMDCB_CREG?GSM
  +--> ?PR?_ATCMDCB_CSQ?GSM

?PR?_ATCMDCB_AT?GSM                        -----    -----      -----    -----      -----    -----
  +--> ?CO?GSM
  +--> ?PR?_LOOKFORSTR?DRIVER

?PR?_ATCMDCB_CPIN?GSM                      -----    -----      -----    -----      107CH    0009H
  +--> ?CO?GSM
  +--> ?PR?_LOOKFORSTR?DRIVER
  +--> ?PR?_STRLEN?DRIVER
  +--> ?PR?SCANF?SCANF
  +--> ?PR?PRINTF?PRINTF

?PR?_ATCMDCB_CREG?GSM                      -----    -----      -----    -----      107CH    0009H
  +--> ?CO?GSM
  +--> ?PR?_LOOKFORSTR?DRIVER
  +--> ?PR?_STRLEN?DRIVER
  +--> ?PR?SCANF?SCANF
  +--> ?PR?PRINTF?PRINTF

?PR?_ATCMDCB_CSQ?GSM                       -----    -----      -----    -----      107CH    0009H
  +--> ?CO?GSM
  +--> ?PR?_LOOKFORSTR?DRIVER
  +--> ?PR?_STRLEN?DRIVER
  +--> ?PR?SCANF?SCANF
  +--> ?PR?PRINTF?PRINTF

*** NEW ROOT ***************************************************

?PR?TIMER0_INT?TIMER                       -----    -----      -----    -----      -----    -----
  +--> ?PR?KEYBEEPTASK?AUDIO

*** NEW ROOT ***************************************************

?PR?TIMER4_INT?TIMER                       -----    -----      -----    -----      -----    -----
  +--> ?PR?PWMTASK?AUDIO

*** NEW ROOT ***************************************************

?PR?EXT_INT0?EXTI                          -----    -----      -----    -----      -----    -----
  +--> ?PR?CARDIRQ?CARDREAD



SYMBOL TABLE OF MODULE:  .\Objects\GSM (?C_STARTUP)

  VALUE           TYPE          NAME
  ----------------------------------

  -------         MODULE        ?C_STARTUP
  C:7F2CH         SEGMENT       ?C_C51STARTUP
  I:0024H         SEGMENT       ?STACK
  C:0000H         PUBLIC        ?C_STARTUP
  D:00E0H         SYMBOL        ACC
  D:00F0H         SYMBOL        B
  D:0083H         SYMBOL        DPH
BL51 BANKED LINKER/LOCATER V6.22.2.0                                                  01/18/2022  14:53:23  PAGE 23


  D:0082H         SYMBOL        DPL
  N:0000H         SYMBOL        IBPSTACK
  N:0100H         SYMBOL        IBPSTACKTOP
  N:0080H         SYMBOL        IDATALEN
  C:7F2FH         SYMBOL        IDATALOOP
  N:0000H         SYMBOL        PBPSTACK
  N:0100H         SYMBOL        PBPSTACKTOP
  N:0000H         SYMBOL        PDATALEN
  N:0000H         SYMBOL        PDATASTART
  N:0000H         SYMBOL        PPAGE
  N:0000H         SYMBOL        PPAGEENABLE
  D:00A0H         SYMBOL        PPAGE_SFR
  D:0081H         SYMBOL        SP
  C:7F2CH         SYMBOL        STARTUP1
  N:0000H         SYMBOL        XBPSTACK
  N:0000H         SYMBOL        XBPSTACKTOP
  N:0000H         SYMBOL        XDATALEN
  N:0000H         SYMBOL        XDATASTART
  C:0000H         LINE#         126
  C:7F2CH         LINE#         133
  C:7F2EH         LINE#         134
  C:7F2FH         LINE#         135
  C:7F30H         LINE#         136
  C:7F32H         LINE#         185
  C:7F35H         LINE#         196
  -------         ENDMOD        ?C_STARTUP

  -------         MODULE        MAIN
  C:0000H         SYMBOL        _ICE_DUMMY_
  D:0080H         PUBLIC        P0
  D:0090H         PUBLIC        P1
  D:00A0H         PUBLIC        P2
  D:00B0H         PUBLIC        P3
  D:00C0H         PUBLIC        P4
  D:00C8H         PUBLIC        P5
  B:00A8H.7       PUBLIC        EA
  D:00E8H         PUBLIC        P6
  D:00F8H         PUBLIC        P7
  D:00A8H         PUBLIC        IE
  X:139DH         PUBLIC        MainTime
  D:00B8H         PUBLIC        IP
  D:00D8H         PUBLIC        CCON
  C:4D8CH         PUBLIC        main
  B:0080H.1       PUBLIC        P01
  B:00C0H.0       PUBLIC        P40
  D:0098H         PUBLIC        SCON
  D:0088H         PUBLIC        TCON
  D:00F0H         PUBLIC        B
  D:00E0H         PUBLIC        ACC
  X:139FH         PUBLIC        UsrKey
  D:00D0H         PUBLIC        PSW
  -------         PROC          MAIN
  C:4D8CH         LINE#         18
  C:4D8CH         LINE#         19
  C:4D8CH         LINE#         20
  C:4D93H         LINE#         21
  C:4D95H         LINE#         22
BL51 BANKED LINKER/LOCATER V6.22.2.0                                                  01/18/2022  14:53:23  PAGE 24


  C:4D98H         LINE#         23
  C:4D9BH         LINE#         24
  C:4D9EH         LINE#         25
  C:4DA1H         LINE#         26
  C:4DA4H         LINE#         28
  C:4DA7H         LINE#         29
  C:4DAAH         LINE#         31
  C:4DB1H         LINE#         32
  C:4DB4H         LINE#         33
  C:4DB6H         LINE#         34
  C:4DBDH         LINE#         35
  C:4DC2H         LINE#         36
  C:4DC5H         LINE#         37
  C:4DCCH         LINE#         38
  C:4DCFH         LINE#         39
  C:4DD2H         LINE#         40
  C:4DD5H         LINE#         45
  C:4DD5H         LINE#         46
  C:4DD5H         LINE#         47
  C:4DDBH         LINE#         48
  C:4DDBH         LINE#         50
  C:4DE4H         LINE#         51
  C:4DE7H         LINE#         52
  C:4DE7H         LINE#         53
  C:4DEDH         LINE#         54
  C:4DEDH         LINE#         55
  C:4E04H         LINE#         56
  C:4E15H         LINE#         57
  C:4E18H         LINE#         58
  C:4E18H         LINE#         67
  C:4E1BH         LINE#         69
  C:4E21H         LINE#         70
  C:4E21H         LINE#         71
  C:4E2EH         LINE#         72
  C:4E3AH         LINE#         73
  C:4E3AH         LINE#         74
  C:4E46H         LINE#         75
  C:4E46H         LINE#         76
  C:4E52H         LINE#         77
  C:4E52H         LINE#         78
  C:4E5EH         LINE#         79
  C:4E5EH         LINE#         80
  C:4E63H         LINE#         81
  C:4E63H         LINE#         82
  C:4E69H         LINE#         83
  C:4E69H         LINE#         84
  C:4E6BH         LINE#         86
  C:4E6EH         LINE#         87
  C:4E76H         LINE#         88
  C:4E79H         LINE#         89
  C:4E79H         LINE#         92
  C:4E7EH         LINE#         96
  C:4E8FH         LINE#         97
  C:4E97H         LINE#         98
  C:4E97H         LINE#         99
  C:4E9AH         LINE#         101
  C:4E9DH         LINE#         102
BL51 BANKED LINKER/LOCATER V6.22.2.0                                                  01/18/2022  14:53:23  PAGE 25


  C:4EA0H         LINE#         103
  C:4EA3H         LINE#         104
  C:4EBBH         LINE#         105
  C:4EBBH         LINE#         106
  C:4EC2H         LINE#         107
  C:4EC4H         LINE#         108
  C:4EC7H         LINE#         109
  C:4EE5H         LINE#         110
  C:4EE5H         LINE#         111
  C:4EF3H         LINE#         112
  C:4EF3H         LINE#         113
  C:4EF6H         LINE#         114
  C:4EF6H         LINE#         115
  C:4EF6H         LINE#         116
  C:4EFEH         LINE#         117
  C:4EFEH         LINE#         118
  C:4F01H         LINE#         120
  C:4F19H         LINE#         121
  C:4F19H         LINE#         122
  C:4F1CH         LINE#         123
  C:4F1FH         LINE#         124
  C:4F1FH         LINE#         125
  C:4F1FH         LINE#         127
  C:4F25H         LINE#         128
  C:4F2DH         LINE#         129
  C:4F4BH         LINE#         130
  C:4F4BH         LINE#         131
  C:4F53H         LINE#         132
  C:4F53H         LINE#         142
  C:4F53H         LINE#         144
  C:4F6AH         LINE#         145
  C:4F6AH         LINE#         146
  C:4F78H         LINE#         147
  C:4F7FH         LINE#         148
  C:4F7FH         LINE#         149
  C:4F84H         LINE#         150
  C:4F84H         LINE#         151
  C:4F84H         LINE#         153
  C:4F84H         LINE#         155
  C:4F8FH         LINE#         156
  C:4F8FH         LINE#         161
  C:4F91H         LINE#         162
  C:4F91H         LINE#         163
  C:4F97H         LINE#         164
  C:4F97H         LINE#         165
  C:4F9AH         LINE#         166
  C:4F9DH         LINE#         167
  C:4F9DH         LINE#         169
  C:4FA2H         LINE#         173
  C:4FABH         LINE#         174
  C:4FABH         LINE#         175
  C:4FAEH         LINE#         176
  C:4FAEH         LINE#         177
  -------         ENDPROC       MAIN
  -------         ENDMOD        MAIN

  -------         MODULE        DRIVER
BL51 BANKED LINKER/LOCATER V6.22.2.0                                                  01/18/2022  14:53:23  PAGE 26


  C:0000H         SYMBOL        _ICE_DUMMY_
  D:0080H         PUBLIC        P0
  D:0090H         PUBLIC        P1
  D:00A0H         PUBLIC        P2
  D:00B0H         PUBLIC        P3
  D:00C0H         PUBLIC        P4
  D:00C8H         PUBLIC        P5
  D:00E8H         PUBLIC        P6
  D:00F8H         PUBLIC        P7
  C:9217H         PUBLIC        _ClearBuf
  X:1389H         PUBLIC        DtmfData
  C:7534H         PUBLIC        GPIO_config
  C:8CC4H         PUBLIC        _HS_memcpy
  D:00A8H         PUBLIC        IE
  C:93E3H         PUBLIC        _delay
  C:985EH         PUBLIC        RelayTask
  C:8A4EH         PUBLIC        UART_config
  D:00B8H         PUBLIC        IP
  C:9409H         PUBLIC        _strlen
  D:00D8H         PUBLIC        CCON
  C:89F4H         PUBLIC        _HS_strcpy
  C:6955H         PUBLIC        SkeyScan
  X:138AH         PUBLIC        SkeyStatus
  C:98F3H         PUBLIC        _HBstrlen
  C:6E30H         PUBLIC        KeyScan
  B:00C0H.0       PUBLIC        P40
  B:0080H.4       PUBLIC        P04
  D:0098H         PUBLIC        SCON
  B:00C0H.1       PUBLIC        P41
  B:0080H.5       PUBLIC        P05
  D:0088H         PUBLIC        TCON
  B:0080H.6       PUBLIC        P06
  B:00F8H.0       PUBLIC        P70
  B:00C0H.3       PUBLIC        P43
  B:00F8H.1       PUBLIC        P71
  B:00F8H.2       PUBLIC        P72
  B:00C8H.4       PUBLIC        P54
  B:00F8H.3       PUBLIC        P73
  B:00C8H.5       PUBLIC        P55
  D:00F0H         PUBLIC        B
  X:138BH         PUBLIC        ResetKeyTime
  D:00E0H         PUBLIC        ACC
  X:138DH         PUBLIC        SkeyStatusOld
  C:7262H         PUBLIC        _lookforstr
  C:8B4EH         PUBLIC        Timer_config
  C:0026H         PUBLIC        _Unlock
  C:91E9H         PUBLIC        _MemIsEmpty
  C:9845H         PUBLIC        Exti_config
  D:00D0H         PUBLIC        PSW
  X:138EH         PUBLIC        Rly1Time
  C:9B41H         PUBLIC        _putchar
  -------         PROC          _DELAY
  D:0006H         SYMBOL        t
  -------         DO            
  D:0004H         SYMBOL        i
  D:0002H         SYMBOL        j
  -------         ENDDO         
BL51 BANKED LINKER/LOCATER V6.22.2.0                                                  01/18/2022  14:53:23  PAGE 27


  C:93E3H         LINE#         14
  C:93E3H         LINE#         15
  C:93E3H         LINE#         17
  C:93EAH         LINE#         18
  C:93F3H         LINE#         19
  C:9408H         LINE#         20
  -------         ENDPROC       _DELAY
  -------         PROC          _PUTCHAR
  X:114CH         SYMBOL        ch
  C:9B41H         LINE#         22
  C:9B46H         LINE#         23
  C:9B46H         LINE#         24
  C:9B49H         LINE#         25
  C:9B4EH         LINE#         26
  -------         ENDPROC       _PUTCHAR
  -------         PROC          _STRLEN
  X:1124H         SYMBOL        pch
  -------         DO            
  D:0007H         SYMBOL        len
  -------         ENDDO         
  C:9409H         LINE#         27
  C:9414H         LINE#         28
  C:9414H         LINE#         29
  C:9416H         LINE#         30
  C:942EH         LINE#         31
  C:942EH         LINE#         32
  -------         ENDPROC       _STRLEN
  -------         PROC          _HBSTRLEN
  D:0001H         SYMBOL        pch
  -------         DO            
  D:0007H         SYMBOL        len
  -------         ENDDO         
  C:98F3H         LINE#         33
  C:98F3H         LINE#         34
  C:98F3H         LINE#         35
  C:98F5H         LINE#         36
  C:98FAH         LINE#         37
  C:98FAH         LINE#         38
  C:98FBH         LINE#         39
  C:98FFH         LINE#         40
  C:98FFH         LINE#         41
  C:9900H         LINE#         42
  C:9900H         LINE#         43
  C:9907H         LINE#         44
  C:9909H         LINE#         45
  C:9909H         LINE#         46
  -------         ENDPROC       _HBSTRLEN
  -------         PROC          _LOOKFORSTR
  X:10D5H         SYMBOL        srcBuf
  X:10D8H         SYMBOL        detBuf
  -------         DO            
  X:10DBH         SYMBOL        i
  X:10DDH         SYMBOL        j
  -------         ENDDO         
  C:7262H         LINE#         48
  C:726DH         LINE#         49
  C:726DH         LINE#         51
BL51 BANKED LINKER/LOCATER V6.22.2.0                                                  01/18/2022  14:53:23  PAGE 28


  C:7274H         LINE#         52
  C:7278H         LINE#         53
  C:7297H         LINE#         54
  C:7297H         LINE#         55
  C:72ABH         LINE#         56
  C:72ABH         LINE#         57
  C:72CCH         LINE#         58
  C:72CCH         LINE#         59
  C:730DH         LINE#         60
  C:730DH         LINE#         61
  C:730DH         LINE#         62
  C:730DH         LINE#         63
  C:731DH         LINE#         64
  C:7338H         LINE#         65
  C:7338H         LINE#         66
  C:7341H         LINE#         67
  C:7341H         LINE#         68
  C:7341H         LINE#         69
  C:7352H         LINE#         70
  C:7355H         LINE#         71
  C:7359H         LINE#         72
  -------         ENDPROC       _LOOKFORSTR
  -------         PROC          _CLEARBUF
  X:1124H         SYMBOL        buf
  D:0004H         SYMBOL        len
  C:9217H         LINE#         74
  C:9222H         LINE#         75
  C:9222H         LINE#         76
  C:922CH         LINE#         77
  C:922CH         LINE#         78
  C:9240H         LINE#         79
  C:9242H         LINE#         80
  -------         ENDPROC       _CLEARBUF
  -------         PROC          _HS_MEMCPY
  X:10D0H         SYMBOL        dst
  X:10D3H         SYMBOL        src
  X:10D6H         SYMBOL        len
  C:8CC4H         LINE#         81
  C:8CCFH         LINE#         82
  C:8CCFH         LINE#         83
  C:8CDDH         LINE#         84
  C:8CDDH         LINE#         85
  C:8D05H         LINE#         86
  C:8D07H         LINE#         87
  -------         ENDPROC       _HS_MEMCPY
  -------         PROC          _HS_STRCPY
  X:109CH         SYMBOL        dst
  X:109FH         SYMBOL        src
  -------         DO            
  D:0006H         SYMBOL        i
  -------         ENDDO         
  C:89F4H         LINE#         88
  C:89FFH         LINE#         89
  C:89FFH         LINE#         90
  C:8A02H         LINE#         91
  C:8A12H         LINE#         92
  C:8A12H         LINE#         93
BL51 BANKED LINKER/LOCATER V6.22.2.0                                                  01/18/2022  14:53:23  PAGE 29


  C:8A38H         LINE#         94
  C:8A3DH         LINE#         95
  C:8A3FH         LINE#         96
  -------         ENDPROC       _HS_STRCPY
  -------         PROC          _MEMISEMPTY
  X:10C5H         SYMBOL        buf
  D:0004H         SYMBOL        len
  C:91E9H         LINE#         99
  C:91F4H         LINE#         100
  C:91F4H         LINE#         101
  C:91FEH         LINE#         102
  C:91FEH         LINE#         103
  C:9213H         LINE#         104
  C:9213H         LINE#         105
  C:9215H         LINE#         106
  C:9215H         LINE#         107
  C:9215H         LINE#         108
  C:9216H         LINE#         109
  -------         ENDPROC       _MEMISEMPTY
  -------         PROC          GPIO_CONFIG
  -------         DO            
  X:107CH         SYMBOL        GPIO_InitStructure
  -------         ENDDO         
  C:7534H         LINE#         111
  C:7534H         LINE#         112
  C:7534H         LINE#         114
  C:753AH         LINE#         118
  C:753FH         LINE#         119
  C:754AH         LINE#         121
  C:7555H         LINE#         124
  C:7560H         LINE#         126
  C:7566H         LINE#         127
  C:7571H         LINE#         129
  C:7577H         LINE#         130
  C:7581H         LINE#         132
  C:7587H         LINE#         133
  C:7592H         LINE#         135
  C:7598H         LINE#         136
  C:75A3H         LINE#         138
  C:75A9H         LINE#         139
  C:75B4H         LINE#         142
  C:75BAH         LINE#         144
  C:75BEH         LINE#         145
  C:75C9H         LINE#         147
  C:75CFH         LINE#         148
  C:75DAH         LINE#         150
  C:75E0H         LINE#         151
  C:75EBH         LINE#         153
  C:75F1H         LINE#         154
  C:75FCH         LINE#         156
  C:7602H         LINE#         157
  C:760DH         LINE#         159
  C:760FH         LINE#         160
  C:7611H         LINE#         162
  C:7613H         LINE#         163
  C:7615H         LINE#         164
  C:7617H         LINE#         166
BL51 BANKED LINKER/LOCATER V6.22.2.0                                                  01/18/2022  14:53:23  PAGE 30


  C:7619H         LINE#         167
  C:761BH         LINE#         170
  -------         ENDPROC       GPIO_CONFIG
  -------         PROC          UART_CONFIG
  -------         DO            
  X:107CH         SYMBOL        COMx_InitStructure
  -------         ENDDO         
  C:8A4EH         LINE#         172
  C:8A4EH         LINE#         173
  C:8A4EH         LINE#         175
  C:8A54H         LINE#         176
  C:8A58H         LINE#         177
  C:8A60H         LINE#         178
  C:8A66H         LINE#         179
  C:8A69H         LINE#         180
  C:8A6CH         LINE#         181
  C:8A6EH         LINE#         182
  C:8A71H         LINE#         183
  C:8A7CH         LINE#         184
  C:8A85H         LINE#         187
  C:8A8BH         LINE#         188
  C:8A96H         LINE#         189
  C:8A9BH         LINE#         190
  -------         ENDPROC       UART_CONFIG
  -------         PROC          TIMER_CONFIG
  -------         DO            
  X:107CH         SYMBOL        TIM_InitStructure
  -------         ENDDO         
  C:8B4EH         LINE#         203
  C:8B4EH         LINE#         204
  C:8B4EH         LINE#         206
  C:8B53H         LINE#         207
  C:8B55H         LINE#         208
  C:8B58H         LINE#         209
  C:8B5BH         LINE#         210
  C:8B5DH         LINE#         211
  C:8B65H         LINE#         212
  C:8B69H         LINE#         214
  C:8B73H         LINE#         216
  C:8B7DH         LINE#         217
  C:8B88H         LINE#         219
  C:8B92H         LINE#         220
  -------         ENDPROC       TIMER_CONFIG
  -------         PROC          EXTI_CONFIG
  -------         DO            
  X:107CH         SYMBOL        Exti_InitStructure
  -------         ENDDO         
  C:9845H         LINE#         224
  C:9845H         LINE#         225
  C:9845H         LINE#         228
  C:984BH         LINE#         229
  C:9850H         LINE#         230
  C:9854H         LINE#         231
  -------         ENDPROC       EXTI_CONFIG
  -------         PROC          KEYSCAN
  -------         DO            
  X:1385H         SYMBOL        KeyStep
BL51 BANKED LINKER/LOCATER V6.22.2.0                                                  01/18/2022  14:53:23  PAGE 31


  X:1386H         SYMBOL        KeyTime
  X:107CH         SYMBOL        key
  -------         ENDDO         
  C:6E30H         LINE#         238
  C:6E30H         LINE#         239
  C:6E30H         LINE#         243
  C:6E50H         LINE#         244
  C:6E50H         LINE#         245
  C:6E50H         LINE#         246
  C:6E53H         LINE#         247
  C:6E5EH         LINE#         248
  C:6E5EH         LINE#         249
  C:6E64H         LINE#         250
  C:6E6AH         LINE#         251
  C:6E6AH         LINE#         252
  C:6E6DH         LINE#         253
  C:6E6DH         LINE#         254
  C:6E75H         LINE#         255
  C:6E75H         LINE#         256
  C:6E75H         LINE#         257
  C:6E78H         LINE#         258
  C:6E83H         LINE#         259
  C:6E83H         LINE#         260
  C:6E89H         LINE#         261
  C:6E89H         LINE#         262
  C:6E8CH         LINE#         263
  C:6E8CH         LINE#         264
  C:6E94H         LINE#         265
  C:6E97H         LINE#         266
  C:6E9DH         LINE#         267
  C:6EA0H         LINE#         268
  C:6EA0H         LINE#         269
  C:6EA6H         LINE#         270
  C:6EA9H         LINE#         271
  C:6EAFH         LINE#         272
  C:6EEAH         LINE#         273
  C:6EEAH         LINE#         274
  C:6EEAH         LINE#         275
  C:6EEDH         LINE#         276
  C:6EEDH         LINE#         277
  C:6EF0H         LINE#         278
  C:6EF0H         LINE#         279
  C:6EF3H         LINE#         280
  C:6EF3H         LINE#         281
  C:6EF6H         LINE#         282
  C:6EF6H         LINE#         283
  C:6EF9H         LINE#         284
  C:6EF9H         LINE#         285
  C:6EFCH         LINE#         286
  C:6EFCH         LINE#         287
  C:6EFFH         LINE#         288
  C:6EFFH         LINE#         289
  C:6F02H         LINE#         290
  C:6F02H         LINE#         291
  C:6F05H         LINE#         292
  C:6F05H         LINE#         293
  C:6F08H         LINE#         294
BL51 BANKED LINKER/LOCATER V6.22.2.0                                                  01/18/2022  14:53:23  PAGE 32


  C:6F08H         LINE#         295
  C:6F0BH         LINE#         296
  C:6F0BH         LINE#         297
  C:6F0EH         LINE#         298
  C:6F0EH         LINE#         299
  C:6F11H         LINE#         300
  C:6F11H         LINE#         301
  C:6F14H         LINE#         302
  C:6F14H         LINE#         303
  C:6F17H         LINE#         304
  C:6F17H         LINE#         305
  C:6F1AH         LINE#         306
  C:6F1AH         LINE#         307
  C:6F1AH         LINE#         308
  C:6F1AH         LINE#         309
  C:6F22H         LINE#         310
  C:6F22H         LINE#         311
  C:6F28H         LINE#         312
  C:6F2CH         LINE#         313
  C:6F2CH         LINE#         314
  C:6F2EH         LINE#         315
  C:6F2EH         LINE#         316
  C:6F36H         LINE#         317
  C:6F36H         LINE#         318
  C:6F3CH         LINE#         319
  C:6F3EH         LINE#         320
  C:6F46H         LINE#         321
  C:6F46H         LINE#         322
  C:6F4AH         LINE#         323
  C:6F4AH         LINE#         324
  C:6F4AH         LINE#         326
  C:6F4AH         LINE#         327
  C:6F4CH         LINE#         328
  -------         ENDPROC       KEYSCAN
  -------         PROC          SKEYSCAN
  -------         DO            
  X:1387H         SYMBOL        SkeyStep
  X:1388H         SYMBOL        SkeyTime
  D:0007H         SYMBOL        key
[...]
  D:0005H         SYMBOL        TIM
  D:0001H         SYMBOL        TIMx
  C:4FB1H         LINE#         63
  C:4FB3H         LINE#         64
  C:4FB3H         LINE#         66
  C:4FB9H         LINE#         67
  C:4FB9H         LINE#         68
  C:4FBBH         LINE#         69
  C:4FC9H         LINE#         70
  C:4FCBH         LINE#         71
  C:4FDEH         LINE#         72
  C:500AH         LINE#         74
  C:501AH         LINE#         75
  C:5021H         LINE#         76
  C:5031H         LINE#         77
  C:5038H         LINE#         78
  C:5043H         LINE#         79
  C:5046H         LINE#         80
  C:5055H         LINE#         81
  C:5058H         LINE#         83
  C:506AH         LINE#         84
  C:5076H         LINE#         85
  C:5079H         LINE#         86
  C:5079H         LINE#         89
  C:5081H         LINE#         90
  C:5081H         LINE#         91
  C:5083H         LINE#         92
  C:5091H         LINE#         93
  C:5093H         LINE#         94
  C:50A6H         LINE#         95
  C:50D2H         LINE#         96
  C:50E2H         LINE#         97
  C:50E9H         LINE#         98
  C:50F9H         LINE#         99
  C:5100H         LINE#         100
  C:510BH         LINE#         101
BL51 BANKED LINKER/LOCATER V6.22.2.0                                                  01/18/2022  14:53:23  PAGE 132


  C:510EH         LINE#         102
  C:511DH         LINE#         103
  C:5120H         LINE#         105
  C:5132H         LINE#         106
  C:513EH         LINE#         107
  C:5141H         LINE#         108
  C:5141H         LINE#         149
  C:5149H         LINE#         150
  C:5149H         LINE#         151
  C:514CH         LINE#         152
  C:515BH         LINE#         153
  C:515EH         LINE#         154
  C:5173H         LINE#         155
  C:517CH         LINE#         156
  C:5187H         LINE#         157
  C:5196H         LINE#         158
  C:5199H         LINE#         159
  C:51A8H         LINE#         160
  C:51ABH         LINE#         162
  C:51BBH         LINE#         163
  C:51C8H         LINE#         164
  C:51CBH         LINE#         165
  C:51CBH         LINE#         167
  C:51CDH         LINE#         168
  -------         ENDPROC       _TIMER_INILIZE
  -------         ENDMOD        TIMER

  -------         MODULE        GPIO
  C:0000H         SYMBOL        _ICE_DUMMY_
  D:0093H         PUBLIC        P0M1
  D:0092H         PUBLIC        P1M0
  D:0096H         PUBLIC        P2M0
  D:0091H         PUBLIC        P1M1
  D:0080H         PUBLIC        P0
  D:00B2H         PUBLIC        P3M0
  D:0095H         PUBLIC        P2M1
  D:0090H         PUBLIC        P1
  D:00B4H         PUBLIC        P4M0
  D:00B1H         PUBLIC        P3M1
  D:00A0H         PUBLIC        P2
  D:00CAH         PUBLIC        P5M0
  D:00B3H         PUBLIC        P4M1
  D:00B0H         PUBLIC        P3
  D:00CCH         PUBLIC        P6M0
  D:00C9H         PUBLIC        P5M1
  D:00C0H         PUBLIC        P4
  D:00E2H         PUBLIC        P7M0
  D:00CBH         PUBLIC        P6M1
  D:00C8H         PUBLIC        P5
  D:00E8H         PUBLIC        P6
  D:00E1H         PUBLIC        P7M1
  D:00F8H         PUBLIC        P7
  D:00A8H         PUBLIC        IE
  D:00B8H         PUBLIC        IP
  D:00D8H         PUBLIC        CCON
  D:0098H         PUBLIC        SCON
  D:0088H         PUBLIC        TCON
BL51 BANKED LINKER/LOCATER V6.22.2.0                                                  01/18/2022  14:53:23  PAGE 133


  D:00F0H         PUBLIC        B
  D:00E0H         PUBLIC        ACC
  C:4447H         PUBLIC        _GPIO_Inilize
  D:00D0H         PUBLIC        PSW
  D:0094H         PUBLIC        P0M0
  -------         PROC          _GPIO_INILIZE
  D:0007H         SYMBOL        GPIO
  D:0001H         SYMBOL        GPIOx
  C:4447H         LINE#         10
  C:4447H         LINE#         11
  C:4447H         LINE#         12
  C:4454H         LINE#         13
  C:4464H         LINE#         14
  C:4467H         LINE#         15
  C:4467H         LINE#         16
  C:4475H         LINE#         17
  C:4487H         LINE#         18
  C:4499H         LINE#         19
  C:44ABH         LINE#         20
  C:44ABH         LINE#         21
  C:44B0H         LINE#         22
  C:44B0H         LINE#         23
  C:44C1H         LINE#         24
  C:44D1H         LINE#         25
  C:44E2H         LINE#         26
  C:44F6H         LINE#         27
  C:44F6H         LINE#         28
  C:44FBH         LINE#         29
  C:44FBH         LINE#         30
  C:450CH         LINE#         31
  C:451CH         LINE#         32
  C:452DH         LINE#         33
  C:4541H         LINE#         34
  C:4541H         LINE#         35
  C:4546H         LINE#         36
  C:4546H         LINE#         37
  C:4557H         LINE#         38
  C:4567H         LINE#         39
  C:4578H         LINE#         40
  C:458CH         LINE#         41
  C:458CH         LINE#         42
  C:4591H         LINE#         43
  C:4591H         LINE#         44
  C:45A2H         LINE#         45
  C:45B2H         LINE#         46
  C:45C3H         LINE#         47
  C:45D7H         LINE#         48
  C:45D7H         LINE#         49
  C:45DCH         LINE#         50
  C:45DCH         LINE#         51
  C:45EDH         LINE#         52
  C:45FDH         LINE#         53
  C:460EH         LINE#         54
  C:4622H         LINE#         55
  C:4622H         LINE#         56
  C:4627H         LINE#         57
  C:4627H         LINE#         58
BL51 BANKED LINKER/LOCATER V6.22.2.0                                                  01/18/2022  14:53:23  PAGE 134


  C:4638H         LINE#         59
  C:4648H         LINE#         60
  C:4659H         LINE#         61
  C:466DH         LINE#         62
  C:466DH         LINE#         63
  C:4672H         LINE#         64
  C:4672H         LINE#         65
  C:4685H         LINE#         66
  C:4696H         LINE#         67
  C:46A7H         LINE#         68
  C:46BBH         LINE#         69
  C:46BBH         LINE#         70
  C:46BDH         LINE#         71
  -------         ENDPROC       _GPIO_INILIZE
  -------         ENDMOD        GPIO

  -------         MODULE        EXTI
  C:0000H         SYMBOL        _ICE_DUMMY_
  D:0080H         PUBLIC        P0
  D:0090H         PUBLIC        P1
  D:00A0H         PUBLIC        P2
  D:00B0H         PUBLIC        P3
  D:00C0H         PUBLIC        P4
  D:00C8H         PUBLIC        P5
  D:00E8H         PUBLIC        P6
  D:00F8H         PUBLIC        P7
  D:00A8H         PUBLIC        IE
  D:00B8H         PUBLIC        IP
  D:00D8H         PUBLIC        CCON
  C:8DCEH         PUBLIC        Ext_INT0
  D:0098H         PUBLIC        SCON
  D:0088H         PUBLIC        TCON
  B:0088H.1       PUBLIC        IE0
  D:00F0H         PUBLIC        B
  D:00E0H         PUBLIC        ACC
  B:00A8H.0       PUBLIC        EX0
  B:0088H.0       PUBLIC        IT0
  B:00B8H.0       PUBLIC        PX0
  D:00B7H         PUBLIC        IPH
  C:8640H         PUBLIC        _Ext_Inilize
  D:00D0H         PUBLIC        PSW
  -------         PROC          EXT_INT0
  C:8DCEH         LINE#         8
  C:8DEBH         LINE#         11
  C:8DEEH         LINE#         12
  C:8DF3H         LINE#         13
  -------         ENDPROC       EXT_INT0
  -------         PROC          _EXT_INILIZE
  D:0007H         SYMBOL        EXT
  D:0001H         SYMBOL        INTx
  C:8640H         LINE#         51
  C:8640H         LINE#         52
  C:8640H         LINE#         55
  C:8643H         LINE#         56
  C:8643H         LINE#         57
  C:8645H         LINE#         58
  C:8653H         LINE#         59
BL51 BANKED LINKER/LOCATER V6.22.2.0                                                  01/18/2022  14:53:23  PAGE 135


  C:8655H         LINE#         60
  C:866AH         LINE#         61
  C:869FH         LINE#         62
  C:86AAH         LINE#         63
  C:86ACH         LINE#         64
  C:86AFH         LINE#         65
  C:86AFH         LINE#         104
  C:86B1H         LINE#         105
  -------         ENDPROC       _EXT_INILIZE
  -------         ENDMOD        EXTI

  -------         MODULE        SPI
  C:0000H         SYMBOL        _ICE_DUMMY_
  D:0080H         PUBLIC        P0
  D:0090H         PUBLIC        P1
  C:8B9DH         PUBLIC        SPI_Transivion
  D:00A0H         PUBLIC        P2
  D:00B0H         PUBLIC        P3
  D:00C0H         PUBLIC        P4
  D:00C8H         PUBLIC        P5
  D:00E8H         PUBLIC        P6
  D:00F8H         PUBLIC        P7
  D:00CEH         PUBLIC        SPCTL
  D:00A2H         PUBLIC        P_SW1
  D:00A8H         PUBLIC        IE
  B:0023H.4       PUBLIC        B_SPI_Busy
  D:00B8H         PUBLIC        IP
  C:7C48H         PUBLIC        _SPI_Flash_Read
  D:00D8H         PUBLIC        CCON
  D:0098H         PUBLIC        SCON
  D:0088H         PUBLIC        TCON
  B:00F8H.4       PUBLIC        P74
  X:114DH         PUBLIC        SPI_RxCnt
  D:00AFH         PUBLIC        IE2
  D:00F0H         PUBLIC        B
  D:00E0H         PUBLIC        ACC
  X:114EH         PUBLIC        SPI_RxTimerOut
  D:00CDH         PUBLIC        SPSTAT
  C:7B12H         PUBLIC        _SPI_Init
  C:9821H         PUBLIC        _SPI_ReadWriteByte
  X:114FH         PUBLIC        SPI_RxBuffer
  D:00D0H         PUBLIC        PSW
  D:00CFH         PUBLIC        SPDAT
  -------         PROC          _SPI_INIT
  D:0001H         SYMBOL        SPIx
  C:7B12H         LINE#         29
  C:7B12H         LINE#         30
  C:7B12H         LINE#         31
  C:7B21H         LINE#         32
  C:7B24H         LINE#         33
  C:7B30H         LINE#         34
  C:7B33H         LINE#         35
  C:7B42H         LINE#         36
  C:7B45H         LINE#         37
  C:7B52H         LINE#         38
  C:7B55H         LINE#         39
  C:7B64H         LINE#         40
BL51 BANKED LINKER/LOCATER V6.22.2.0                                                  01/18/2022  14:53:23  PAGE 136


  C:7B67H         LINE#         41
  C:7B74H         LINE#         42
  C:7B77H         LINE#         43
  C:7B86H         LINE#         44
  C:7B89H         LINE#         45
  C:7B99H         LINE#         46
  C:7BA7H         LINE#         48
  C:7BACH         LINE#         49
  C:7BAEH         LINE#         50
  -------         ENDPROC       _SPI_INIT
  -------         PROC          SPI_TRANSIVION
  C:8B9DH         LINE#         96
  C:8BAAH         LINE#         98
  C:8BAFH         LINE#         99
  C:8BAFH         LINE#         100
  C:8BB1H         LINE#         101
  C:8BB3H         LINE#         103
  C:8BB3H         LINE#         104
  C:8BC2H         LINE#         105
  C:8BD6H         LINE#         106
  C:8BDCH         LINE#         107
  C:8BDCH         LINE#         108
  C:8BDFH         LINE#         109
  -------         ENDPROC       SPI_TRANSIVION
  -------         PROC          L?0028
  -------         ENDPROC       L?0028
  -------         PROC          _SPI_READWRITEBYTE
  D:0007H         SYMBOL        dat
  C:9821H         LINE#         111
  C:9821H         LINE#         112
  C:9821H         LINE#         113
  C:9823H         LINE#         114
  C:9825H         LINE#         115
  C:9828H         LINE#         116
  C:982AH         LINE#         117
  C:982AH         LINE#         118
  -------         ENDPROC       _SPI_READWRITEBYTE
  -------         PROC          _SPI_FLASH_READ
  X:112CH         SYMBOL        pBuffer
  X:112FH         SYMBOL        ReadAddr
  X:1133H         SYMBOL        NumByteToRead
  -------         DO            
  X:1135H         SYMBOL        i
  X:1137H         SYMBOL        tmp
  -------         ENDDO         
  C:7C48H         LINE#         139
  C:7C57H         LINE#         140
  C:7C57H         LINE#         141
  C:7C57H         LINE#         142
  C:7C59H         LINE#         143
  C:7C60H         LINE#         144
  C:7C65H         LINE#         145
  C:7C6AH         LINE#         146
  C:7C6FH         LINE#         147
  C:7C7AH         LINE#         148
  C:7C96H         LINE#         149
  C:7C96H         LINE#         150
BL51 BANKED LINKER/LOCATER V6.22.2.0                                                  01/18/2022  14:53:23  PAGE 137


  C:7CA7H         LINE#         151
  C:7CCEH         LINE#         152
  C:7CDEH         LINE#         153
  C:7CE0H         LINE#         154
  -------         ENDPROC       _SPI_FLASH_READ
  -------         ENDMOD        SPI

  -------         MODULE        ?C?COPY
  C:09B6H         PUBLIC        ?C?COPY
  -------         ENDMOD        ?C?COPY

  -------         MODULE        ?C?CLDPTR
  C:09DCH         PUBLIC        ?C?CLDPTR
  -------         ENDMOD        ?C?CLDPTR

  -------         MODULE        ?C?CLDOPTR
  C:09F5H         PUBLIC        ?C?CLDOPTR
  -------         ENDMOD        ?C?CLDOPTR

  -------         MODULE        ?C?CSTPTR
  C:0A22H         PUBLIC        ?C?CSTPTR
  -------         ENDMOD        ?C?CSTPTR

  -------         MODULE        ?C?CSTOPTR
  C:0A34H         PUBLIC        ?C?CSTOPTR
  -------         ENDMOD        ?C?CSTOPTR

  -------         MODULE        ?C?IMUL
  C:0A56H         PUBLIC        ?C?IMUL
  -------         ENDMOD        ?C?IMUL

  -------         MODULE        ?C?UIDIV
  C:0A68H         PUBLIC        ?C?UIDIV
  -------         ENDMOD        ?C?UIDIV

  -------         MODULE        ?C?IILDX
  C:0ABDH         PUBLIC        ?C?IILDX
  -------         ENDMOD        ?C?IILDX

  -------         MODULE        ?C?ILDIX
  C:0AD3H         PUBLIC        ?C?ILDIX
  -------         ENDMOD        ?C?ILDIX

  -------         MODULE        ?C?ILDPTR
  C:0AE9H         PUBLIC        ?C?ILDPTR
  -------         ENDMOD        ?C?ILDPTR

  -------         MODULE        ?C?ILDOPTR
  C:0B14H         PUBLIC        ?C?ILDOPTR
  -------         ENDMOD        ?C?ILDOPTR

  -------         MODULE        ?C?LMUL
  C:0B4CH         PUBLIC        ?C?LMUL
  -------         ENDMOD        ?C?LMUL

  -------         MODULE        ?C?ULDIV
  C:0BD7H         PUBLIC        ?C?ULDIV
BL51 BANKED LINKER/LOCATER V6.22.2.0                                                  01/18/2022  14:53:23  PAGE 138


  -------         ENDMOD        ?C?ULDIV

  -------         MODULE        ?C?ULCMP
  C:0C69H         PUBLIC        ?C?ULCMP
  -------         ENDMOD        ?C?ULCMP

  -------         MODULE        ?C?ULSHR
  C:0C7AH         PUBLIC        ?C?ULSHR
  -------         ENDMOD        ?C?ULSHR

  -------         MODULE        ?C?LSHL
  C:0C8DH         PUBLIC        ?C?LSHL
  -------         ENDMOD        ?C?LSHL

  -------         MODULE        ?C?LLDOPTR
  C:0CA0H         PUBLIC        ?C?LLDOPTR
  -------         ENDMOD        ?C?LLDOPTR

  -------         MODULE        ?C?LLDOPTR0
  C:0CD0H         PUBLIC        ?C?LLDOPTR0
  -------         ENDMOD        ?C?LLDOPTR0

  -------         MODULE        ?C?LSTXDATA
  C:0D00H         PUBLIC        ?C?LSTXDATA
  -------         ENDMOD        ?C?LSTXDATA

  -------         MODULE        ?C?LSTKXDATA
  C:0D0CH         PUBLIC        ?C?LSTKXDATA
  -------         ENDMOD        ?C?LSTKXDATA

  -------         MODULE        ?C?OFFXADD
  C:0D3DH         PUBLIC        ?C?OFFXADD
  -------         ENDMOD        ?C?OFFXADD

  -------         MODULE        ?C?CCASE
  C:0D49H         PUBLIC        ?C?CCASE
  -------         ENDMOD        ?C?CCASE

  -------         MODULE        ?C?ICALL
  C:0D6FH         PUBLIC        ?C?ICALL
  C:0D73H         PUBLIC        ?C?ICALL2
  -------         ENDMOD        ?C?ICALL

  -------         MODULE        PRINTF
  X:1124H         PUBLIC        ?_PRINTF517?BYTE
  X:1124H         PUBLIC        ?_PRINTF?BYTE
  X:1124H         PUBLIC        ?_SPRINTF517?BYTE
  X:1124H         PUBLIC        ?_SPRINTF?BYTE
  C:2F17H         PUBLIC        _PRINTF
  C:2F17H         PUBLIC        _PRINTF517
  C:2F11H         PUBLIC        _SPRINTF
  C:2F11H         PUBLIC        _SPRINTF517
  -------         ENDMOD        PRINTF

  -------         MODULE        SCANF
  X:10D5H         PUBLIC        ?_SCANF517?BYTE
  X:10D5H         PUBLIC        ?_SCANF?BYTE
BL51 BANKED LINKER/LOCATER V6.22.2.0                                                  01/18/2022  14:53:23  PAGE 139


  X:10D5H         PUBLIC        ?_SSCANF517?BYTE
  X:10D5H         PUBLIC        ?_SSCANF?BYTE
  C:3C5AH         PUBLIC        _SCANF
  C:3C5AH         PUBLIC        _SCANF517
  C:3C56H         PUBLIC        _SSCANF
  C:3C56H         PUBLIC        _SSCANF517
  -------         ENDMOD        SCANF

  -------         MODULE        ?C?ISTPTR
  C:0D75H         PUBLIC        ?C?ISTPTR
  -------         ENDMOD        ?C?ISTPTR

  -------         MODULE        ?C?LNEG
  C:0D94H         PUBLIC        ?C?LNEG
  -------         ENDMOD        ?C?LNEG

  -------         MODULE        ?C?LSTPTR
  C:0DA2H         PUBLIC        ?C?LSTPTR
  -------         ENDMOD        ?C?LSTPTR

  -------         MODULE        ?C?LLDIDATA
  C:0DBCH         PUBLIC        ?C?LLDIDATA
  -------         ENDMOD        ?C?LLDIDATA

  -------         MODULE        ?C?LLDXDATA
  C:0DC8H         PUBLIC        ?C?LLDXDATA
  -------         ENDMOD        ?C?LLDXDATA

  -------         MODULE        ?C?LLDPDATA
  C:0DD4H         PUBLIC        ?C?LLDPDATA
  -------         ENDMOD        ?C?LLDPDATA

  -------         MODULE        ?C?LLDCODE
  C:0DE0H         PUBLIC        ?C?LLDCODE
  -------         ENDMOD        ?C?LLDCODE

  -------         MODULE        ?C?LLDIDATA0
  C:0DF0H         PUBLIC        ?C?LLDIDATA0
  -------         ENDMOD        ?C?LLDIDATA0

  -------         MODULE        ?C?LLDXDATA0
  C:0DFDH         PUBLIC        ?C?LLDXDATA0
  -------         ENDMOD        ?C?LLDXDATA0

  -------         MODULE        ?C?LLDPDATA0
  C:0E09H         PUBLIC        ?C?LLDPDATA0
  -------         ENDMOD        ?C?LLDPDATA0

  -------         MODULE        ?C?LLDCODE0
  C:0E16H         PUBLIC        ?C?LLDCODE0
  -------         ENDMOD        ?C?LLDCODE0

  -------         MODULE        ?C?PLDXDATA
  C:0E26H         PUBLIC        ?C?PLDXDATA
  -------         ENDMOD        ?C?PLDXDATA

  -------         MODULE        ?C?PLDIXDATA
BL51 BANKED LINKER/LOCATER V6.22.2.0                                                  01/18/2022  14:53:23  PAGE 140


  C:0E2FH         PUBLIC        ?C?PLDIXDATA
  -------         ENDMOD        ?C?PLDIXDATA

  -------         MODULE        ?C?PILDXDATA
  C:0E46H         PUBLIC        ?C?PILDXDATA
  -------         ENDMOD        ?C?PILDXDATA

  -------         MODULE        ?C?PSTXDATA
  C:0E5DH         PUBLIC        ?C?PSTXDATA
  -------         ENDMOD        ?C?PSTXDATA

  -------         MODULE        GETCHAR
  B:0023H.5       PUBLIC        ?C?CHARLOADED
  X:13A4H         PUBLIC        ?_UNGETCHAR?BYTE
  C:9A2AH         PUBLIC        GETCHAR
  -------         ENDMOD        GETCHAR

  -------         MODULE        UNGETC
  C:9B76H         PUBLIC        _UNGETCHAR
  -------         ENDMOD        UNGETC

  -------         MODULE        ISSPACE
  C:9A3EH         PUBLIC        _isspace
  -------         ENDMOD        ISSPACE

  -------         MODULE        ?C?LSTIDATA
  C:0E66H         PUBLIC        ?C?LSTIDATA
  -------         ENDMOD        ?C?LSTIDATA

  -------         MODULE        ?C?LSTPDATA
  C:0E72H         PUBLIC        ?C?LSTPDATA
  -------         ENDMOD        ?C?LSTPDATA

  -------         MODULE        _GETKEY
  C:9B63H         PUBLIC        _GETKEY
  -------         ENDMOD        _GETKEY

*** WARNING L16: UNCALLED SEGMENT, IGNORED FOR OVERLAY PROCESS
    SEGMENT: ?PR?_DISPLAYCSQ?LCD12864

*** WARNING L16: UNCALLED SEGMENT, IGNORED FOR OVERLAY PROCESS
    SEGMENT: ?PR?_ATCMDCB_CLCC?GSM

*** WARNING L16: UNCALLED SEGMENT, IGNORED FOR OVERLAY PROCESS
    SEGMENT: ?PR?_GETPSWBYROOM?UNLOCKPASSWORD

Program Size: data=17.6 xdata=5029 code=39793
LINK/LOCATE RUN COMPLETE.  3 WARNING(S),  0 ERROR(S)
